Archive member included to satisfy reference by file (symbol)

c:/st/stm32cubeide_1.6.1/stm32cubeide/plugins/com.st.stm32cube.ide.mcu.externaltools.gnu-tools-for-stm32.9-2020-q2-update.win32_1.5.0.202011040924/tools/bin/../lib/gcc/arm-none-eabi/9.3.1/../../../../arm-none-eabi/lib/thumb/v7-m/nofp\libstdc++_nano.a(del_op.o)
                              Core/Src/main.o (operator delete(void*))
c:/st/stm32cubeide_1.6.1/stm32cubeide/plugins/com.st.stm32cube.ide.mcu.externaltools.gnu-tools-for-stm32.9-2020-q2-update.win32_1.5.0.202011040924/tools/bin/../lib/gcc/arm-none-eabi/9.3.1/../../../../arm-none-eabi/lib/thumb/v7-m/nofp\libstdc++_nano.a(new_op.o)
                              Core/Src/main.o (operator new(unsigned int))
c:/st/stm32cubeide_1.6.1/stm32cubeide/plugins/com.st.stm32cube.ide.mcu.externaltools.gnu-tools-for-stm32.9-2020-q2-update.win32_1.5.0.202011040924/tools/bin/../lib/gcc/arm-none-eabi/9.3.1/../../../../arm-none-eabi/lib/thumb/v7-m/nofp\libstdc++_nano.a(functexcept.o)
                              Core/Src/main.o (std::__throw_bad_alloc())
c:/st/stm32cubeide_1.6.1/stm32cubeide/plugins/com.st.stm32cube.ide.mcu.externaltools.gnu-tools-for-stm32.9-2020-q2-update.win32_1.5.0.202011040924/tools/bin/../lib/gcc/arm-none-eabi/9.3.1/../../../../arm-none-eabi/lib/thumb/v7-m/nofp\libstdc++_nano.a(snprintf_lite.o)
                              c:/st/stm32cubeide_1.6.1/stm32cubeide/plugins/com.st.stm32cube.ide.mcu.externaltools.gnu-tools-for-stm32.9-2020-q2-update.win32_1.5.0.202011040924/tools/bin/../lib/gcc/arm-none-eabi/9.3.1/../../../../arm-none-eabi/lib/thumb/v7-m/nofp\libstdc++_nano.a(functexcept.o) (__gnu_cxx::__snprintf_lite(char*, unsigned int, char const*, std::__va_list))
c:/st/stm32cubeide_1.6.1/stm32cubeide/plugins/com.st.stm32cube.ide.mcu.externaltools.gnu-tools-for-stm32.9-2020-q2-update.win32_1.5.0.202011040924/tools/bin/../lib/gcc/arm-none-eabi/9.3.1/../../../../arm-none-eabi/lib/thumb/v7-m/nofp\libstdc++_nano.a(new_handler.o)
                              c:/st/stm32cubeide_1.6.1/stm32cubeide/plugins/com.st.stm32cube.ide.mcu.externaltools.gnu-tools-for-stm32.9-2020-q2-update.win32_1.5.0.202011040924/tools/bin/../lib/gcc/arm-none-eabi/9.3.1/../../../../arm-none-eabi/lib/thumb/v7-m/nofp\libstdc++_nano.a(new_op.o) (std::get_new_handler())
c:/st/stm32cubeide_1.6.1/stm32cubeide/plugins/com.st.stm32cube.ide.mcu.externaltools.gnu-tools-for-stm32.9-2020-q2-update.win32_1.5.0.202011040924/tools/bin/../lib/gcc/arm-none-eabi/9.3.1/../../../../arm-none-eabi/lib/thumb/v7-m/nofp\libm.a(lib_a-w_exp.o)
                              modular_robots/modular_ws/src/controller/include/src/LowPassFilter.o (exp)
c:/st/stm32cubeide_1.6.1/stm32cubeide/plugins/com.st.stm32cube.ide.mcu.externaltools.gnu-tools-for-stm32.9-2020-q2-update.win32_1.5.0.202011040924/tools/bin/../lib/gcc/arm-none-eabi/9.3.1/../../../../arm-none-eabi/lib/thumb/v7-m/nofp\libm.a(lib_a-wf_asin.o)
                              Core/Src/main.o (asinf)
c:/st/stm32cubeide_1.6.1/stm32cubeide/plugins/com.st.stm32cube.ide.mcu.externaltools.gnu-tools-for-stm32.9-2020-q2-update.win32_1.5.0.202011040924/tools/bin/../lib/gcc/arm-none-eabi/9.3.1/../../../../arm-none-eabi/lib/thumb/v7-m/nofp\libm.a(lib_a-wf_sqrt.o)
                              Core/Src/main.o (sqrtf)
c:/st/stm32cubeide_1.6.1/stm32cubeide/plugins/com.st.stm32cube.ide.mcu.externaltools.gnu-tools-for-stm32.9-2020-q2-update.win32_1.5.0.202011040924/tools/bin/../lib/gcc/arm-none-eabi/9.3.1/../../../../arm-none-eabi/lib/thumb/v7-m/nofp\libm.a(lib_a-e_exp.o)
                              c:/st/stm32cubeide_1.6.1/stm32cubeide/plugins/com.st.stm32cube.ide.mcu.externaltools.gnu-tools-for-stm32.9-2020-q2-update.win32_1.5.0.202011040924/tools/bin/../lib/gcc/arm-none-eabi/9.3.1/../../../../arm-none-eabi/lib/thumb/v7-m/nofp\libm.a(lib_a-w_exp.o) (__ieee754_exp)
c:/st/stm32cubeide_1.6.1/stm32cubeide/plugins/com.st.stm32cube.ide.mcu.externaltools.gnu-tools-for-stm32.9-2020-q2-update.win32_1.5.0.202011040924/tools/bin/../lib/gcc/arm-none-eabi/9.3.1/../../../../arm-none-eabi/lib/thumb/v7-m/nofp\libm.a(lib_a-ef_asin.o)
                              c:/st/stm32cubeide_1.6.1/stm32cubeide/plugins/com.st.stm32cube.ide.mcu.externaltools.gnu-tools-for-stm32.9-2020-q2-update.win32_1.5.0.202011040924/tools/bin/../lib/gcc/arm-none-eabi/9.3.1/../../../../arm-none-eabi/lib/thumb/v7-m/nofp\libm.a(lib_a-wf_asin.o) (__ieee754_asinf)
c:/st/stm32cubeide_1.6.1/stm32cubeide/plugins/com.st.stm32cube.ide.mcu.externaltools.gnu-tools-for-stm32.9-2020-q2-update.win32_1.5.0.202011040924/tools/bin/../lib/gcc/arm-none-eabi/9.3.1/../../../../arm-none-eabi/lib/thumb/v7-m/nofp\libm.a(lib_a-ef_sqrt.o)
                              c:/st/stm32cubeide_1.6.1/stm32cubeide/plugins/com.st.stm32cube.ide.mcu.externaltools.gnu-tools-for-stm32.9-2020-q2-update.win32_1.5.0.202011040924/tools/bin/../lib/gcc/arm-none-eabi/9.3.1/../../../../arm-none-eabi/lib/thumb/v7-m/nofp\libm.a(lib_a-wf_sqrt.o) (__ieee754_sqrtf)
[...]
Memory Configuration

Name             Origin             Length             Attributes
RAM              0x0000000020000000 0x0000000000005000 xrw
FLASH            0x0000000008000000 0x0000000000010000 xr
*default*        0x0000000000000000 0xffffffffffffffff

Linker script and memory map

LOAD c:/st/stm32cubeide_1.6.1/stm32cubeide/plugins/com.st.stm32cube.ide.mcu.externaltools.gnu-tools-for-stm32.9-2020-q2-update.win32_1.5.0.202011040924/tools/bin/../lib/gcc/arm-none-eabi/9.3.1/thumb/v7-m/nofp/crti.o
LOAD c:/st/stm32cubeide_1.6.1/stm32cubeide/plugins/com.st.stm32cube.ide.mcu.externaltools.gnu-tools-for-stm32.9-2020-q2-update.win32_1.5.0.202011040924/tools/bin/../lib/gcc/arm-none-eabi/9.3.1/thumb/v7-m/nofp/crtbegin.o
LOAD c:/st/stm32cubeide_1.6.1/stm32cubeide/plugins/com.st.stm32cube.ide.mcu.externaltools.gnu-tools-for-stm32.9-2020-q2-update.win32_1.5.0.202011040924/tools/bin/../lib/gcc/arm-none-eabi/9.3.1/../../../../arm-none-eabi/lib/thumb/v7-m/nofp/crt0.o
LOAD Core/Src/main.o
LOAD Core/Src/stm32f1xx_hal_msp.o
LOAD Core/Src/stm32f1xx_it.o
LOAD Core/Src/syscalls.o
LOAD Core/Src/sysmem.o
LOAD Core/Src/system_stm32f1xx.o
LOAD Core/Startup/startup_stm32f103c8tx.o
LOAD Drivers/STM32F1xx_HAL_Driver/Src/stm32f1xx_hal.o
LOAD Drivers/STM32F1xx_HAL_Driver/Src/stm32f1xx_hal_cortex.o
LOAD Drivers/STM32F1xx_HAL_Driver/Src/stm32f1xx_hal_dma.o
LOAD Drivers/STM32F1xx_HAL_Driver/Src/stm32f1xx_hal_exti.o
LOAD Drivers/STM32F1xx_HAL_Driver/Src/stm32f1xx_hal_flash.o
LOAD Drivers/STM32F1xx_HAL_Driver/Src/stm32f1xx_hal_flash_ex.o
LOAD Drivers/STM32F1xx_HAL_Driver/Src/stm32f1xx_hal_gpio.o
LOAD Drivers/STM32F1xx_HAL_Driver/Src/stm32f1xx_hal_gpio_ex.o
LOAD Drivers/STM32F1xx_HAL_Driver/Src/stm32f1xx_hal_i2c.o
LOAD Drivers/STM32F1xx_HAL_Driver/Src/stm32f1xx_hal_pwr.o
LOAD Drivers/STM32F1xx_HAL_Driver/Src/stm32f1xx_hal_rcc.o
LOAD Drivers/STM32F1xx_HAL_Driver/Src/stm32f1xx_hal_rcc_ex.o
LOAD Drivers/STM32F1xx_HAL_Driver/Src/stm32f1xx_hal_tim.o
LOAD Drivers/STM32F1xx_HAL_Driver/Src/stm32f1xx_hal_tim_ex.o
LOAD Drivers/STM32F1xx_HAL_Driver/Src/stm32f1xx_hal_uart.o
LOAD modular_robots/modular_ws/src/controller/include/src/Controller.o
LOAD modular_robots/modular_ws/src/controller/include/src/Kalman.o
LOAD modular_robots/modular_ws/src/controller/include/src/LowPassFilter.o
LOAD modular_robots/modular_ws/src/controller/include/src/PID.o
START GROUP
LOAD c:/st/stm32cubeide_1.6.1/stm32cubeide/plugins/com.st.stm32cube.ide.mcu.externaltools.gnu-tools-for-stm32.9-2020-q2-update.win32_1.5.0.202011040924/tools/bin/../lib/gcc/arm-none-eabi/9.3.1/../../../../arm-none-eabi/lib/thumb/v7-m/nofp\libstdc++_nano.a
LOAD c:/st/stm32cubeide_1.6.1/stm32cubeide/plugins/com.st.stm32cube.ide.mcu.externaltools.gnu-tools-for-stm32.9-2020-q2-update.win32_1.5.0.202011040924/tools/bin/../lib/gcc/arm-none-eabi/9.3.1/../../../../arm-none-eabi/lib/thumb/v7-m/nofp\libsupc++_nano.a
END GROUP
LOAD c:/st/stm32cubeide_1.6.1/stm32cubeide/plugins/com.st.stm32cube.ide.mcu.externaltools.gnu-tools-for-stm32.9-2020-q2-update.win32_1.5.0.202011040924/tools/bin/../lib/gcc/arm-none-eabi/9.3.1/../../../../arm-none-eabi/lib/thumb/v7-m/nofp\libstdc++_nano.a
LOAD c:/st/stm32cubeide_1.6.1/stm32cubeide/plugins/com.st.stm32cube.ide.mcu.externaltools.gnu-tools-for-stm32.9-2020-q2-update.win32_1.5.0.202011040924/tools/bin/../lib/gcc/arm-none-eabi/9.3.1/../../../../arm-none-eabi/lib/thumb/v7-m/nofp\libm.a
LOAD c:/st/stm32cubeide_1.6.1/stm32cubeide/plugins/com.st.stm32cube.ide.mcu.externaltools.gnu-tools-for-stm32.9-2020-q2-update.win32_1.5.0.202011040924/tools/bin/../lib/gcc/arm-none-eabi/9.3.1/../../../../arm-none-eabi/lib/thumb/v7-m/nofp\libc_nano.a
START GROUP
LOAD c:/st/stm32cubeide_1.6.1/stm32cubeide/plugins/com.st.stm32cube.ide.mcu.externaltools.gnu-tools-for-stm32.9-2020-q2-update.win32_1.5.0.202011040924/tools/bin/../lib/gcc/arm-none-eabi/9.3.1/thumb/v7-m/nofp\libgcc.a
LOAD c:/st/stm32cubeide_1.6.1/stm32cubeide/plugins/com.st.stm32cube.ide.mcu.externaltools.gnu-tools-for-stm32.9-2020-q2-update.win32_1.5.0.202011040924/tools/bin/../lib/gcc/arm-none-eabi/9.3.1/../../../../arm-none-eabi/lib/thumb/v7-m/nofp\libc_nano.a
END GROUP
START GROUP
LOAD c:/st/stm32cubeide_1.6.1/stm32cubeide/plugins/com.st.stm32cube.ide.mcu.externaltools.gnu-tools-for-stm32.9-2020-q2-update.win32_1.5.0.202011040924/tools/bin/../lib/gcc/arm-none-eabi/9.3.1/thumb/v7-m/nofp\libgcc.a
LOAD c:/st/stm32cubeide_1.6.1/stm32cubeide/plugins/com.st.stm32cube.ide.mcu.externaltools.gnu-tools-for-stm32.9-2020-q2-update.win32_1.5.0.202011040924/tools/bin/../lib/gcc/arm-none-eabi/9.3.1/../../../../arm-none-eabi/lib/thumb/v7-m/nofp\libc_nano.a
END GROUP
LOAD c:/st/stm32cubeide_1.6.1/stm32cubeide/plugins/com.st.stm32cube.ide.mcu.externaltools.gnu-tools-for-stm32.9-2020-q2-update.win32_1.5.0.202011040924/tools/bin/../lib/gcc/arm-none-eabi/9.3.1/thumb/v7-m/nofp/crtend.o
LOAD c:/st/stm32cubeide_1.6.1/stm32cubeide/plugins/com.st.stm32cube.ide.mcu.externaltools.gnu-tools-for-stm32.9-2020-q2-update.win32_1.5.0.202011040924/tools/bin/../lib/gcc/arm-none-eabi/9.3.1/thumb/v7-m/nofp/crtn.o
                0x0000000020005000                _estack = (ORIGIN (RAM) + LENGTH (RAM))
                0x0000000000000200                _Min_Heap_Size = 0x200
                0x0000000000000400                _Min_Stack_Size = 0x400

.isr_vector     0x0000000008000000      0x10c
                0x0000000008000000                . = ALIGN (0x4)
 *(.isr_vector)
 .isr_vector    0x0000000008000000      0x10c Core/Startup/startup_stm32f103c8tx.o
                0x0000000008000000                g_pfnVectors
                0x000000000800010c                . = ALIGN (0x4)

.text           0x0000000008000110     0x93e8
                0x0000000008000110                . = ALIGN (0x4)
 *(.text)
 .text          0x0000000008000110       0x40 c:/st/stm32cubeide_1.6.1/stm32cubeide/plugins/com.st.stm32cube.ide.mcu.externaltools.gnu-tools-for-stm32.9-2020-q2-update.win32_1.5.0.202011040924/tools/bin/../lib/gcc/arm-none-eabi/9.3.1/thumb/v7-m/nofp/crtbegin.o
 .text          0x0000000008000150      0x378 c:/st/stm32cubeide_1.6.1/stm32cubeide/plugins/com.st.stm32cube.ide.mcu.externaltools.gnu-tools-for-stm32.9-2020-q2-update.win32_1.5.0.202011040924/tools/bin/../lib/gcc/arm-none-eabi/9.3.1/thumb/v7-m/nofp\libgcc.a(_arm_addsubdf3.o)
                0x0000000008000150                __aeabi_drsub
                0x0000000008000158                __aeabi_dsub
                0x0000000008000158                __subdf3
                0x000000000800015c                __aeabi_dadd
                0x000000000800015c                __adddf3
                0x00000000080003d4                __floatunsidf
                0x00000000080003d4                __aeabi_ui2d
                0x00000000080003f4                __floatsidf
                0x00000000080003f4                __aeabi_i2d
                0x0000000008000418                __aeabi_f2d
                0x0000000008000418                __extendsfdf2
                0x000000000800045c                __floatundidf
                0x000000000800045c                __aeabi_ul2d
                0x000000000800046c                __floatdidf
                0x000000000800046c                __aeabi_l2d
 .text          0x00000000080004c8      0x424 c:/st/stm32cubeide_1.6.1/stm32cubeide/plugins/com.st.stm32cube.ide.mcu.externaltools.gnu-tools-for-stm32.9-2020-q2-update.win32_1.5.0.202011040924/tools/bin/../lib/gcc/arm-none-eabi/9.3.1/thumb/v7-m/nofp\libgcc.a(_arm_muldivdf3.o)
                0x00000000080004c8                __aeabi_dmul
                0x00000000080004c8                __muldf3
                0x000000000800071c                __divdf3
                0x000000000800071c                __aeabi_ddiv
 .text          0x00000000080008ec      0x110 c:/st/stm32cubeide_1.6.1/stm32cubeide/plugins/com.st.stm32cube.ide.mcu.externaltools.gnu-tools-for-stm32.9-2020-q2-update.win32_1.5.0.202011040924/tools/bin/../lib/gcc/arm-none-eabi/9.3.1/thumb/v7-m/nofp\libgcc.a(_arm_cmpdf2.o)
                0x00000000080008ec                __gtdf2
                0x00000000080008ec                __gedf2
                0x00000000080008f4                __ltdf2
                0x00000000080008f4                __ledf2
                0x00000000080008fc                __nedf2
                0x00000000080008fc                __eqdf2
                0x00000000080008fc                __cmpdf2
                0x0000000008000978                __aeabi_cdrcmple
                0x0000000008000988                __aeabi_cdcmpeq
                0x0000000008000988                __aeabi_cdcmple
                0x0000000008000998                __aeabi_dcmpeq
                0x00000000080009ac                __aeabi_dcmplt
                0x00000000080009c0                __aeabi_dcmple
                0x00000000080009d4                __aeabi_dcmpge
                0x00000000080009e8                __aeabi_dcmpgt
 .text          0x00000000080009fc       0x50 c:/st/stm32cubeide_1.6.1/stm32cubeide/plugins/com.st.stm32cube.ide.mcu.externaltools.gnu-tools-for-stm32.9-2020-q2-update.win32_1.5.0.202011040924/tools/bin/../lib/gcc/arm-none-eabi/9.3.1/thumb/v7-m/nofp\libgcc.a(_arm_fixdfsi.o)
                0x00000000080009fc                __aeabi_d2iz
                0x00000000080009fc                __fixdfsi
 .text          0x0000000008000a4c       0x40 c:/st/stm32cubeide_1.6.1/stm32cubeide/plugins/com.st.stm32cube.ide.mcu.externaltools.gnu-tools-for-stm32.9-2020-q2-update.win32_1.5.0.202011040924/tools/bin/../lib/gcc/arm-none-eabi/9.3.1/thumb/v7-m/nofp\libgcc.a(_arm_fixunsdfsi.o)
                0x0000000008000a4c                __aeabi_d2uiz
                0x0000000008000a4c                __fixunsdfsi
 .text          0x0000000008000a8c       0xa0 c:/st/stm32cubeide_1.6.1/stm32cubeide/plugins/com.st.stm32cube.ide.mcu.externaltools.gnu-tools-for-stm32.9-2020-q2-update.win32_1.5.0.202011040924/tools/bin/../lib/gcc/arm-none-eabi/9.3.1/thumb/v7-m/nofp\libgcc.a(_arm_truncdfsf2.o)
                0x0000000008000a8c                __truncdfsf2
                0x0000000008000a8c                __aeabi_d2f
 .text          0x0000000008000b2c      0x21c c:/st/stm32cubeide_1.6.1/stm32cubeide/plugins/com.st.stm32cube.ide.mcu.externaltools.gnu-tools-for-stm32.9-2020-q2-update.win32_1.5.0.202011040924/tools/bin/../lib/gcc/arm-none-eabi/9.3.1/thumb/v7-m/nofp\libgcc.a(_arm_addsubsf3.o)
                0x0000000008000b2c                __aeabi_frsub
                0x0000000008000b34                __subsf3
                0x0000000008000b34                __aeabi_fsub
                0x0000000008000b38                __aeabi_fadd
                0x0000000008000b38                __addsf3
                0x0000000008000c98                __aeabi_ui2f
                0x0000000008000c98                __floatunsisf
                0x0000000008000ca0                __aeabi_i2f
                0x0000000008000ca0                __floatsisf
                0x0000000008000cbc                __aeabi_ul2f
                0x0000000008000cbc                __floatundisf
                0x0000000008000ccc                __aeabi_l2f
                0x0000000008000ccc                __floatdisf
 .text          0x0000000008000d48      0x2a0 c:/st/stm32cubeide_1.6.1/stm32cubeide/plugins/com.st.stm32cube.ide.mcu.externaltools.gnu-tools-for-stm32.9-2020-q2-update.win32_1.5.0.202011040924/tools/bin/../lib/gcc/arm-none-eabi/9.3.1/thumb/v7-m/nofp\libgcc.a(_arm_muldivsf3.o)
                0x0000000008000d48                __mulsf3
                0x0000000008000d48                __aeabi_fmul
                0x0000000008000eb0                __aeabi_fdiv
                0x0000000008000eb0                __divsf3
 .text          0x0000000008000fe8       0xec c:/st/stm32cubeide_1.6.1/stm32cubeide/plugins/com.st.stm32cube.ide.mcu.externaltools.gnu-tools-for-stm32.9-2020-q2-update.win32_1.5.0.202011040924/tools/bin/../lib/gcc/arm-none-eabi/9.3.1/thumb/v7-m/nofp\libgcc.a(_arm_cmpsf2.o)
                0x0000000008000fe8                __gesf2
                0x0000000008000fe8                __gtsf2
                0x0000000008000ff0                __lesf2
                0x0000000008000ff0                __ltsf2
                0x0000000008000ff8                __nesf2
                0x0000000008000ff8                __eqsf2
                0x0000000008000ff8                __cmpsf2
                0x0000000008001058                __aeabi_cfrcmple
                0x0000000008001060                __aeabi_cfcmpeq
                0x0000000008001060                __aeabi_cfcmple
                0x0000000008001070                __aeabi_fcmpeq
                0x0000000008001084                __aeabi_fcmplt
                0x0000000008001098                __aeabi_fcmple
                0x00000000080010ac                __aeabi_fcmpge
                0x00000000080010c0                __aeabi_fcmpgt
 .text          0x00000000080010d4       0x2c c:/st/stm32cubeide_1.6.1/stm32cubeide/plugins/com.st.stm32cube.ide.mcu.externaltools.gnu-tools-for-stm32.9-2020-q2-update.win32_1.5.0.202011040924/tools/bin/../lib/gcc/arm-none-eabi/9.3.1/thumb/v7-m/nofp\libgcc.a(_arm_unordsf2.o)
                0x00000000080010d4                __unordsf2
                0x00000000080010d4                __aeabi_fcmpun
 .text          0x0000000008001100       0x4c c:/st/stm32cubeide_1.6.1/stm32cubeide/plugins/com.st.stm32cube.ide.mcu.externaltools.gnu-tools-for-stm32.9-2020-q2-update.win32_1.5.0.202011040924/tools/bin/../lib/gcc/arm-none-eabi/9.3.1/thumb/v7-m/nofp\libgcc.a(_arm_fixsfsi.o)
                0x0000000008001100                __aeabi_f2iz
                0x0000000008001100                __fixsfsi
 *(.text*)
 .text._ZSt4asinf
                0x000000000800114c       0x18 Core/Src/main.o
                0x000000000800114c                std::asin(float)
 .text._ZSt4sqrtf
                0x0000000008001164       0x18 Core/Src/main.o
                0x0000000008001164                std::sqrt(float)
 .text._ZNSt12_Vector_baseIiSaIiEE12_Vector_implD2Ev
                0x000000000800117c       0x18 Core/Src/main.o
                0x000000000800117c                std::_Vector_base<int, std::allocator<int> >::_Vector_impl::~_Vector_impl()
                0x000000000800117c                std::_Vector_base<int, std::allocator<int> >::_Vector_impl::~_Vector_impl()
 .text._ZNSt12_Vector_baseIiSaIiEEC2Ev
                0x0000000008001194       0x1a Core/Src/main.o
                0x0000000008001194                std::_Vector_base<int, std::allocator<int> >::_Vector_base()
                0x0000000008001194                std::_Vector_base<int, std::allocator<int> >::_Vector_base()
 .text._ZNSt6vectorIiSaIiEEC2Ev
                0x00000000080011ae       0x1a Core/Src/main.o
                0x00000000080011ae                std::vector<int, std::allocator<int> >::vector()
                0x00000000080011ae                std::vector<int, std::allocator<int> >::vector()
 .text.main     0x00000000080011c8      0x100 Core/Src/main.o
                0x00000000080011c8                main
 .text._Z18SystemClock_Configv
                0x00000000080012c8       0x9c Core/Src/main.o
                0x00000000080012c8                SystemClock_Config()
 .text._ZL12MX_I2C1_Initv
                0x0000000008001364       0x68 Core/Src/main.o
 .text._ZL12MX_TIM1_Initv
                0x00000000080013cc      0x194 Core/Src/main.o
 .text._ZL12MX_TIM2_Initv
                0x0000000008001560       0xb8 Core/Src/main.o
 .text._ZL12MX_TIM3_Initv
                0x0000000008001618      0x114 Core/Src/main.o
 .text._ZL12MX_TIM4_Initv
                0x000000000800172c       0xbc Core/Src/main.o
 .text._ZL19MX_USART2_UART_Initv
                0x00000000080017e8       0x5c Core/Src/main.o
 .text._ZL12MX_GPIO_Initv
                0x0000000008001844      0x108 Core/Src/main.o
 .text._Z14MPU6050_Baslatv
                0x000000000800194c       0x68 Core/Src/main.o
                0x000000000800194c                MPU6050_Baslat()
 .text._Z9Check_Armv
                0x00000000080019b4       0x9c Core/Src/main.o
                0x00000000080019b4                Check_Arm()
 .text._Z12Check_Disarmv
                0x0000000008001a50       0x98 Core/Src/main.o
                0x0000000008001a50                Check_Disarm()
 .text._Z9TelemPackv
                0x0000000008001ae8       0x88 Core/Src/main.o
                0x0000000008001ae8                TelemPack()
 .text._Z7GyroOkuh
                0x0000000008001b70       0x44 Core/Src/main.o
                0x0000000008001b70                GyroOku(unsigned char)
 .text._Z7GyroErrh
                0x0000000008001bb4       0x5c Core/Src/main.o
                0x0000000008001bb4                GyroErr(unsigned char)
 .text._Z6PWMYazv
                0x0000000008001c10       0x94 Core/Src/main.o
                0x0000000008001c10                PWMYaz()
 .text._Z11MotorBaslatv
                0x0000000008001ca4       0x3c Core/Src/main.o
                0x0000000008001ca4                MotorBaslat()
 .text.HAL_TIM_PeriodElapsedCallback
                0x0000000008001ce0      0x318 Core/Src/main.o
                0x0000000008001ce0                HAL_TIM_PeriodElapsedCallback
 .text.HAL_TIM_IC_CaptureCallback
                0x0000000008001ff8      0x140 Core/Src/main.o
                0x0000000008001ff8                HAL_TIM_IC_CaptureCallback
 .text.Error_Handler
                0x0000000008002138        0xa Core/Src/main.o
                0x0000000008002138                Error_Handler
 .text._ZNSt12_Vector_baseIiSaIiEE12_Vector_implC2Ev
                0x0000000008002142       0x20 Core/Src/main.o
                0x0000000008002142                std::_Vector_base<int, std::allocator<int> >::_Vector_impl::_Vector_impl()
                0x0000000008002142                std::_Vector_base<int, std::allocator<int> >::_Vector_impl::_Vector_impl()
 .text._ZNSaIiED2Ev
                0x0000000008002162       0x18 Core/Src/main.o
                0x0000000008002162                std::allocator<int>::~allocator()
                0x0000000008002162                std::allocator<int>::~allocator()
 .text._ZNSt12_Vector_baseIiSaIiEED2Ev
                0x000000000800217a       0x32 Core/Src/main.o
                0x000000000800217a                std::_Vector_base<int, std::allocator<int> >::~_Vector_base()
                0x000000000800217a                std::_Vector_base<int, std::allocator<int> >::~_Vector_base()
 .text._ZNSt6vectorIiSaIiEEixEj
                0x00000000080021ac       0x1e Core/Src/main.o
                0x00000000080021ac                std::vector<int, std::allocator<int> >::operator[](unsigned int)
 .text._ZNSt6vectorIdSaIdEED2Ev
                0x00000000080021ca       0x36 Core/Src/main.o
                0x00000000080021ca                std::vector<double, std::allocator<double> >::~vector()
                0x00000000080021ca                std::vector<double, std::allocator<double> >::~vector()
 .text._ZN9__gnu_cxx14__alloc_traitsISaIiEiE27_S_propagate_on_copy_assignEv
                0x0000000008002200        0xe Core/Src/main.o
                0x0000000008002200                __gnu_cxx::__alloc_traits<std::allocator<int>, int>::_S_propagate_on_copy_assign()
 .text._ZN9__gnu_cxx14__alloc_traitsISaIiEiE15_S_always_equalEv
                0x000000000800220e        0xe Core/Src/main.o
                0x000000000800220e                __gnu_cxx::__alloc_traits<std::allocator<int>, int>::_S_always_equal()
 .text._ZNSt6vectorIiSaIiEEaSERKS1_
                0x000000000800221c      0x1ea Core/Src/main.o
                0x000000000800221c                std::vector<int, std::allocator<int> >::operator=(std::vector<int, std::allocator<int> > const&)
 .text._ZNSaIiEC2Ev
                0x0000000008002406       0x18 Core/Src/main.o
                0x0000000008002406                std::allocator<int>::allocator()
                0x0000000008002406                std::allocator<int>::allocator()
 .text._ZNSt12_Vector_baseIiSaIiEE17_Vector_impl_dataC2Ev
                0x000000000800241e       0x26 Core/Src/main.o
                0x000000000800241e                std::_Vector_base<int, std::allocator<int> >::_Vector_impl_data::_Vector_impl_data()
                0x000000000800241e                std::_Vector_base<int, std::allocator<int> >::_Vector_impl_data::_Vector_impl_data()
 .text._ZN9__gnu_cxx13new_allocatorIiED2Ev
                0x0000000008002444       0x14 Core/Src/main.o
                0x0000000008002444                __gnu_cxx::new_allocator<int>::~new_allocator()
                0x0000000008002444                __gnu_cxx::new_allocator<int>::~new_allocator()
 .text._ZNSt12_Vector_baseIiSaIiEE13_M_deallocateEPij
                0x0000000008002458       0x26 Core/Src/main.o
                0x0000000008002458                std::_Vector_base<int, std::allocator<int> >::_M_deallocate(int*, unsigned int)
 .text._ZNSt12_Vector_baseIdSaIdEE12_Vector_implD2Ev
                0x000000000800247e       0x18 Core/Src/main.o
                0x000000000800247e                std::_Vector_base<double, std::allocator<double> >::_Vector_impl::~_Vector_impl()
                0x000000000800247e                std::_Vector_base<double, std::allocator<double> >::_Vector_impl::~_Vector_impl()
 .text._ZNSt12_Vector_baseIdSaIdEED2Ev
                0x0000000008002496       0x32 Core/Src/main.o
                0x0000000008002496                std::_Vector_base<double, std::allocator<double> >::~_Vector_base()
                0x0000000008002496                std::_Vector_base<double, std::allocator<double> >::~_Vector_base()
 .text._ZNSt12_Vector_baseIdSaIdEE19_M_get_Tp_allocatorEv
                0x00000000080024c8       0x14 Core/Src/main.o
                0x00000000080024c8                std::_Vector_base<double, std::allocator<double> >::_M_get_Tp_allocator()
 .text._ZSt8_DestroyIPddEvT_S1_RSaIT0_E
                0x00000000080024dc       0x1c Core/Src/main.o
                0x00000000080024dc                void std::_Destroy<double*, double>(double*, double*, std::allocator<double>&)
 .text._ZNSt12_Vector_baseIiSaIiEE19_M_get_Tp_allocatorEv
                0x00000000080024f8       0x14 Core/Src/main.o
                0x00000000080024f8                std::_Vector_base<int, std::allocator<int> >::_M_get_Tp_allocator()
 .text._ZNKSt12_Vector_baseIiSaIiEE19_M_get_Tp_allocatorEv
                0x000000000800250c       0x14 Core/Src/main.o
                0x000000000800250c                std::_Vector_base<int, std::allocator<int> >::_M_get_Tp_allocator() const
 .text._ZStneRKSaIiES1_
                0x0000000008002520       0x16 Core/Src/main.o
                0x0000000008002520                std::operator!=(std::allocator<int> const&, std::allocator<int> const&)
 .text._ZNSt6vectorIiSaIiEE5clearEv
                0x0000000008002536       0x1c Core/Src/main.o
                0x0000000008002536                std::vector<int, std::allocator<int> >::clear()
 .text._ZSt15__alloc_on_copyISaIiEEvRT_RKS1_
                0x0000000008002552       0x1c Core/Src/main.o
                0x0000000008002552                void std::__alloc_on_copy<std::allocator<int> >(std::allocator<int>&, std::allocator<int> const&)
 .text._ZNKSt6vectorIiSaIiEE4sizeEv
                0x000000000800256e       0x1e Core/Src/main.o
                0x000000000800256e                std::vector<int, std::allocator<int> >::size() const
 .text._ZNKSt6vectorIiSaIiEE8capacityEv
                0x000000000800258c       0x1e Core/Src/main.o
                0x000000000800258c                std::vector<int, std::allocator<int> >::capacity() const
 .text._ZNKSt6vectorIiSaIiEE5beginEv
                0x00000000080025aa       0x28 Core/Src/main.o
                0x00000000080025aa                std::vector<int, std::allocator<int> >::begin() const
 .text._ZNKSt6vectorIiSaIiEE3endEv
                0x00000000080025d2       0x28 Core/Src/main.o
                0x00000000080025d2                std::vector<int, std::allocator<int> >::end() const
 .text._ZNSt6vectorIiSaIiEE20_M_allocate_and_copyIN9__gnu_cxx17__normal_iteratorIPKiS1_EEEEPijT_S9_
                0x00000000080025fa       0x38 Core/Src/main.o
                0x00000000080025fa                int* std::vector<int, std::allocator<int> >::_M_allocate_and_copy<__gnu_cxx::__normal_iterator<int const*, std::vector<int, std::allocator<int> > > >(unsigned int, __gnu_cxx::__normal_iterator<int const*, std::vector<int, std::allocator<int> > >, __gnu_cxx::__normal_iterator<int const*, std::vector<int, std::allocator<int> > >)
 .text._ZSt8_DestroyIPiiEvT_S1_RSaIT0_E
                0x0000000008002632       0x1c Core/Src/main.o
                0x0000000008002632                void std::_Destroy<int*, int>(int*, int*, std::allocator<int>&)
 .text._ZNSt6vectorIiSaIiEE5beginEv
                0x000000000800264e       0x20 Core/Src/main.o
                0x000000000800264e                std::vector<int, std::allocator<int> >::begin()
 .text._ZSt4copyIN9__gnu_cxx17__normal_iteratorIPKiSt6vectorIiSaIiEEEENS1_IPiS6_EEET0_T_SB_SA_
                0x000000000800266e       0x30 Core/Src/main.o
                0x000000000800266e                __gnu_cxx::__normal_iterator<int*, std::vector<int, std::allocator<int> > > std::copy<__gnu_cxx::__normal_iterator<int const*, std::vector<int, std::allocator<int> > >, __gnu_cxx::__normal_iterator<int*, std::vector<int, std::allocator<int> > > >(__gnu_cxx::__normal_iterator<int const*, std::vector<int, std::allocator<int> > >, __gnu_cxx::__normal_iterator<int const*, std::vector<int, std::allocator<int> > >, __gnu_cxx::__normal_iterator<int*, std::vector<int, std::allocator<int> > >)
 .text._ZNSt6vectorIiSaIiEE3endEv
                0x000000000800269e       0x22 Core/Src/main.o
                0x000000000800269e                std::vector<int, std::allocator<int> >::end()
 .text._ZSt8_DestroyIN9__gnu_cxx17__normal_iteratorIPiSt6vectorIiSaIiEEEEiEvT_S7_RSaIT0_E
                0x00000000080026c0       0x1c Core/Src/main.o
                0x00000000080026c0                void std::_Destroy<__gnu_cxx::__normal_iterator<int*, std::vector<int, std::allocator<int> > >, int>(__gnu_cxx::__normal_iterator<int*, std::vector<int, std::allocator<int> > >, __gnu_cxx::__normal_iterator<int*, std::vector<int, std::allocator<int> > >, std::allocator<int>&)
 .text._ZSt4copyIPiS0_ET0_T_S2_S1_
                0x00000000080026dc       0x30 Core/Src/main.o
                0x00000000080026dc                int* std::copy<int*, int*>(int*, int*, int*)
 .text._ZSt22__uninitialized_copy_aIPiS0_iET0_T_S2_S1_RSaIT1_E
                0x000000000800270c       0x22 Core/Src/main.o
                0x000000000800270c                int* std::__uninitialized_copy_a<int*, int*, int>(int*, int*, int*, std::allocator<int>&)
 .text._ZN9__gnu_cxx13new_allocatorIiEC2Ev
                0x000000000800272e       0x14 Core/Src/main.o
                0x000000000800272e                __gnu_cxx::new_allocator<int>::new_allocator()
                0x000000000800272e                __gnu_cxx::new_allocator<int>::new_allocator()
 .text._ZNSt16allocator_traitsISaIiEE10deallocateERS0_Pij
                0x0000000008002742       0x1e Core/Src/main.o
                0x0000000008002742                std::allocator_traits<std::allocator<int> >::deallocate(std::allocator<int>&, int*, unsigned int)
 .text._ZNSaIdED2Ev
                0x0000000008002760       0x18 Core/Src/main.o
                0x0000000008002760                std::allocator<double>::~allocator()
                0x0000000008002760                std::allocator<double>::~allocator()
 .text._ZNSt12_Vector_baseIdSaIdEE13_M_deallocateEPdj
                0x0000000008002778       0x26 Core/Src/main.o
                0x0000000008002778                std::_Vector_base<double, std::allocator<double> >::_M_deallocate(double*, unsigned int)
 .text._ZSt8_DestroyIPdEvT_S1_
                0x000000000800279e       0x1a Core/Src/main.o
                0x000000000800279e                void std::_Destroy<double*>(double*, double*)
 .text._ZNSt6vectorIiSaIiEE15_M_erase_at_endEPi
                0x00000000080027b8       0x42 Core/Src/main.o
                0x00000000080027b8                std::vector<int, std::allocator<int> >::_M_erase_at_end(int*)
 .text._ZSt18__do_alloc_on_copyISaIiEEvRT_RKS1_St17integral_constantIbLb0EE
                0x00000000080027fa       0x16 Core/Src/main.o
                0x00000000080027fa                void std::__do_alloc_on_copy<std::allocator<int> >(std::allocator<int>&, std::allocator<int> const&, std::integral_constant<bool, false>)
 .text._ZN9__gnu_cxx17__normal_iteratorIPKiSt6vectorIiSaIiEEEC2ERKS2_
                0x0000000008002810       0x1e Core/Src/main.o
                0x0000000008002810                __gnu_cxx::__normal_iterator<int const*, std::vector<int, std::allocator<int> > >::__normal_iterator(int const* const&)
                0x0000000008002810                __gnu_cxx::__normal_iterator<int const*, std::vector<int, std::allocator<int> > >::__normal_iterator(int const* const&)
 .text._ZNSt12_Vector_baseIiSaIiEE11_M_allocateEj
                0x000000000800282e       0x28 Core/Src/main.o
                0x000000000800282e                std::_Vector_base<int, std::allocator<int> >::_M_allocate(unsigned int)
 .text._ZSt22__uninitialized_copy_aIN9__gnu_cxx17__normal_iteratorIPKiSt6vectorIiSaIiEEEEPiiET0_T_SA_S9_RSaIT1_E
                0x0000000008002856       0x22 Core/Src/main.o
                0x0000000008002856                int* std::__uninitialized_copy_a<__gnu_cxx::__normal_iterator<int const*, std::vector<int, std::allocator<int> > >, int*, int>(__gnu_cxx::__normal_iterator<int const*, std::vector<int, std::allocator<int> > >, __gnu_cxx::__normal_iterator<int const*, std::vector<int, std::allocator<int> > >, int*, std::allocator<int>&)
 .text._ZSt8_DestroyIPiEvT_S1_
                0x0000000008002878       0x1a Core/Src/main.o
                0x0000000008002878                void std::_Destroy<int*>(int*, int*)
 .text._ZN9__gnu_cxx17__normal_iteratorIPiSt6vectorIiSaIiEEEC2ERKS1_
                0x0000000008002892       0x1e Core/Src/main.o
                0x0000000008002892                __gnu_cxx::__normal_iterator<int*, std::vector<int, std::allocator<int> > >::__normal_iterator(int* const&)
                0x0000000008002892                __gnu_cxx::__normal_iterator<int*, std::vector<int, std::allocator<int> > >::__normal_iterator(int* const&)
 .text._ZSt12__miter_baseIN9__gnu_cxx17__normal_iteratorIPKiSt6vectorIiSaIiEEEEET_S8_
                0x00000000080028b0       0x14 Core/Src/main.o
                0x00000000080028b0                __gnu_cxx::__normal_iterator<int const*, std::vector<int, std::allocator<int> > > std::__miter_base<__gnu_cxx::__normal_iterator<int const*, std::vector<int, std::allocator<int> > > >(__gnu_cxx::__normal_iterator<int const*, std::vector<int, std::allocator<int> > >)
 .text._ZSt14__copy_move_a2ILb0EN9__gnu_cxx17__normal_iteratorIPKiSt6vectorIiSaIiEEEENS1_IPiS6_EEET1_T0_SB_SA_
                0x00000000080028c4       0x42 Core/Src/main.o
                0x00000000080028c4                __gnu_cxx::__normal_iterator<int*, std::vector<int, std::allocator<int> > > std::__copy_move_a2<false, __gnu_cxx::__normal_iterator<int const*, std::vector<int, std::allocator<int> > >, __gnu_cxx::__normal_iterator<int*, std::vector<int, std::allocator<int> > > >(__gnu_cxx::__normal_iterator<int const*, std::vector<int, std::allocator<int> > >, __gnu_cxx::__normal_iterator<int const*, std::vector<int, std::allocator<int> > >, __gnu_cxx::__normal_iterator<int*, std::vector<int, std::allocator<int> > >)
 .text._ZSt8_DestroyIN9__gnu_cxx17__normal_iteratorIPiSt6vectorIiSaIiEEEEEvT_S7_
                0x0000000008002906       0x1a Core/Src/main.o
                0x0000000008002906                void std::_Destroy<__gnu_cxx::__normal_iterator<int*, std::vector<int, std::allocator<int> > > >(__gnu_cxx::__normal_iterator<int*, std::vector<int, std::allocator<int> > >, __gnu_cxx::__normal_iterator<int*, std::vector<int, std::allocator<int> > >)
 .text._ZSt12__miter_baseIPiET_S1_
                0x0000000008002920       0x14 Core/Src/main.o
                0x0000000008002920                int* std::__miter_base<int*>(int*)
 .text._ZSt14__copy_move_a2ILb0EPiS0_ET1_T0_S2_S1_
                0x0000000008002934       0x46 Core/Src/main.o
                0x0000000008002934                int* std::__copy_move_a2<false, int*, int*>(int*, int*, int*)
 .text._ZSt18uninitialized_copyIPiS0_ET0_T_S2_S1_
                0x000000000800297a       0x24 Core/Src/main.o
                0x000000000800297a                int* std::uninitialized_copy<int*, int*>(int*, int*, int*)
 .text._ZN9__gnu_cxx13new_allocatorIiE10deallocateEPij
                0x000000000800299e       0x1a Core/Src/main.o
                0x000000000800299e                __gnu_cxx::new_allocator<int>::deallocate(int*, unsigned int)
 .text._ZN9__gnu_cxx13new_allocatorIdED2Ev
                0x00000000080029b8       0x14 Core/Src/main.o
                0x00000000080029b8                __gnu_cxx::new_allocator<double>::~new_allocator()
                0x00000000080029b8                __gnu_cxx::new_allocator<double>::~new_allocator()
 .text._ZNSt16allocator_traitsISaIdEE10deallocateERS0_Pdj
                0x00000000080029cc       0x1e Core/Src/main.o
                0x00000000080029cc                std::allocator_traits<std::allocator<double> >::deallocate(std::allocator<double>&, double*, unsigned int)
 .text._ZNSt12_Destroy_auxILb1EE9__destroyIPdEEvT_S3_
                0x00000000080029ea       0x14 Core/Src/main.o
                0x00000000080029ea                void std::_Destroy_aux<true>::__destroy<double*>(double*, double*)
 .text._ZNSt16allocator_traitsISaIiEE8allocateERS0_j
                0x00000000080029fe       0x1e Core/Src/main.o
                0x00000000080029fe                std::allocator_traits<std::allocator<int> >::allocate(std::allocator<int>&, unsigned int)
 .text._ZSt18uninitialized_copyIN9__gnu_cxx17__normal_iteratorIPKiSt6vectorIiSaIiEEEEPiET0_T_SA_S9_
                0x0000000008002a1c       0x24 Core/Src/main.o
                0x0000000008002a1c                int* std::uninitialized_copy<__gnu_cxx::__normal_iterator<int const*, std::vector<int, std::allocator<int> > >, int*>(__gnu_cxx::__normal_iterator<int const*, std::vector<int, std::allocator<int> > >, __gnu_cxx::__normal_iterator<int const*, std::vector<int, std::allocator<int> > >, int*)
 .text._ZNSt12_Destroy_auxILb1EE9__destroyIPiEEvT_S3_
                0x0000000008002a40       0x14 Core/Src/main.o
                0x0000000008002a40                void std::_Destroy_aux<true>::__destroy<int*>(int*, int*)
 .text._ZSt12__niter_baseIPKiSt6vectorIiSaIiEEET_N9__gnu_cxx17__normal_iteratorIS5_T0_EE
                0x0000000008002a54       0x1c Core/Src/main.o
                0x0000000008002a54                int const* std::__niter_base<int const*, std::vector<int, std::allocator<int> > >(__gnu_cxx::__normal_iterator<int const*, std::vector<int, std::allocator<int> > >)
 .text._ZSt12__niter_baseIPiSt6vectorIiSaIiEEET_N9__gnu_cxx17__normal_iteratorIS4_T0_EE
                0x0000000008002a70       0x1c Core/Src/main.o
                0x0000000008002a70                int* std::__niter_base<int*, std::vector<int, std::allocator<int> > >(__gnu_cxx::__normal_iterator<int*, std::vector<int, std::allocator<int> > >)
 .text._ZSt13__copy_move_aILb0EPKiPiET1_T0_S4_S3_
                0x0000000008002a8c       0x24 Core/Src/main.o
                0x0000000008002a8c                int* std::__copy_move_a<false, int const*, int*>(int const*, int const*, int*)
 .text._ZSt12__niter_wrapIN9__gnu_cxx17__normal_iteratorIPiSt6vectorIiSaIiEEEES2_ET_S7_T0_
                0x0000000008002ab0       0x2e Core/Src/main.o
                0x0000000008002ab0                __gnu_cxx::__normal_iterator<int*, std::vector<int, std::allocator<int> > > std::__niter_wrap<__gnu_cxx::__normal_iterator<int*, std::vector<int, std::allocator<int> > >, int*>(__gnu_cxx::__normal_iterator<int*, std::vector<int, std::allocator<int> > >, int*)
 .text._ZNSt12_Destroy_auxILb1EE9__destroyIN9__gnu_cxx17__normal_iteratorIPiSt6vectorIiSaIiEEEEEEvT_S9_
                0x0000000008002ade       0x14 Core/Src/main.o
                0x0000000008002ade                void std::_Destroy_aux<true>::__destroy<__gnu_cxx::__normal_iterator<int*, std::vector<int, std::allocator<int> > > >(__gnu_cxx::__normal_iterator<int*, std::vector<int, std::allocator<int> > >, __gnu_cxx::__normal_iterator<int*, std::vector<int, std::allocator<int> > >)
 .text._ZSt12__niter_baseIPiET_S1_
                0x0000000008002af2       0x14 Core/Src/main.o
                0x0000000008002af2                int* std::__niter_base<int*>(int*)
 .text._ZSt13__copy_move_aILb0EPiS0_ET1_T0_S2_S1_
                0x0000000008002b06       0x24 Core/Src/main.o
                0x0000000008002b06                int* std::__copy_move_a<false, int*, int*>(int*, int*, int*)
 .text._ZSt12__niter_wrapIPiET_RKS1_S1_
                0x0000000008002b2a       0x16 Core/Src/main.o
                0x0000000008002b2a                int* std::__niter_wrap<int*>(int* const&, int*)
 .text._ZNSt20__uninitialized_copyILb1EE13__uninit_copyIPiS2_EET0_T_S4_S3_
                0x0000000008002b40       0x20 Core/Src/main.o
                0x0000000008002b40                int* std::__uninitialized_copy<true>::__uninit_copy<int*, int*>(int*, int*, int*)
 .text._ZN9__gnu_cxx13new_allocatorIdE10deallocateEPdj
                0x0000000008002b60       0x1a Core/Src/main.o
                0x0000000008002b60                __gnu_cxx::new_allocator<double>::deallocate(double*, unsigned int)
 .text._ZN9__gnu_cxx13new_allocatorIiE8allocateEjPKv
                0x0000000008002b7a       0x3c Core/Src/main.o
                0x0000000008002b7a                __gnu_cxx::new_allocator<int>::allocate(unsigned int, void const*)
 .text._ZNSt20__uninitialized_copyILb1EE13__uninit_copyIN9__gnu_cxx17__normal_iteratorIPKiSt6vectorIiSaIiEEEEPiEET0_T_SC_SB_
                0x0000000008002bb6       0x20 Core/Src/main.o
                0x0000000008002bb6                int* std::__uninitialized_copy<true>::__uninit_copy<__gnu_cxx::__normal_iterator<int const*, std::vector<int, std::allocator<int> > >, int*>(__gnu_cxx::__normal_iterator<int const*, std::vector<int, std::allocator<int> > >, __gnu_cxx::__normal_iterator<int const*, std::vector<int, std::allocator<int> > >, int*)
 .text._ZNK9__gnu_cxx17__normal_iteratorIPKiSt6vectorIiSaIiEEE4baseEv
                0x0000000008002bd6       0x14 Core/Src/main.o
                0x0000000008002bd6                __gnu_cxx::__normal_iterator<int const*, std::vector<int, std::allocator<int> > >::base() const
 .text._ZNK9__gnu_cxx17__normal_iteratorIPiSt6vectorIiSaIiEEE4baseEv
                0x0000000008002bea       0x14 Core/Src/main.o
                0x0000000008002bea                __gnu_cxx::__normal_iterator<int*, std::vector<int, std::allocator<int> > >::base() const
 .text._ZNSt11__copy_moveILb0ELb1ESt26random_access_iterator_tagE8__copy_mIiEEPT_PKS3_S6_S4_
                0x0000000008002bfe       0x3a Core/Src/main.o
                0x0000000008002bfe                int* std::__copy_move<false, true, std::random_access_iterator_tag>::__copy_m<int>(int const*, int const*, int*)
 .text._ZNK9__gnu_cxx17__normal_iteratorIPiSt6vectorIiSaIiEEEplEi
                0x0000000008002c38       0x30 Core/Src/main.o
                0x0000000008002c38                __gnu_cxx::__normal_iterator<int*, std::vector<int, std::allocator<int> > >::operator+(int) const
 .text._ZNK9__gnu_cxx13new_allocatorIiE8max_sizeEv
                0x0000000008002c68       0x16 Core/Src/main.o
                0x0000000008002c68                __gnu_cxx::new_allocator<int>::max_size() const
 .text._ZSt4copyIN9__gnu_cxx17__normal_iteratorIPKiSt6vectorIiSaIiEEEEPiET0_T_SA_S9_
                0x0000000008002c7e       0x30 Core/Src/main.o
                0x0000000008002c7e                int* std::copy<__gnu_cxx::__normal_iterator<int const*, std::vector<int, std::allocator<int> > >, int*>(__gnu_cxx::__normal_iterator<int const*, std::vector<int, std::allocator<int> > >, __gnu_cxx::__normal_iterator<int const*, std::vector<int, std::allocator<int> > >, int*)
 .text._ZSt14__copy_move_a2ILb0EN9__gnu_cxx17__normal_iteratorIPKiSt6vectorIiSaIiEEEEPiET1_T0_SA_S9_
                0x0000000008002cae       0x46 Core/Src/main.o
                0x0000000008002cae                int* std::__copy_move_a2<false, __gnu_cxx::__normal_iterator<int const*, std::vector<int, std::allocator<int> > >, int*>(__gnu_cxx::__normal_iterator<int const*, std::vector<int, std::allocator<int> > >, __gnu_cxx::__normal_iterator<int const*, std::vector<int, std::allocator<int> > >, int*)
 .text._Z41__static_initialization_and_destruction_0ii
                0x0000000008002cf4       0x74 Core/Src/main.o
 .text._ZNSt6vectorIiSaIiEED2Ev
                0x0000000008002d68       0x36 Core/Src/main.o
                0x0000000008002d68                std::vector<int, std::allocator<int> >::~vector()
                0x0000000008002d68                std::vector<int, std::allocator<int> >::~vector()
 .text._GLOBAL__sub_I_hi2c1
                0x0000000008002d9e       0x10 Core/Src/main.o
 .text._GLOBAL__sub_D_hi2c1
                0x0000000008002dae       0x10 Core/Src/main.o
 *fill*         0x0000000008002dbe        0x2 
 .text.HAL_MspInit
                0x0000000008002dc0       0x64 Core/Src/stm32f1xx_hal_msp.o
                0x0000000008002dc0                HAL_MspInit
 .text.HAL_I2C_MspInit
                0x0000000008002e24       0x7c Core/Src/stm32f1xx_hal_msp.o
                0x0000000008002e24                HAL_I2C_MspInit
 .text.HAL_TIM_PWM_MspInit
                0x0000000008002ea0       0x3c Core/Src/stm32f1xx_hal_msp.o
                0x0000000008002ea0                HAL_TIM_PWM_MspInit
 .text.HAL_TIM_Base_MspInit
                0x0000000008002edc       0xe8 Core/Src/stm32f1xx_hal_msp.o
                0x0000000008002edc                HAL_TIM_Base_MspInit
 .text.HAL_TIM_MspPostInit
                0x0000000008002fc4       0x68 Core/Src/stm32f1xx_hal_msp.o
                0x0000000008002fc4                HAL_TIM_MspPostInit
 .text.HAL_UART_MspInit
                0x000000000800302c       0x94 Core/Src/stm32f1xx_hal_msp.o
                0x000000000800302c                HAL_UART_MspInit
 .text.NMI_Handler
                0x00000000080030c0        0x6 Core/Src/stm32f1xx_it.o
                0x00000000080030c0                NMI_Handler
 .text.HardFault_Handler
                0x00000000080030c6        0x6 Core/Src/stm32f1xx_it.o
                0x00000000080030c6                HardFault_Handler
 .text.MemManage_Handler
                0x00000000080030cc        0x6 Core/Src/stm32f1xx_it.o
                0x00000000080030cc                MemManage_Handler
 .text.BusFault_Handler
                0x00000000080030d2        0x6 Core/Src/stm32f1xx_it.o
                0x00000000080030d2                BusFault_Handler
 .text.UsageFault_Handler
                0x00000000080030d8        0x6 Core/Src/stm32f1xx_it.o
                0x00000000080030d8                UsageFault_Handler
 .text.SVC_Handler
                0x00000000080030de        0xc Core/Src/stm32f1xx_it.o
                0x00000000080030de                SVC_Handler
 .text.DebugMon_Handler
                0x00000000080030ea        0xc Core/Src/stm32f1xx_it.o
                0x00000000080030ea                DebugMon_Handler
 .text.PendSV_Handler
                0x00000000080030f6        0xc Core/Src/stm32f1xx_it.o
                0x00000000080030f6                PendSV_Handler
 .text.SysTick_Handler
                0x0000000008003102        0xc Core/Src/stm32f1xx_it.o
                0x0000000008003102                SysTick_Handler
 *fill*         0x000000000800310e        0x2 
 .text.TIM2_IRQHandler
                0x0000000008003110       0x14 Core/Src/stm32f1xx_it.o
                0x0000000008003110                TIM2_IRQHandler
 .text.TIM3_IRQHandler
                0x0000000008003124       0x14 Core/Src/stm32f1xx_it.o
                0x0000000008003124                TIM3_IRQHandler
 .text._getpid  0x0000000008003138        0xe Core/Src/syscalls.o
                0x0000000008003138                _getpid
 .text._kill    0x0000000008003146       0x20 Core/Src/syscalls.o
                0x0000000008003146                _kill
 .text._exit    0x0000000008003166       0x14 Core/Src/syscalls.o
                0x0000000008003166                _exit
 *fill*         0x000000000800317a        0x2 
 .text._sbrk    0x000000000800317c       0x6c Core/Src/sysmem.o
                0x000000000800317c                _sbrk
 .text.SystemInit
                0x00000000080031e8        0xc Core/Src/system_stm32f1xx.o
                0x00000000080031e8                SystemInit
 .text.Reset_Handler
                0x00000000080031f4       0x48 Core/Startup/startup_stm32f103c8tx.o
                0x00000000080031f4                Reset_Handler
 .text.Default_Handler
                0x000000000800323c        0x2 Core/Startup/startup_stm32f103c8tx.o
                0x000000000800323c                RTC_Alarm_IRQHandler
                0x000000000800323c                EXTI2_IRQHandler
                0x000000000800323c                TIM1_CC_IRQHandler
                0x000000000800323c                PVD_IRQHandler
                0x000000000800323c                EXTI3_IRQHandler
                0x000000000800323c                EXTI0_IRQHandler
                0x000000000800323c                I2C2_EV_IRQHandler
                0x000000000800323c                ADC1_2_IRQHandler
                0x000000000800323c                SPI1_IRQHandler
                0x000000000800323c                TAMPER_IRQHandler
                0x000000000800323c                DMA1_Channel4_IRQHandler
                0x000000000800323c                USART3_IRQHandler
                0x000000000800323c                RTC_IRQHandler
                0x000000000800323c                DMA1_Channel7_IRQHandler
                0x000000000800323c                CAN1_RX1_IRQHandler
                0x000000000800323c                TIM4_IRQHandler
                0x000000000800323c                I2C1_EV_IRQHandler
                0x000000000800323c                DMA1_Channel6_IRQHandler
                0x000000000800323c                RCC_IRQHandler
                0x000000000800323c                TIM1_TRG_COM_IRQHandler
                0x000000000800323c                DMA1_Channel1_IRQHandler
                0x000000000800323c                Default_Handler
                0x000000000800323c                EXTI15_10_IRQHandler
                0x000000000800323c                EXTI9_5_IRQHandler
                0x000000000800323c                SPI2_IRQHandler
                0x000000000800323c                DMA1_Channel5_IRQHandler
                0x000000000800323c                EXTI4_IRQHandler
                0x000000000800323c                USB_LP_CAN1_RX0_IRQHandler
                0x000000000800323c                USB_HP_CAN1_TX_IRQHandler
                0x000000000800323c                DMA1_Channel3_IRQHandler
                0x000000000800323c                TIM1_UP_IRQHandler
                0x000000000800323c                WWDG_IRQHandler
                0x000000000800323c                TIM1_BRK_IRQHandler
                0x000000000800323c                EXTI1_IRQHandler
                0x000000000800323c                USART2_IRQHandler
                0x000000000800323c                I2C2_ER_IRQHandler
                0x000000000800323c                DMA1_Channel2_IRQHandler
                0x000000000800323c                CAN1_SCE_IRQHandler
                0x000000000800323c                FLASH_IRQHandler
                0x000000000800323c                USART1_IRQHandler
                0x000000000800323c                I2C1_ER_IRQHandler
                0x000000000800323c                USBWakeUp_IRQHandler
 *fill*         0x000000000800323e        0x2 
 .text.HAL_Init
                0x0000000008003240       0x2c Drivers/STM32F1xx_HAL_Driver/Src/stm32f1xx_hal.o
                0x0000000008003240                HAL_Init
 .text.HAL_InitTick
                0x000000000800326c       0x60 Drivers/STM32F1xx_HAL_Driver/Src/stm32f1xx_hal.o
                0x000000000800326c                HAL_InitTick
 .text.HAL_IncTick
                0x00000000080032cc       0x24 Drivers/STM32F1xx_HAL_Driver/Src/stm32f1xx_hal.o
                0x00000000080032cc                HAL_IncTick
 .text.HAL_GetTick
                0x00000000080032f0       0x14 Drivers/STM32F1xx_HAL_Driver/Src/stm32f1xx_hal.o
                0x00000000080032f0                HAL_GetTick
 .text.HAL_Delay
                0x0000000008003304       0x48 Drivers/STM32F1xx_HAL_Driver/Src/stm32f1xx_hal.o
                0x0000000008003304                HAL_Delay
 .text.__NVIC_SetPriorityGrouping
                0x000000000800334c       0x48 Drivers/STM32F1xx_HAL_Driver/Src/stm32f1xx_hal_cortex.o
 .text.__NVIC_GetPriorityGrouping
                0x0000000008003394       0x1c Drivers/STM32F1xx_HAL_Driver/Src/stm32f1xx_hal_cortex.o
 .text.__NVIC_EnableIRQ
                0x00000000080033b0       0x38 Drivers/STM32F1xx_HAL_Driver/Src/stm32f1xx_hal_cortex.o
 .text.__NVIC_SetPriority
                0x00000000080033e8       0x54 Drivers/STM32F1xx_HAL_Driver/Src/stm32f1xx_hal_cortex.o
 .text.NVIC_EncodePriority
                0x000000000800343c       0x64 Drivers/STM32F1xx_HAL_Driver/Src/stm32f1xx_hal_cortex.o
 .text.SysTick_Config
                0x00000000080034a0       0x44 Drivers/STM32F1xx_HAL_Driver/Src/stm32f1xx_hal_cortex.o
 .text.HAL_NVIC_SetPriorityGrouping
                0x00000000080034e4       0x16 Drivers/STM32F1xx_HAL_Driver/Src/stm32f1xx_hal_cortex.o
                0x00000000080034e4                HAL_NVIC_SetPriorityGrouping
 .text.HAL_NVIC_SetPriority
                0x00000000080034fa       0x38 Drivers/STM32F1xx_HAL_Driver/Src/stm32f1xx_hal_cortex.o
                0x00000000080034fa                HAL_NVIC_SetPriority
 .text.HAL_NVIC_EnableIRQ
                0x0000000008003532       0x1c Drivers/STM32F1xx_HAL_Driver/Src/stm32f1xx_hal_cortex.o
                0x0000000008003532                HAL_NVIC_EnableIRQ
 .text.HAL_SYSTICK_Config
                0x000000000800354e       0x18 Drivers/STM32F1xx_HAL_Driver/Src/stm32f1xx_hal_cortex.o
                0x000000000800354e                HAL_SYSTICK_Config
 *fill*         0x0000000008003566        0x2 
 .text.HAL_GPIO_Init
                0x0000000008003568      0x308 Drivers/STM32F1xx_HAL_Driver/Src/stm32f1xx_hal_gpio.o
                0x0000000008003568                HAL_GPIO_Init
 .text.HAL_GPIO_WritePin
                0x0000000008003870       0x30 Drivers/STM32F1xx_HAL_Driver/Src/stm32f1xx_hal_gpio.o
                0x0000000008003870                HAL_GPIO_WritePin
 .text.HAL_GPIO_TogglePin
                0x00000000080038a0       0x32 Drivers/STM32F1xx_HAL_Driver/Src/stm32f1xx_hal_gpio.o
                0x00000000080038a0                HAL_GPIO_TogglePin
 *fill*         0x00000000080038d2        0x2 
 .text.HAL_I2C_Init
                0x00000000080038d4      0x288 Drivers/STM32F1xx_HAL_Driver/Src/stm32f1xx_hal_i2c.o
                0x00000000080038d4                HAL_I2C_Init
 .text.HAL_I2C_Mem_Write
                0x0000000008003b5c      0x1f4 Drivers/STM32F1xx_HAL_Driver/Src/stm32f1xx_hal_i2c.o
                0x0000000008003b5c                HAL_I2C_Mem_Write
 .text.HAL_I2C_Mem_Read
                0x0000000008003d50      0x4d0 Drivers/STM32F1xx_HAL_Driver/Src/stm32f1xx_hal_i2c.o
                0x0000000008003d50                HAL_I2C_Mem_Read
 .text.I2C_RequestMemoryWrite
                0x0000000008004220      0x12c Drivers/STM32F1xx_HAL_Driver/Src/stm32f1xx_hal_i2c.o
 .text.I2C_RequestMemoryRead
                0x000000000800434c      0x1d0 Drivers/STM32F1xx_HAL_Driver/Src/stm32f1xx_hal_i2c.o
 .text.I2C_WaitOnFlagUntilTimeout
                0x000000000800451c       0xae Drivers/STM32F1xx_HAL_Driver/Src/stm32f1xx_hal_i2c.o
 .text.I2C_WaitOnMasterAddressFlagUntilTimeout
                0x00000000080045ca       0xfe Drivers/STM32F1xx_HAL_Driver/Src/stm32f1xx_hal_i2c.o
 .text.I2C_WaitOnTXEFlagUntilTimeout
                0x00000000080046c8       0x82 Drivers/STM32F1xx_HAL_Driver/Src/stm32f1xx_hal_i2c.o
 .text.I2C_WaitOnBTFFlagUntilTimeout
                0x000000000800474a       0x82 Drivers/STM32F1xx_HAL_Driver/Src/stm32f1xx_hal_i2c.o
 .text.I2C_WaitOnRXNEFlagUntilTimeout
                0x00000000080047cc       0xac Drivers/STM32F1xx_HAL_Driver/Src/stm32f1xx_hal_i2c.o
 .text.I2C_IsAcknowledgeFailed
                0x0000000008004878       0x5c Drivers/STM32F1xx_HAL_Driver/Src/stm32f1xx_hal_i2c.o
 .text.HAL_RCC_OscConfig
                0x00000000080048d4      0x500 Drivers/STM32F1xx_HAL_Driver/Src/stm32f1xx_hal_rcc.o
                0x00000000080048d4                HAL_RCC_OscConfig
 .text.HAL_RCC_ClockConfig
                0x0000000008004dd4      0x1d4 Drivers/STM32F1xx_HAL_Driver/Src/stm32f1xx_hal_rcc.o
                0x0000000008004dd4                HAL_RCC_ClockConfig
 .text.HAL_RCC_GetSysClockFreq
                0x0000000008004fa8       0xc0 Drivers/STM32F1xx_HAL_Driver/Src/stm32f1xx_hal_rcc.o
                0x0000000008004fa8                HAL_RCC_GetSysClockFreq
 .text.HAL_RCC_GetHCLKFreq
                0x0000000008005068       0x14 Drivers/STM32F1xx_HAL_Driver/Src/stm32f1xx_hal_rcc.o
                0x0000000008005068                HAL_RCC_GetHCLKFreq
 .text.HAL_RCC_GetPCLK1Freq
                0x000000000800507c       0x28 Drivers/STM32F1xx_HAL_Driver/Src/stm32f1xx_hal_rcc.o
                0x000000000800507c                HAL_RCC_GetPCLK1Freq
 .text.HAL_RCC_GetPCLK2Freq
                0x00000000080050a4       0x28 Drivers/STM32F1xx_HAL_Driver/Src/stm32f1xx_hal_rcc.o
                0x00000000080050a4                HAL_RCC_GetPCLK2Freq
 .text.RCC_Delay
                0x00000000080050cc       0x3c Drivers/STM32F1xx_HAL_Driver/Src/stm32f1xx_hal_rcc.o
 .text.HAL_TIM_Base_Init
                0x0000000008005108       0x9e Drivers/STM32F1xx_HAL_Driver/Src/stm32f1xx_hal_tim.o
                0x0000000008005108                HAL_TIM_Base_Init
 *fill*         0x00000000080051a6        0x2 
 .text.HAL_TIM_Base_Start
                0x00000000080051a8       0x94 Drivers/STM32F1xx_HAL_Driver/Src/stm32f1xx_hal_tim.o
                0x00000000080051a8                HAL_TIM_Base_Start
 .text.HAL_TIM_Base_Start_IT
                0x000000000800523c       0xa4 Drivers/STM32F1xx_HAL_Driver/Src/stm32f1xx_hal_tim.o
                0x000000000800523c                HAL_TIM_Base_Start_IT
 .text.HAL_TIM_PWM_Init
                0x00000000080052e0       0x9e Drivers/STM32F1xx_HAL_Driver/Src/stm32f1xx_hal_tim.o
                0x00000000080052e0                HAL_TIM_PWM_Init
 *fill*         0x000000000800537e        0x2 
 .text.HAL_TIM_PWM_Start
                0x0000000008005380      0x144 Drivers/STM32F1xx_HAL_Driver/Src/stm32f1xx_hal_tim.o
                0x0000000008005380                HAL_TIM_PWM_Start
 .text.HAL_TIM_IC_Init
                0x00000000080054c4       0x9e Drivers/STM32F1xx_HAL_Driver/Src/stm32f1xx_hal_tim.o
                0x00000000080054c4                HAL_TIM_IC_Init
 .text.HAL_TIM_IC_MspInit
                0x0000000008005562       0x12 Drivers/STM32F1xx_HAL_Driver/Src/stm32f1xx_hal_tim.o
                0x0000000008005562                HAL_TIM_IC_MspInit
 .text.HAL_TIM_IC_Start_IT
                0x0000000008005574      0x20c Drivers/STM32F1xx_HAL_Driver/Src/stm32f1xx_hal_tim.o
                0x0000000008005574                HAL_TIM_IC_Start_IT
 .text.HAL_TIM_IRQHandler
                0x0000000008005780      0x210 Drivers/STM32F1xx_HAL_Driver/Src/stm32f1xx_hal_tim.o
                0x0000000008005780                HAL_TIM_IRQHandler
 .text.HAL_TIM_IC_ConfigChannel
                0x0000000008005990      0x128 Drivers/STM32F1xx_HAL_Driver/Src/stm32f1xx_hal_tim.o
                0x0000000008005990                HAL_TIM_IC_ConfigChannel
 .text.HAL_TIM_PWM_ConfigChannel
                0x0000000008005ab8      0x17c Drivers/STM32F1xx_HAL_Driver/Src/stm32f1xx_hal_tim.o
                0x0000000008005ab8                HAL_TIM_PWM_ConfigChannel
 .text.HAL_TIM_ConfigClockSource
                0x0000000008005c34      0x188 Drivers/STM32F1xx_HAL_Driver/Src/stm32f1xx_hal_tim.o
                0x0000000008005c34                HAL_TIM_ConfigClockSource
 .text.HAL_TIM_ReadCapturedValue
                0x0000000008005dbc       0x88 Drivers/STM32F1xx_HAL_Driver/Src/stm32f1xx_hal_tim.o
                0x0000000008005dbc                HAL_TIM_ReadCapturedValue
 .text.HAL_TIM_OC_DelayElapsedCallback
                0x0000000008005e44       0x12 Drivers/STM32F1xx_HAL_Driver/Src/stm32f1xx_hal_tim.o
                0x0000000008005e44                HAL_TIM_OC_DelayElapsedCallback
 .text.HAL_TIM_PWM_PulseFinishedCallback
                0x0000000008005e56       0x12 Drivers/STM32F1xx_HAL_Driver/Src/stm32f1xx_hal_tim.o
                0x0000000008005e56                HAL_TIM_PWM_PulseFinishedCallback
 .text.HAL_TIM_TriggerCallback
                0x0000000008005e68       0x12 Drivers/STM32F1xx_HAL_Driver/Src/stm32f1xx_hal_tim.o
                0x0000000008005e68                HAL_TIM_TriggerCallback
 *fill*         0x0000000008005e7a        0x2 
 .text.TIM_Base_SetConfig
                0x0000000008005e7c       0xc4 Drivers/STM32F1xx_HAL_Driver/Src/stm32f1xx_hal_tim.o
                0x0000000008005e7c                TIM_Base_SetConfig
 .text.TIM_OC1_SetConfig
                0x0000000008005f40       0xcc Drivers/STM32F1xx_HAL_Driver/Src/stm32f1xx_hal_tim.o
 .text.TIM_OC2_SetConfig
                0x000000000800600c       0xd4 Drivers/STM32F1xx_HAL_Driver/Src/stm32f1xx_hal_tim.o
                0x000000000800600c                TIM_OC2_SetConfig
 .text.TIM_OC3_SetConfig
                0x00000000080060e0       0xd4 Drivers/STM32F1xx_HAL_Driver/Src/stm32f1xx_hal_tim.o
 .text.TIM_OC4_SetConfig
                0x00000000080061b4       0x9c Drivers/STM32F1xx_HAL_Driver/Src/stm32f1xx_hal_tim.o
 .text.TIM_TI1_SetConfig
                0x0000000008006250       0xb4 Drivers/STM32F1xx_HAL_Driver/Src/stm32f1xx_hal_tim.o
                0x0000000008006250                TIM_TI1_SetConfig
 .text.TIM_TI1_ConfigInputStage
                0x0000000008006304       0x5c Drivers/STM32F1xx_HAL_Driver/Src/stm32f1xx_hal_tim.o
 .text.TIM_TI2_SetConfig
                0x0000000008006360       0x78 Drivers/STM32F1xx_HAL_Driver/Src/stm32f1xx_hal_tim.o
 .text.TIM_TI2_ConfigInputStage
                0x00000000080063d8       0x5e Drivers/STM32F1xx_HAL_Driver/Src/stm32f1xx_hal_tim.o
 .text.TIM_TI3_SetConfig
                0x0000000008006436       0x76 Drivers/STM32F1xx_HAL_Driver/Src/stm32f1xx_hal_tim.o
 .text.TIM_TI4_SetConfig
                0x00000000080064ac       0x78 Drivers/STM32F1xx_HAL_Driver/Src/stm32f1xx_hal_tim.o
 .text.TIM_ITRx_SetConfig
                0x0000000008006524       0x34 Drivers/STM32F1xx_HAL_Driver/Src/stm32f1xx_hal_tim.o
 .text.TIM_ETR_SetConfig
                0x0000000008006558       0x3e Drivers/STM32F1xx_HAL_Driver/Src/stm32f1xx_hal_tim.o
                0x0000000008006558                TIM_ETR_SetConfig
 .text.TIM_CCxChannelCmd
                0x0000000008006596       0x48 Drivers/STM32F1xx_HAL_Driver/Src/stm32f1xx_hal_tim.o
                0x0000000008006596                TIM_CCxChannelCmd
 *fill*         0x00000000080065de        0x2 
 .text.HAL_TIMEx_MasterConfigSynchronization
                0x00000000080065e0       0xbc Drivers/STM32F1xx_HAL_Driver/Src/stm32f1xx_hal_tim_ex.o
                0x00000000080065e0                HAL_TIMEx_MasterConfigSynchronization
 .text.HAL_TIMEx_ConfigBreakDeadTime
                0x000000000800669c       0xa2 Drivers/STM32F1xx_HAL_Driver/Src/stm32f1xx_hal_tim_ex.o
                0x000000000800669c                HAL_TIMEx_ConfigBreakDeadTime
 .text.HAL_TIMEx_CommutCallback
                0x000000000800673e       0x12 Drivers/STM32F1xx_HAL_Driver/Src/stm32f1xx_hal_tim_ex.o
                0x000000000800673e                HAL_TIMEx_CommutCallback
 .text.HAL_TIMEx_BreakCallback
                0x0000000008006750       0x12 Drivers/STM32F1xx_HAL_Driver/Src/stm32f1xx_hal_tim_ex.o
                0x0000000008006750                HAL_TIMEx_BreakCallback
 .text.HAL_UART_Init
                0x0000000008006762       0x9a Drivers/STM32F1xx_HAL_Driver/Src/stm32f1xx_hal_uart.o
                0x0000000008006762                HAL_UART_Init
 .text.HAL_UART_Transmit
                0x00000000080067fc      0x124 Drivers/STM32F1xx_HAL_Driver/Src/stm32f1xx_hal_uart.o
                0x00000000080067fc                HAL_UART_Transmit
 .text.UART_WaitOnFlagUntilTimeout
                0x0000000008006920       0x94 Drivers/STM32F1xx_HAL_Driver/Src/stm32f1xx_hal_uart.o
 .text.UART_SetConfig
                0x00000000080069b4      0x11c Drivers/STM32F1xx_HAL_Driver/Src/stm32f1xx_hal_uart.o
 .text._ZN10ControllerC2Ev
                0x0000000008006ad0      0x190 modular_robots/modular_ws/src/controller/include/src/Controller.o
                0x0000000008006ad0                Controller::Controller()
                0x0000000008006ad0                Controller::Controller()
 .text._ZN10Controller3RunE5stateS0_i
                0x0000000008006c60      0x534 modular_robots/modular_ws/src/controller/include/src/Controller.o
                0x0000000008006c60                Controller::Run(state, state, int)
 .text._ZN10ControllerD2Ev
                0x0000000008007194       0x3e modular_robots/modular_ws/src/controller/include/src/Controller.o
                0x0000000008007194                Controller::~Controller()
                0x0000000008007194                Controller::~Controller()
 .text._ZNSaIdEC2Ev
                0x00000000080071d2       0x18 modular_robots/modular_ws/src/controller/include/src/Controller.o
                0x00000000080071d2                std::allocator<double>::allocator()
                0x00000000080071d2                std::allocator<double>::allocator()
 .text._ZNSt6vectorIdSaIdEEC2ESt16initializer_listIdERKS0_
                0x00000000080071ea       0x42 modular_robots/modular_ws/src/controller/include/src/Controller.o
                0x00000000080071ea                std::vector<double, std::allocator<double> >::vector(std::initializer_list<double>, std::allocator<double> const&)
                0x00000000080071ea                std::vector<double, std::allocator<double> >::vector(std::initializer_list<double>, std::allocator<double> const&)
 .text._ZNSt6vectorIiSaIiEEaSESt16initializer_listIiE
                0x000000000800722c       0x36 modular_robots/modular_ws/src/controller/include/src/Controller.o
                0x000000000800722c                std::vector<int, std::allocator<int> >::operator=(std::initializer_list<int>)
 .text._ZN9__gnu_cxx13new_allocatorIdEC2Ev
                0x0000000008007262       0x14 modular_robots/modular_ws/src/controller/include/src/Controller.o
                0x0000000008007262                __gnu_cxx::new_allocator<double>::new_allocator()
                0x0000000008007262                __gnu_cxx::new_allocator<double>::new_allocator()
 .text._ZNSt12_Vector_baseIdSaIdEEC2ERKS0_
                0x0000000008007276       0x1e modular_robots/modular_ws/src/controller/include/src/Controller.o
                0x0000000008007276                std::_Vector_base<double, std::allocator<double> >::_Vector_base(std::allocator<double> const&)
                0x0000000008007276                std::_Vector_base<double, std::allocator<double> >::_Vector_base(std::allocator<double> const&)
 .text._ZNKSt16initializer_listIdE5beginEv
                0x0000000008007294       0x16 modular_robots/modular_ws/src/controller/include/src/Controller.o
                0x0000000008007294                std::initializer_list<double>::begin() const
 .text._ZNKSt16initializer_listIdE3endEv
                0x00000000080072aa       0x24 modular_robots/modular_ws/src/controller/include/src/Controller.o
                0x00000000080072aa                std::initializer_list<double>::end() const
 .text._ZNSt6vectorIdSaIdEE19_M_range_initializeIPKdEEvT_S5_St20forward_iterator_tag
                0x00000000080072ce       0x72 modular_robots/modular_ws/src/controller/include/src/Controller.o
                0x00000000080072ce                void std::vector<double, std::allocator<double> >::_M_range_initialize<double const*>(double const*, double const*, std::forward_iterator_tag)
 .text._ZNKSt16initializer_listIiE5beginEv
                0x0000000008007340       0x16 modular_robots/modular_ws/src/controller/include/src/Controller.o
                0x0000000008007340                std::initializer_list<int>::begin() const
 .text._ZNKSt16initializer_listIiE3endEv
                0x0000000008007356       0x24 modular_robots/modular_ws/src/controller/include/src/Controller.o
                0x0000000008007356                std::initializer_list<int>::end() const
 .text._ZNSt6vectorIiSaIiEE13_M_assign_auxIPKiEEvT_S5_St20forward_iterator_tag
                0x000000000800737a      0x132 modular_robots/modular_ws/src/controller/include/src/Controller.o
                0x000000000800737a                void std::vector<int, std::allocator<int> >::_M_assign_aux<int const*>(int const*, int const*, std::forward_iterator_tag)
 .text._ZNSaIdEC2ERKS_
                0x00000000080074ac       0x1c modular_robots/modular_ws/src/controller/include/src/Controller.o
                0x00000000080074ac                std::allocator<double>::allocator(std::allocator<double> const&)
                0x00000000080074ac                std::allocator<double>::allocator(std::allocator<double> const&)
 .text._ZNSt12_Vector_baseIdSaIdEE12_Vector_implC2ERKS0_
                0x00000000080074c8       0x24 modular_robots/modular_ws/src/controller/include/src/Controller.o
                0x00000000080074c8                std::_Vector_base<double, std::allocator<double> >::_Vector_impl::_Vector_impl(std::allocator<double> const&)
                0x00000000080074c8                std::_Vector_base<double, std::allocator<double> >::_Vector_impl::_Vector_impl(std::allocator<double> const&)
 .text._ZNKSt16initializer_listIdE4sizeEv
                0x00000000080074ec       0x16 modular_robots/modular_ws/src/controller/include/src/Controller.o
                0x00000000080074ec                std::initializer_list<double>::size() const
 .text._ZSt8distanceIPKdENSt15iterator_traitsIT_E15difference_typeES3_S3_
                0x0000000008007502       0x28 modular_robots/modular_ws/src/controller/include/src/Controller.o
                0x0000000008007502                std::iterator_traits<double const*>::difference_type std::distance<double const*>(double const*, double const*)
 *fill*         0x000000000800752a        0x2 
 .text._ZNSt6vectorIdSaIdEE17_S_check_init_lenEjRKS0_
                0x000000000800752c       0x50 modular_robots/modular_ws/src/controller/include/src/Controller.o
                0x000000000800752c                std::vector<double, std::allocator<double> >::_S_check_init_len(unsigned int, std::allocator<double> const&)
 .text._ZNSt12_Vector_baseIdSaIdEE11_M_allocateEj
                0x000000000800757c       0x28 modular_robots/modular_ws/src/controller/include/src/Controller.o
                0x000000000800757c                std::_Vector_base<double, std::allocator<double> >::_M_allocate(unsigned int)
 .text._ZSt22__uninitialized_copy_aIPKdPddET0_T_S4_S3_RSaIT1_E
                0x00000000080075a4       0x22 modular_robots/modular_ws/src/controller/include/src/Controller.o
                0x00000000080075a4                double* std::__uninitialized_copy_a<double const*, double*, double>(double const*, double const*, double*, std::allocator<double>&)
 .text._ZNKSt16initializer_listIiE4sizeEv
                0x00000000080075c6       0x16 modular_robots/modular_ws/src/controller/include/src/Controller.o
                0x00000000080075c6                std::initializer_list<int>::size() const
 .text._ZSt8distanceIPKiENSt15iterator_traitsIT_E15difference_typeES3_S3_
                0x00000000080075dc       0x28 modular_robots/modular_ws/src/controller/include/src/Controller.o
                0x00000000080075dc                std::iterator_traits<int const*>::difference_type std::distance<int const*>(int const*, int const*)
 .text._ZNSt6vectorIiSaIiEE17_S_check_init_lenEjRKS0_
                0x0000000008007604       0x50 modular_robots/modular_ws/src/controller/include/src/Controller.o
                0x0000000008007604                std::vector<int, std::allocator<int> >::_S_check_init_len(unsigned int, std::allocator<int> const&)
 .text._ZNSt6vectorIiSaIiEE20_M_allocate_and_copyIPKiEEPijT_S6_
                0x0000000008007654       0x38 modular_robots/modular_ws/src/controller/include/src/Controller.o
                0x0000000008007654                int* std::vector<int, std::allocator<int> >::_M_allocate_and_copy<int const*>(unsigned int, int const*, int const*)
 .text._ZSt4copyIPKiPiET0_T_S4_S3_
                0x000000000800768c       0x30 modular_robots/modular_ws/src/controller/include/src/Controller.o
                0x000000000800768c                int* std::copy<int const*, int*>(int const*, int const*, int*)
 .text._ZSt7advanceIPKijEvRT_T0_
                0x00000000080076bc       0x26 modular_robots/modular_ws/src/controller/include/src/Controller.o
                0x00000000080076bc                void std::advance<int const*, unsigned int>(int const*&, unsigned int)
 .text._ZSt22__uninitialized_copy_aIPKiPiiET0_T_S4_S3_RSaIT1_E
                0x00000000080076e2       0x22 modular_robots/modular_ws/src/controller/include/src/Controller.o
                0x00000000080076e2                int* std::__uninitialized_copy_a<int const*, int*, int>(int const*, int const*, int*, std::allocator<int>&)
 .text._ZN9__gnu_cxx13new_allocatorIdEC2ERKS1_
                0x0000000008007704       0x16 modular_robots/modular_ws/src/controller/include/src/Controller.o
                0x0000000008007704                __gnu_cxx::new_allocator<double>::new_allocator(__gnu_cxx::new_allocator<double> const&)
                0x0000000008007704                __gnu_cxx::new_allocator<double>::new_allocator(__gnu_cxx::new_allocator<double> const&)
 .text._ZNSt12_Vector_baseIdSaIdEE17_Vector_impl_dataC2Ev
                0x000000000800771a       0x26 modular_robots/modular_ws/src/controller/include/src/Controller.o
                0x000000000800771a                std::_Vector_base<double, std::allocator<double> >::_Vector_impl_data::_Vector_impl_data()
                0x000000000800771a                std::_Vector_base<double, std::allocator<double> >::_Vector_impl_data::_Vector_impl_data()
 .text._ZSt19__iterator_categoryIPKdENSt15iterator_traitsIT_E17iterator_categoryERKS3_
                0x0000000008007740       0x12 modular_robots/modular_ws/src/controller/include/src/Controller.o
                0x0000000008007740                std::iterator_traits<double const*>::iterator_category std::__iterator_category<double const*>(double const* const&)
 .text._ZSt10__distanceIPKdENSt15iterator_traitsIT_E15difference_typeES3_S3_St26random_access_iterator_tag
                0x0000000008007752       0x1e modular_robots/modular_ws/src/controller/include/src/Controller.o
                0x0000000008007752                std::iterator_traits<double const*>::difference_type std::__distance<double const*>(double const*, double const*, std::random_access_iterator_tag)
 .text._ZNSt6vectorIdSaIdEE11_S_max_sizeERKS0_
                0x0000000008007770       0x34 modular_robots/modular_ws/src/controller/include/src/Controller.o
                0x0000000008007770                std::vector<double, std::allocator<double> >::_S_max_size(std::allocator<double> const&)
 .text._ZNSt16allocator_traitsISaIdEE8allocateERS0_j
                0x00000000080077a4       0x1e modular_robots/modular_ws/src/controller/include/src/Controller.o
                0x00000000080077a4                std::allocator_traits<std::allocator<double> >::allocate(std::allocator<double>&, unsigned int)
 .text._ZSt18uninitialized_copyIPKdPdET0_T_S4_S3_
                0x00000000080077c2       0x24 modular_robots/modular_ws/src/controller/include/src/Controller.o
                0x00000000080077c2                double* std::uninitialized_copy<double const*, double*>(double const*, double const*, double*)
 .text._ZSt19__iterator_categoryIPKiENSt15iterator_traitsIT_E17iterator_categoryERKS3_
                0x00000000080077e6       0x12 modular_robots/modular_ws/src/controller/include/src/Controller.o
                0x00000000080077e6                std::iterator_traits<int const*>::iterator_category std::__iterator_category<int const*>(int const* const&)
 .text._ZSt10__distanceIPKiENSt15iterator_traitsIT_E15difference_typeES3_S3_St26random_access_iterator_tag
                0x00000000080077f8       0x1e modular_robots/modular_ws/src/controller/include/src/Controller.o
                0x00000000080077f8                std::iterator_traits<int const*>::difference_type std::__distance<int const*>(int const*, int const*, std::random_access_iterator_tag)
 .text._ZNSt6vectorIiSaIiEE11_S_max_sizeERKS0_
                0x0000000008007816       0x34 modular_robots/modular_ws/src/controller/include/src/Controller.o
                0x0000000008007816                std::vector<int, std::allocator<int> >::_S_max_size(std::allocator<int> const&)
 .text._ZNSaIiEC2ERKS_
                0x000000000800784a       0x1c modular_robots/modular_ws/src/controller/include/src/Controller.o
                0x000000000800784a                std::allocator<int>::allocator(std::allocator<int> const&)
                0x000000000800784a                std::allocator<int>::allocator(std::allocator<int> const&)
 .text._ZSt12__miter_baseIPKiET_S2_
                0x0000000008007866       0x14 modular_robots/modular_ws/src/controller/include/src/Controller.o
                0x0000000008007866                int const* std::__miter_base<int const*>(int const*)
 .text._ZSt14__copy_move_a2ILb0EPKiPiET1_T0_S4_S3_
                0x000000000800787a       0x46 modular_robots/modular_ws/src/controller/include/src/Controller.o
                0x000000000800787a                int* std::__copy_move_a2<false, int const*, int*>(int const*, int const*, int*)
 .text._ZSt9__advanceIPKiiEvRT_T0_St26random_access_iterator_tag
                0x00000000080078c0       0x24 modular_robots/modular_ws/src/controller/include/src/Controller.o
                0x00000000080078c0                void std::__advance<int const*, int>(int const*&, int, std::random_access_iterator_tag)
 .text._ZSt18uninitialized_copyIPKiPiET0_T_S4_S3_
                0x00000000080078e4       0x24 modular_robots/modular_ws/src/controller/include/src/Controller.o
                0x00000000080078e4                int* std::uninitialized_copy<int const*, int*>(int const*, int const*, int*)
 .text._ZNSt16allocator_traitsISaIdEE8max_sizeERKS0_
                0x0000000008007908       0x18 modular_robots/modular_ws/src/controller/include/src/Controller.o
                0x0000000008007908                std::allocator_traits<std::allocator<double> >::max_size(std::allocator<double> const&)
 .text._ZSt3minIjERKT_S2_S2_
                0x0000000008007920       0x26 modular_robots/modular_ws/src/controller/include/src/Controller.o
                0x0000000008007920                unsigned int const& std::min<unsigned int>(unsigned int const&, unsigned int const&)
 .text._ZN9__gnu_cxx13new_allocatorIdE8allocateEjPKv
                0x0000000008007946       0x3c modular_robots/modular_ws/src/controller/include/src/Controller.o
                0x0000000008007946                __gnu_cxx::new_allocator<double>::allocate(unsigned int, void const*)
 .text._ZNSt20__uninitialized_copyILb1EE13__uninit_copyIPKdPdEET0_T_S6_S5_
                0x0000000008007982       0x20 modular_robots/modular_ws/src/controller/include/src/Controller.o
                0x0000000008007982                double* std::__uninitialized_copy<true>::__uninit_copy<double const*, double*>(double const*, double const*, double*)
 .text._ZNSt16allocator_traitsISaIiEE8max_sizeERKS0_
                0x00000000080079a2       0x18 modular_robots/modular_ws/src/controller/include/src/Controller.o
                0x00000000080079a2                std::allocator_traits<std::allocator<int> >::max_size(std::allocator<int> const&)
 .text._ZN9__gnu_cxx13new_allocatorIiEC2ERKS1_
                0x00000000080079ba       0x16 modular_robots/modular_ws/src/controller/include/src/Controller.o
                0x00000000080079ba                __gnu_cxx::new_allocator<int>::new_allocator(__gnu_cxx::new_allocator<int> const&)
                0x00000000080079ba                __gnu_cxx::new_allocator<int>::new_allocator(__gnu_cxx::new_allocator<int> const&)
 .text._ZSt12__niter_baseIPKiET_S2_
                0x00000000080079d0       0x14 modular_robots/modular_ws/src/controller/include/src/Controller.o
                0x00000000080079d0                int const* std::__niter_base<int const*>(int const*)
 .text._ZNSt20__uninitialized_copyILb1EE13__uninit_copyIPKiPiEET0_T_S6_S5_
                0x00000000080079e4       0x20 modular_robots/modular_ws/src/controller/include/src/Controller.o
                0x00000000080079e4                int* std::__uninitialized_copy<true>::__uninit_copy<int const*, int*>(int const*, int const*, int*)
 .text._ZNK9__gnu_cxx13new_allocatorIdE8max_sizeEv
                0x0000000008007a04       0x16 modular_robots/modular_ws/src/controller/include/src/Controller.o
                0x0000000008007a04                __gnu_cxx::new_allocator<double>::max_size() const
 .text._ZSt4copyIPKdPdET0_T_S4_S3_
                0x0000000008007a1a       0x30 modular_robots/modular_ws/src/controller/include/src/Controller.o
                0x0000000008007a1a                double* std::copy<double const*, double*>(double const*, double const*, double*)
 .text._ZSt12__miter_baseIPKdET_S2_
                0x0000000008007a4a       0x14 modular_robots/modular_ws/src/controller/include/src/Controller.o
                0x0000000008007a4a                double const* std::__miter_base<double const*>(double const*)
 .text._ZSt14__copy_move_a2ILb0EPKdPdET1_T0_S4_S3_
                0x0000000008007a5e       0x46 modular_robots/modular_ws/src/controller/include/src/Controller.o
                0x0000000008007a5e                double* std::__copy_move_a2<false, double const*, double*>(double const*, double const*, double*)
 .text._ZSt12__niter_baseIPKdET_S2_
                0x0000000008007aa4       0x14 modular_robots/modular_ws/src/controller/include/src/Controller.o
                0x0000000008007aa4                double const* std::__niter_base<double const*>(double const*)
 .text._ZSt12__niter_baseIPdET_S1_
                0x0000000008007ab8       0x14 modular_robots/modular_ws/src/controller/include/src/Controller.o
                0x0000000008007ab8                double* std::__niter_base<double*>(double*)
 .text._ZSt13__copy_move_aILb0EPKdPdET1_T0_S4_S3_
                0x0000000008007acc       0x24 modular_robots/modular_ws/src/controller/include/src/Controller.o
                0x0000000008007acc                double* std::__copy_move_a<false, double const*, double*>(double const*, double const*, double*)
 .text._ZSt12__niter_wrapIPdET_RKS1_S1_
                0x0000000008007af0       0x16 modular_robots/modular_ws/src/controller/include/src/Controller.o
                0x0000000008007af0                double* std::__niter_wrap<double*>(double* const&, double*)
 .text._ZNSt11__copy_moveILb0ELb1ESt26random_access_iterator_tagE8__copy_mIdEEPT_PKS3_S6_S4_
                0x0000000008007b06       0x3a modular_robots/modular_ws/src/controller/include/src/Controller.o
                0x0000000008007b06                double* std::__copy_move<false, true, std::random_access_iterator_tag>::__copy_m<double>(double const*, double const*, double*)
 .text._ZN15Kalman_FiltresiC2Ev
                0x0000000008007b40       0xc4 modular_robots/modular_ws/src/controller/include/src/Kalman.o
                0x0000000008007b40                Kalman_Filtresi::Kalman_Filtresi()
                0x0000000008007b40                Kalman_Filtresi::Kalman_Filtresi()
 .text._ZN15Kalman_Filtresi3RunEPfS0_
                0x0000000008007c04      0x84c modular_robots/modular_ws/src/controller/include/src/Kalman.o
                0x0000000008007c04                Kalman_Filtresi::Run(float*, float*)
 .text._ZN15Kalman_FiltresiD2Ev
                0x0000000008008450       0x14 modular_robots/modular_ws/src/controller/include/src/Kalman.o
                0x0000000008008450                Kalman_Filtresi::~Kalman_Filtresi()
                0x0000000008008450                Kalman_Filtresi::~Kalman_Filtresi()
 *fill*         0x0000000008008464        0x4 
 .text._ZN13LowPassFilterC2Eff
                0x0000000008008468       0x94 modular_robots/modular_ws/src/controller/include/src/LowPassFilter.o
                0x0000000008008468                LowPassFilter::LowPassFilter(float, float)
                0x0000000008008468                LowPassFilter::LowPassFilter(float, float)
 .text._ZN13LowPassFilter6updateEf
                0x00000000080084fc       0x48 modular_robots/modular_ws/src/controller/include/src/LowPassFilter.o
                0x00000000080084fc                LowPassFilter::update(float)
 .text._ZN3PIDC2Ev
                0x0000000008008544       0x4c modular_robots/modular_ws/src/controller/include/src/PID.o
                0x0000000008008544                PID::PID()
                0x0000000008008544                PID::PID()
 .text._ZN3PID7P_AngleEddd
                0x0000000008008590       0x42 modular_robots/modular_ws/src/controller/include/src/PID.o
                0x0000000008008590                PID::P_Angle(double, double, double)
 *fill*         0x00000000080085d2        0x2 
 .text._ZN3PID7PD_RateEddddd
                0x00000000080085d4      0x1bc modular_robots/modular_ws/src/controller/include/src/PID.o
                0x00000000080085d4                PID::PD_Rate(double, double, double, double, double)
 .text._ZN3PID10P_Rate_YawEddd
                0x0000000008008790       0x60 modular_robots/modular_ws/src/controller/include/src/PID.o
                0x0000000008008790                PID::P_Rate_Yaw(double, double, double)
 .text._ZN3PID3sgnEd
                0x00000000080087f0       0x64 modular_robots/modular_ws/src/controller/include/src/PID.o
                0x00000000080087f0                PID::sgn(double)
 .text._ZN3PID3SatEdiii
                0x0000000008008854       0x8c modular_robots/modular_ws/src/controller/include/src/PID.o
                0x0000000008008854                PID::Sat(double, int, int, int)
 .text._ZN3PID3SatEdii
                0x00000000080088e0       0x72 modular_robots/modular_ws/src/controller/include/src/PID.o
                0x00000000080088e0                PID::Sat(double, int, int)
 .text._ZN3PID7pwm2angEt
                0x0000000008008952       0x50 modular_robots/modular_ws/src/controller/include/src/PID.o
                0x0000000008008952                PID::pwm2ang(unsigned short)
 .text._ZN3PID8pwm2rateEt
                0x00000000080089a2       0x52 modular_robots/modular_ws/src/controller/include/src/PID.o
                0x00000000080089a2                PID::pwm2rate(unsigned short)
 .text._ZN3PID7pwm2motEti
                0x00000000080089f4       0x90 modular_robots/modular_ws/src/controller/include/src/PID.o
                0x00000000080089f4                PID::pwm2mot(unsigned short, int)
 .text._ZN3PIDD2Ev
                0x0000000008008a84       0x14 modular_robots/modular_ws/src/controller/include/src/PID.o
                0x0000000008008a84                PID::~PID()
                0x0000000008008a84                PID::~PID()
 .text._ZdlPv   0x0000000008008a98        0x4 c:/st/stm32cubeide_1.6.1/stm32cubeide/plugins/com.st.stm32cube.ide.mcu.externaltools.gnu-tools-for-stm32.9-2020-q2-update.win32_1.5.0.202011040924/tools/bin/../lib/gcc/arm-none-eabi/9.3.1/../../../../arm-none-eabi/lib/thumb/v7-m/nofp\libstdc++_nano.a(del_op.o)
                0x0000000008008a98                operator delete(void*)
 .text._Znwj    0x0000000008008a9c       0x22 c:/st/stm32cubeide_1.6.1/stm32cubeide/plugins/com.st.stm32cube.ide.mcu.externaltools.gnu-tools-for-stm32.9-2020-q2-update.win32_1.5.0.202011040924/tools/bin/../lib/gcc/arm-none-eabi/9.3.1/../../../../arm-none-eabi/lib/thumb/v7-m/nofp\libstdc++_nano.a(new_op.o)
                0x0000000008008a9c                operator new(unsigned int)
 .text.unlikely._ZSt17__throw_bad_allocv
                0x0000000008008abe        0x6 c:/st/stm32cubeide_1.6.1/stm32cubeide/plugins/com.st.stm32cube.ide.mcu.externaltools.gnu-tools-for-stm32.9-2020-q2-update.win32_1.5.0.202011040924/tools/bin/../lib/gcc/arm-none-eabi/9.3.1/../../../../arm-none-eabi/lib/thumb/v7-m/nofp\libstdc++_nano.a(functexcept.o)
                0x0000000008008abe                std::__throw_bad_alloc()
 .text.unlikely._ZSt20__throw_length_errorPKc
                0x0000000008008ac4        0x6 c:/st/stm32cubeide_1.6.1/stm32cubeide/plugins/com.st.stm32cube.ide.mcu.externaltools.gnu-tools-for-stm32.9-2020-q2-update.win32_1.5.0.202011040924/tools/bin/../lib/gcc/arm-none-eabi/9.3.1/../../../../arm-none-eabi/lib/thumb/v7-m/nofp\libstdc++_nano.a(functexcept.o)
                0x0000000008008ac4                std::__throw_length_error(char const*)
 *fill*         0x0000000008008aca        0x2 
 .text._ZSt15get_new_handlerv
                0x0000000008008acc       0x10 c:/st/stm32cubeide_1.6.1/stm32cubeide/plugins/com.st.stm32cube.ide.mcu.externaltools.gnu-tools-for-stm32.9-2020-q2-update.win32_1.5.0.202011040924/tools/bin/../lib/gcc/arm-none-eabi/9.3.1/../../../../arm-none-eabi/lib/thumb/v7-m/nofp\libstdc++_nano.a(new_handler.o)
                0x0000000008008acc                std::get_new_handler()
 *fill*         0x0000000008008adc        0x4 
 .text.exp      0x0000000008008ae0       0x80 c:/st/stm32cubeide_1.6.1/stm32cubeide/plugins/com.st.stm32cube.ide.mcu.externaltools.gnu-tools-for-stm32.9-2020-q2-update.win32_1.5.0.202011040924/tools/bin/../lib/gcc/arm-none-eabi/9.3.1/../../../../arm-none-eabi/lib/thumb/v7-m/nofp\libm.a(lib_a-w_exp.o)
                0x0000000008008ae0                exp
 .text.asinf    0x0000000008008b60       0x4c c:/st/stm32cubeide_1.6.1/stm32cubeide/plugins/com.st.stm32cube.ide.mcu.externaltools.gnu-tools-for-stm32.9-2020-q2-update.win32_1.5.0.202011040924/tools/bin/../lib/gcc/arm-none-eabi/9.3.1/../../../../arm-none-eabi/lib/thumb/v7-m/nofp\libm.a(lib_a-wf_asin.o)
                0x0000000008008b60                asinf
 .text.sqrtf    0x0000000008008bac       0x44 c:/st/stm32cubeide_1.6.1/stm32cubeide/plugins/com.st.stm32cube.ide.mcu.externaltools.gnu-tools-for-stm32.9-2020-q2-update.win32_1.5.0.202011040924/tools/bin/../lib/gcc/arm-none-eabi/9.3.1/../../../../arm-none-eabi/lib/thumb/v7-m/nofp\libm.a(lib_a-wf_sqrt.o)
                0x0000000008008bac                sqrtf
 .text.__ieee754_exp
                0x0000000008008bf0      0x2d4 c:/st/stm32cubeide_1.6.1/stm32cubeide/plugins/com.st.stm32cube.ide.mcu.externaltools.gnu-tools-for-stm32.9-2020-q2-update.win32_1.5.0.202011040924/tools/bin/../lib/gcc/arm-none-eabi/9.3.1/../../../../arm-none-eabi/lib/thumb/v7-m/nofp\libm.a(lib_a-e_exp.o)
                0x0000000008008bf0                __ieee754_exp
 .text.__ieee754_asinf
                0x0000000008008ec4      0x288 c:/st/stm32cubeide_1.6.1/stm32cubeide/plugins/com.st.stm32cube.ide.mcu.externaltools.gnu-tools-for-stm32.9-2020-q2-update.win32_1.5.0.202011040924/tools/bin/../lib/gcc/arm-none-eabi/9.3.1/../../../../arm-none-eabi/lib/thumb/v7-m/nofp\libm.a(lib_a-ef_asin.o)
                0x0000000008008ec4                __ieee754_asinf
 .text.__ieee754_sqrtf
                0x000000000800914c       0xa2 c:/st/stm32cubeide_1.6.1/stm32cubeide/plugins/com.st.stm32cube.ide.mcu.externaltools.gnu-tools-for-stm32.9-2020-q2-update.win32_1.5.0.202011040924/tools/bin/../lib/gcc/arm-none-eabi/9.3.1/../../../../arm-none-eabi/lib/thumb/v7-m/nofp\libm.a(lib_a-ef_sqrt.o)
                0x000000000800914c                __ieee754_sqrtf
 .text.finite   0x00000000080091ee        0xc c:/st/stm32cubeide_1.6.1/stm32cubeide/plugins/com.st.stm32cube.ide.mcu.externaltools.gnu-tools-for-stm32.9-2020-q2-update.win32_1.5.0.202011040924/tools/bin/../lib/gcc/arm-none-eabi/9.3.1/../../../../arm-none-eabi/lib/thumb/v7-m/nofp\libm.a(lib_a-s_finite.o)
                0x00000000080091ee                finite
 .text.fabsf    0x00000000080091fa        0x6 c:/st/stm32cubeide_1.6.1/stm32cubeide/plugins/com.st.stm32cube.ide.mcu.externaltools.gnu-tools-for-stm32.9-2020-q2-update.win32_1.5.0.202011040924/tools/bin/../lib/gcc/arm-none-eabi/9.3.1/../../../../arm-none-eabi/lib/thumb/v7-m/nofp\libm.a(lib_a-sf_fabs.o)
                0x00000000080091fa                fabsf
 .text.nanf     0x0000000008009200        0x8 c:/st/stm32cubeide_1.6.1/stm32cubeide/plugins/com.st.stm32cube.ide.mcu.externaltools.gnu-tools-for-stm32.9-2020-q2-update.win32_1.5.0.202011040924/tools/bin/../lib/gcc/arm-none-eabi/9.3.1/../../../../arm-none-eabi/lib/thumb/v7-m/nofp\libm.a(lib_a-sf_nan.o)
                0x0000000008009200                nanf
 .text.abort    0x0000000008009208        0xe c:/st/stm32cubeide_1.6.1/stm32cubeide/plugins/com.st.stm32cube.ide.mcu.externaltools.gnu-tools-for-stm32.9-2020-q2-update.win32_1.5.0.202011040924/tools/bin/../lib/gcc/arm-none-eabi/9.3.1/../../../../arm-none-eabi/lib/thumb/v7-m/nofp\libc_nano.a(lib_a-abort.o)
                0x0000000008009208                abort
 *fill*         0x0000000008009216        0x2 
 .text.__errno  0x0000000008009218        0xc c:/st/stm32cubeide_1.6.1/stm32cubeide/plugins/com.st.stm32cube.ide.mcu.externaltools.gnu-tools-for-stm32.9-2020-q2-update.win32_1.5.0.202011040924/tools/bin/../lib/gcc/arm-none-eabi/9.3.1/../../../../arm-none-eabi/lib/thumb/v7-m/nofp\libc_nano.a(lib_a-errno.o)
                0x0000000008009218                __errno
 .text.__libc_init_array
                0x0000000008009224       0x48 c:/st/stm32cubeide_1.6.1/stm32cubeide/plugins/com.st.stm32cube.ide.mcu.externaltools.gnu-tools-for-stm32.9-2020-q2-update.win32_1.5.0.202011040924/tools/bin/../lib/gcc/arm-none-eabi/9.3.1/../../../../arm-none-eabi/lib/thumb/v7-m/nofp\libc_nano.a(lib_a-init.o)
                0x0000000008009224                __libc_init_array
 .text.malloc   0x000000000800926c       0x10 c:/st/stm32cubeide_1.6.1/stm32cubeide/plugins/com.st.stm32cube.ide.mcu.externaltools.gnu-tools-for-stm32.9-2020-q2-update.win32_1.5.0.202011040924/tools/bin/../lib/gcc/arm-none-eabi/9.3.1/../../../../arm-none-eabi/lib/thumb/v7-m/nofp\libc_nano.a(lib_a-malloc.o)
                0x000000000800926c                malloc
 .text.free     0x000000000800927c       0x10 c:/st/stm32cubeide_1.6.1/stm32cubeide/plugins/com.st.stm32cube.ide.mcu.externaltools.gnu-tools-for-stm32.9-2020-q2-update.win32_1.5.0.202011040924/tools/bin/../lib/gcc/arm-none-eabi/9.3.1/../../../../arm-none-eabi/lib/thumb/v7-m/nofp\libc_nano.a(lib_a-malloc.o)
                0x000000000800927c                free
 .text.memmove  0x000000000800928c       0x34 c:/st/stm32cubeide_1.6.1/stm32cubeide/plugins/com.st.stm32cube.ide.mcu.externaltools.gnu-tools-for-stm32.9-2020-q2-update.win32_1.5.0.202011040924/tools/bin/../lib/gcc/arm-none-eabi/9.3.1/../../../../arm-none-eabi/lib/thumb/v7-m/nofp\libc_nano.a(lib_a-memmove.o)
                0x000000000800928c                memmove
 .text.memset   0x00000000080092c0       0x10 c:/st/stm32cubeide_1.6.1/stm32cubeide/plugins/com.st.stm32cube.ide.mcu.externaltools.gnu-tools-for-stm32.9-2020-q2-update.win32_1.5.0.202011040924/tools/bin/../lib/gcc/arm-none-eabi/9.3.1/../../../../arm-none-eabi/lib/thumb/v7-m/nofp\libc_nano.a(lib_a-memset.o)
                0x00000000080092c0                memset
 .text._free_r  0x00000000080092d0       0x98 c:/st/stm32cubeide_1.6.1/stm32cubeide/plugins/com.st.stm32cube.ide.mcu.externaltools.gnu-tools-for-stm32.9-2020-q2-update.win32_1.5.0.202011040924/tools/bin/../lib/gcc/arm-none-eabi/9.3.1/../../../../arm-none-eabi/lib/thumb/v7-m/nofp\libc_nano.a(lib_a-nano-freer.o)
                0x00000000080092d0                _free_r
 .text._malloc_r
                0x0000000008009368       0xb4 c:/st/stm32cubeide_1.6.1/stm32cubeide/plugins/com.st.stm32cube.ide.mcu.externaltools.gnu-tools-for-stm32.9-2020-q2-update.win32_1.5.0.202011040924/tools/bin/../lib/gcc/arm-none-eabi/9.3.1/../../../../arm-none-eabi/lib/thumb/v7-m/nofp\libc_nano.a(lib_a-nano-mallocr.o)
                0x0000000008009368                _malloc_r
 .text._sbrk_r  0x000000000800941c       0x20 c:/st/stm32cubeide_1.6.1/stm32cubeide/plugins/com.st.stm32cube.ide.mcu.externaltools.gnu-tools-for-stm32.9-2020-q2-update.win32_1.5.0.202011040924/tools/bin/../lib/gcc/arm-none-eabi/9.3.1/../../../../arm-none-eabi/lib/thumb/v7-m/nofp\libc_nano.a(lib_a-sbrkr.o)
                0x000000000800941c                _sbrk_r
 .text._raise_r
                0x000000000800943c       0x50 c:/st/stm32cubeide_1.6.1/stm32cubeide/plugins/com.st.stm32cube.ide.mcu.externaltools.gnu-tools-for-stm32.9-2020-q2-update.win32_1.5.0.202011040924/tools/bin/../lib/gcc/arm-none-eabi/9.3.1/../../../../arm-none-eabi/lib/thumb/v7-m/nofp\libc_nano.a(lib_a-signal.o)
                0x000000000800943c                _raise_r
 .text.raise    0x000000000800948c       0x10 c:/st/stm32cubeide_1.6.1/stm32cubeide/plugins/com.st.stm32cube.ide.mcu.externaltools.gnu-tools-for-stm32.9-2020-q2-update.win32_1.5.0.202011040924/tools/bin/../lib/gcc/arm-none-eabi/9.3.1/../../../../arm-none-eabi/lib/thumb/v7-m/nofp\libc_nano.a(lib_a-signal.o)
                0x000000000800948c                raise