Archive member included to satisfy reference by file (symbol)

c:/st/stm32cubeide_1.6.1/stm32cubeide/plugins/com.st.stm32cube.ide.mcu.externaltools.gnu-tools-for-stm32.9-2020-q2-update.win32_1.5.0.202011040924/tools/bin/../lib/gcc/arm-none-eabi/9.3.1/../../../../arm-none-eabi/lib/thumb/v7-m/nofp\libstdc++_nano.a(del_op.o)
                              Core/Src/main.o (operator delete(void*))
c:/st/stm32cubeide_1.6.1/stm32cubeide/plugins/com.st.stm32cube.ide.mcu.externaltools.gnu-tools-for-stm32.9-2020-q2-update.win32_1.5.0.202011040924/tools/bin/../lib/gcc/arm-none-eabi/9.3.1/../../../../arm-none-eabi/lib/thumb/v7-m/nofp\libstdc++_nano.a(new_op.o)
                              modular_robots/modular_ws/src/controller/include/src/Controller.o (operator new(unsigned int))
c:/st/stm32cubeide_1.6.1/stm32cubeide/plugins/com.st.stm32cube.ide.mcu.externaltools.gnu-tools-for-stm32.9-2020-q2-update.win32_1.5.0.202011040924/tools/bin/../lib/gcc/arm-none-eabi/9.3.1/../../../../arm-none-eabi/lib/thumb/v7-m/nofp\libstdc++_nano.a(functexcept.o)
                              modular_robots/modular_ws/src/controller/include/src/Controller.o (std::__throw_bad_alloc())
c:/st/stm32cubeide_1.6.1/stm32cubeide/plugins/com.st.stm32cube.ide.mcu.externaltools.gnu-tools-for-stm32.9-2020-q2-update.win32_1.5.0.202011040924/tools/bin/../lib/gcc/arm-none-eabi/9.3.1/../../../../arm-none-eabi/lib/thumb/v7-m/nofp\libstdc++_nano.a(snprintf_lite.o)
                              c:/st/stm32cubeide_1.6.1/stm32cubeide/plugins/com.st.stm32cube.ide.mcu.externaltools.gnu-tools-for-stm32.9-2020-q2-update.win32_1.5.0.202011040924/tools/bin/../lib/gcc/arm-none-eabi/9.3.1/../../../../arm-none-eabi/lib/thumb/v7-m/nofp\libstdc++_nano.a(functexcept.o) (__gnu_cxx::__snprintf_lite(char*, unsigned int, char const*, std::__va_list))
c:/st/stm32cubeide_1.6.1/stm32cubeide/plugins/com.st.stm32cube.ide.mcu.externaltools.gnu-tools-for-stm32.9-2020-q2-update.win32_1.5.0.202011040924/tools/bin/../lib/gcc/arm-none-eabi/9.3.1/../../../../arm-none-eabi/lib/thumb/v7-m/nofp\libstdc++_nano.a(new_handler.o)
                              c:/st/stm32cubeide_1.6.1/stm32cubeide/plugins/com.st.stm32cube.ide.mcu.externaltools.gnu-tools-for-stm32.9-2020-q2-update.win32_1.5.0.202011040924/tools/bin/../lib/gcc/arm-none-eabi/9.3.1/../../../../arm-none-eabi/lib/thumb/v7-m/nofp\libstdc++_nano.a(new_op.o) (std::get_new_handler())
c:/st/stm32cubeide_1.6.1/stm32cubeide/plugins/com.st.stm32cube.ide.mcu.externaltools.gnu-tools-for-stm32.9-2020-q2-update.win32_1.5.0.202011040924/tools/bin/../lib/gcc/arm-none-eabi/9.3.1/../../../../arm-none-eabi/lib/thumb/v7-m/nofp\libm.a(lib_a-w_exp.o)
                              modular_robots/modular_ws/src/controller/include/src/LowPassFilter.o (exp)
c:/st/stm32cubeide_1.6.1/stm32cubeide/plugins/com.st.stm32cube.ide.mcu.externaltools.gnu-tools-for-stm32.9-2020-q2-update.win32_1.5.0.202011040924/tools/bin/../lib/gcc/arm-none-eabi/9.3.1/../../../../arm-none-eabi/lib/thumb/v7-m/nofp\libm.a(lib_a-wf_asin.o)
                              Core/Src/main.o (asinf)
c:/st/stm32cubeide_1.6.1/stm32cubeide/plugins/com.st.stm32cube.ide.mcu.externaltools.gnu-tools-for-stm32.9-2020-q2-update.win32_1.5.0.202011040924/tools/bin/../lib/gcc/arm-none-eabi/9.3.1/../../../../arm-none-eabi/lib/thumb/v7-m/nofp\libm.a(lib_a-wf_sqrt.o)
                              Core/Src/main.o (sqrtf)
c:/st/stm32cubeide_1.6.1/stm32cubeide/plugins/com.st.stm32cube.ide.mcu.externaltools.gnu-tools-for-stm32.9-2020-q2-update.win32_1.5.0.202011040924/tools/bin/../lib/gcc/arm-none-eabi/9.3.1/../../../../arm-none-eabi/lib/thumb/v7-m/nofp\libm.a(lib_a-e_exp.o)
                              c:/st/stm32cubeide_1.6.1/stm32cubeide/plugins/com.st.stm32cube.ide.mcu.externaltools.gnu-tools-for-stm32.9-2020-q2-update.win32_1.5.0.202011040924/tools/bin/../lib/gcc/arm-none-eabi/9.3.1/../../../../arm-none-eabi/lib/thumb/v7-m/nofp\libm.a(lib_a-w_exp.o) (__ieee754_exp)
c:/st/stm32cubeide_1.6.1/stm32cubeide/plugins/com.st.stm32cube.ide.mcu.externaltools.gnu-tools-for-stm32.9-2020-q2-update.win32_1.5.0.202011040924/tools/bin/../lib/gcc/arm-none-eabi/9.3.1/../../../../arm-none-eabi/lib/thumb/v7-m/nofp\libm.a(lib_a-ef_asin.o)
                              c:/st/stm32cubeide_1.6.1/stm32cubeide/plugins/com.st.stm32cube.ide.mcu.externaltools.gnu-tools-for-stm32.9-2020-q2-update.win32_1.5.0.202011040924/tools/bin/../lib/gcc/arm-none-eabi/9.3.1/../../../../arm-none-eabi/lib/thumb/v7-m/nofp\libm.a(lib_a-wf_asin.o) (__ieee754_asinf)
c:/st/stm32cubeide_1.6.1/stm32cubeide/plugins/com.st.stm32cube.ide.mcu.externaltools.gnu-tools-for-stm32.9-2020-q2-update.win32_1.5.0.202011040924/tools/bin/../lib/gcc/arm-none-eabi/9.3.1/../../../../arm-none-eabi/lib/thumb/v7-m/nofp\libm.a(lib_a-ef_sqrt.o)
[...]
Memory Configuration

Name             Origin             Length             Attributes
RAM              0x0000000020000000 0x0000000000005000 xrw
FLASH            0x0000000008000000 0x0000000000010000 xr
*default*        0x0000000000000000 0xffffffffffffffff

Linker script and memory map

LOAD c:/st/stm32cubeide_1.6.1/stm32cubeide/plugins/com.st.stm32cube.ide.mcu.externaltools.gnu-tools-for-stm32.9-2020-q2-update.win32_1.5.0.202011040924/tools/bin/../lib/gcc/arm-none-eabi/9.3.1/thumb/v7-m/nofp/crti.o
LOAD c:/st/stm32cubeide_1.6.1/stm32cubeide/plugins/com.st.stm32cube.ide.mcu.externaltools.gnu-tools-for-stm32.9-2020-q2-update.win32_1.5.0.202011040924/tools/bin/../lib/gcc/arm-none-eabi/9.3.1/thumb/v7-m/nofp/crtbegin.o
LOAD c:/st/stm32cubeide_1.6.1/stm32cubeide/plugins/com.st.stm32cube.ide.mcu.externaltools.gnu-tools-for-stm32.9-2020-q2-update.win32_1.5.0.202011040924/tools/bin/../lib/gcc/arm-none-eabi/9.3.1/../../../../arm-none-eabi/lib/thumb/v7-m/nofp/crt0.o
LOAD Core/Src/main.o
LOAD Core/Src/stm32f1xx_hal_msp.o
LOAD Core/Src/stm32f1xx_it.o
LOAD Core/Src/syscalls.o
LOAD Core/Src/sysmem.o
LOAD Core/Src/system_stm32f1xx.o
LOAD Core/Startup/startup_stm32f103c8tx.o
LOAD Drivers/STM32F1xx_HAL_Driver/Src/stm32f1xx_hal.o
LOAD Drivers/STM32F1xx_HAL_Driver/Src/stm32f1xx_hal_cortex.o
LOAD Drivers/STM32F1xx_HAL_Driver/Src/stm32f1xx_hal_dma.o
LOAD Drivers/STM32F1xx_HAL_Driver/Src/stm32f1xx_hal_exti.o
LOAD Drivers/STM32F1xx_HAL_Driver/Src/stm32f1xx_hal_flash.o
LOAD Drivers/STM32F1xx_HAL_Driver/Src/stm32f1xx_hal_flash_ex.o
LOAD Drivers/STM32F1xx_HAL_Driver/Src/stm32f1xx_hal_gpio.o
LOAD Drivers/STM32F1xx_HAL_Driver/Src/stm32f1xx_hal_gpio_ex.o
LOAD Drivers/STM32F1xx_HAL_Driver/Src/stm32f1xx_hal_i2c.o
LOAD Drivers/STM32F1xx_HAL_Driver/Src/stm32f1xx_hal_pwr.o
LOAD Drivers/STM32F1xx_HAL_Driver/Src/stm32f1xx_hal_rcc.o
LOAD Drivers/STM32F1xx_HAL_Driver/Src/stm32f1xx_hal_rcc_ex.o
LOAD Drivers/STM32F1xx_HAL_Driver/Src/stm32f1xx_hal_tim.o
LOAD Drivers/STM32F1xx_HAL_Driver/Src/stm32f1xx_hal_tim_ex.o
LOAD Drivers/STM32F1xx_HAL_Driver/Src/stm32f1xx_hal_uart.o
LOAD modular_robots/modular_ws/src/controller/include/src/Controller.o
LOAD modular_robots/modular_ws/src/controller/include/src/Kalman.o
LOAD modular_robots/modular_ws/src/controller/include/src/LowPassFilter.o
LOAD modular_robots/modular_ws/src/controller/include/src/PID.o
START GROUP
LOAD c:/st/stm32cubeide_1.6.1/stm32cubeide/plugins/com.st.stm32cube.ide.mcu.externaltools.gnu-tools-for-stm32.9-2020-q2-update.win32_1.5.0.202011040924/tools/bin/../lib/gcc/arm-none-eabi/9.3.1/../../../../arm-none-eabi/lib/thumb/v7-m/nofp\libstdc++_nano.a
LOAD c:/st/stm32cubeide_1.6.1/stm32cubeide/plugins/com.st.stm32cube.ide.mcu.externaltools.gnu-tools-for-stm32.9-2020-q2-update.win32_1.5.0.202011040924/tools/bin/../lib/gcc/arm-none-eabi/9.3.1/../../../../arm-none-eabi/lib/thumb/v7-m/nofp\libsupc++_nano.a
END GROUP
LOAD c:/st/stm32cubeide_1.6.1/stm32cubeide/plugins/com.st.stm32cube.ide.mcu.externaltools.gnu-tools-for-stm32.9-2020-q2-update.win32_1.5.0.202011040924/tools/bin/../lib/gcc/arm-none-eabi/9.3.1/../../../../arm-none-eabi/lib/thumb/v7-m/nofp\libstdc++_nano.a
LOAD c:/st/stm32cubeide_1.6.1/stm32cubeide/plugins/com.st.stm32cube.ide.mcu.externaltools.gnu-tools-for-stm32.9-2020-q2-update.win32_1.5.0.202011040924/tools/bin/../lib/gcc/arm-none-eabi/9.3.1/../../../../arm-none-eabi/lib/thumb/v7-m/nofp\libm.a
LOAD c:/st/stm32cubeide_1.6.1/stm32cubeide/plugins/com.st.stm32cube.ide.mcu.externaltools.gnu-tools-for-stm32.9-2020-q2-update.win32_1.5.0.202011040924/tools/bin/../lib/gcc/arm-none-eabi/9.3.1/../../../../arm-none-eabi/lib/thumb/v7-m/nofp\libc_nano.a
START GROUP
LOAD c:/st/stm32cubeide_1.6.1/stm32cubeide/plugins/com.st.stm32cube.ide.mcu.externaltools.gnu-tools-for-stm32.9-2020-q2-update.win32_1.5.0.202011040924/tools/bin/../lib/gcc/arm-none-eabi/9.3.1/thumb/v7-m/nofp\libgcc.a
LOAD c:/st/stm32cubeide_1.6.1/stm32cubeide/plugins/com.st.stm32cube.ide.mcu.externaltools.gnu-tools-for-stm32.9-2020-q2-update.win32_1.5.0.202011040924/tools/bin/../lib/gcc/arm-none-eabi/9.3.1/../../../../arm-none-eabi/lib/thumb/v7-m/nofp\libc_nano.a
END GROUP
START GROUP
LOAD c:/st/stm32cubeide_1.6.1/stm32cubeide/plugins/com.st.stm32cube.ide.mcu.externaltools.gnu-tools-for-stm32.9-2020-q2-update.win32_1.5.0.202011040924/tools/bin/../lib/gcc/arm-none-eabi/9.3.1/thumb/v7-m/nofp\libgcc.a
LOAD c:/st/stm32cubeide_1.6.1/stm32cubeide/plugins/com.st.stm32cube.ide.mcu.externaltools.gnu-tools-for-stm32.9-2020-q2-update.win32_1.5.0.202011040924/tools/bin/../lib/gcc/arm-none-eabi/9.3.1/../../../../arm-none-eabi/lib/thumb/v7-m/nofp\libc_nano.a
END GROUP
LOAD c:/st/stm32cubeide_1.6.1/stm32cubeide/plugins/com.st.stm32cube.ide.mcu.externaltools.gnu-tools-for-stm32.9-2020-q2-update.win32_1.5.0.202011040924/tools/bin/../lib/gcc/arm-none-eabi/9.3.1/thumb/v7-m/nofp/crtend.o
LOAD c:/st/stm32cubeide_1.6.1/stm32cubeide/plugins/com.st.stm32cube.ide.mcu.externaltools.gnu-tools-for-stm32.9-2020-q2-update.win32_1.5.0.202011040924/tools/bin/../lib/gcc/arm-none-eabi/9.3.1/thumb/v7-m/nofp/crtn.o
                0x0000000020005000                _estack = (ORIGIN (RAM) + LENGTH (RAM))
                0x0000000000000200                _Min_Heap_Size = 0x200
                0x0000000000000400                _Min_Stack_Size = 0x400

.isr_vector     0x0000000008000000      0x10c
                0x0000000008000000                . = ALIGN (0x4)
 *(.isr_vector)
 .isr_vector    0x0000000008000000      0x10c Core/Startup/startup_stm32f103c8tx.o
                0x0000000008000000                g_pfnVectors
                0x000000000800010c                . = ALIGN (0x4)

.text           0x0000000008000110     0x8304
                0x0000000008000110                . = ALIGN (0x4)
 *(.text)
 .text          0x0000000008000110       0x40 c:/st/stm32cubeide_1.6.1/stm32cubeide/plugins/com.st.stm32cube.ide.mcu.externaltools.gnu-tools-for-stm32.9-2020-q2-update.win32_1.5.0.202011040924/tools/bin/../lib/gcc/arm-none-eabi/9.3.1/thumb/v7-m/nofp/crtbegin.o
 .text          0x0000000008000150      0x378 c:/st/stm32cubeide_1.6.1/stm32cubeide/plugins/com.st.stm32cube.ide.mcu.externaltools.gnu-tools-for-stm32.9-2020-q2-update.win32_1.5.0.202011040924/tools/bin/../lib/gcc/arm-none-eabi/9.3.1/thumb/v7-m/nofp\libgcc.a(_arm_addsubdf3.o)
                0x0000000008000150                __aeabi_drsub
                0x0000000008000158                __aeabi_dsub
                0x0000000008000158                __subdf3
                0x000000000800015c                __aeabi_dadd
                0x000000000800015c                __adddf3
                0x00000000080003d4                __floatunsidf
                0x00000000080003d4                __aeabi_ui2d
                0x00000000080003f4                __floatsidf
                0x00000000080003f4                __aeabi_i2d
                0x0000000008000418                __aeabi_f2d
                0x0000000008000418                __extendsfdf2
                0x000000000800045c                __floatundidf
                0x000000000800045c                __aeabi_ul2d
                0x000000000800046c                __floatdidf
                0x000000000800046c                __aeabi_l2d
 .text          0x00000000080004c8      0x424 c:/st/stm32cubeide_1.6.1/stm32cubeide/plugins/com.st.stm32cube.ide.mcu.externaltools.gnu-tools-for-stm32.9-2020-q2-update.win32_1.5.0.202011040924/tools/bin/../lib/gcc/arm-none-eabi/9.3.1/thumb/v7-m/nofp\libgcc.a(_arm_muldivdf3.o)
                0x00000000080004c8                __aeabi_dmul
                0x00000000080004c8                __muldf3
                0x000000000800071c                __divdf3
                0x000000000800071c                __aeabi_ddiv
 .text          0x00000000080008ec      0x110 c:/st/stm32cubeide_1.6.1/stm32cubeide/plugins/com.st.stm32cube.ide.mcu.externaltools.gnu-tools-for-stm32.9-2020-q2-update.win32_1.5.0.202011040924/tools/bin/../lib/gcc/arm-none-eabi/9.3.1/thumb/v7-m/nofp\libgcc.a(_arm_cmpdf2.o)
                0x00000000080008ec                __gtdf2
                0x00000000080008ec                __gedf2
                0x00000000080008f4                __ltdf2
                0x00000000080008f4                __ledf2
                0x00000000080008fc                __nedf2
                0x00000000080008fc                __eqdf2
                0x00000000080008fc                __cmpdf2
                0x0000000008000978                __aeabi_cdrcmple
                0x0000000008000988                __aeabi_cdcmpeq
                0x0000000008000988                __aeabi_cdcmple
                0x0000000008000998                __aeabi_dcmpeq
                0x00000000080009ac                __aeabi_dcmplt
                0x00000000080009c0                __aeabi_dcmple
                0x00000000080009d4                __aeabi_dcmpge
                0x00000000080009e8                __aeabi_dcmpgt
 .text          0x00000000080009fc       0x50 c:/st/stm32cubeide_1.6.1/stm32cubeide/plugins/com.st.stm32cube.ide.mcu.externaltools.gnu-tools-for-stm32.9-2020-q2-update.win32_1.5.0.202011040924/tools/bin/../lib/gcc/arm-none-eabi/9.3.1/thumb/v7-m/nofp\libgcc.a(_arm_fixdfsi.o)
                0x00000000080009fc                __aeabi_d2iz
                0x00000000080009fc                __fixdfsi
 .text          0x0000000008000a4c       0xa0 c:/st/stm32cubeide_1.6.1/stm32cubeide/plugins/com.st.stm32cube.ide.mcu.externaltools.gnu-tools-for-stm32.9-2020-q2-update.win32_1.5.0.202011040924/tools/bin/../lib/gcc/arm-none-eabi/9.3.1/thumb/v7-m/nofp\libgcc.a(_arm_truncdfsf2.o)
                0x0000000008000a4c                __truncdfsf2
                0x0000000008000a4c                __aeabi_d2f
 .text          0x0000000008000aec      0x21c c:/st/stm32cubeide_1.6.1/stm32cubeide/plugins/com.st.stm32cube.ide.mcu.externaltools.gnu-tools-for-stm32.9-2020-q2-update.win32_1.5.0.202011040924/tools/bin/../lib/gcc/arm-none-eabi/9.3.1/thumb/v7-m/nofp\libgcc.a(_arm_addsubsf3.o)
                0x0000000008000aec                __aeabi_frsub
                0x0000000008000af4                __subsf3
                0x0000000008000af4                __aeabi_fsub
                0x0000000008000af8                __aeabi_fadd
                0x0000000008000af8                __addsf3
                0x0000000008000c58                __aeabi_ui2f
                0x0000000008000c58                __floatunsisf
                0x0000000008000c60                __aeabi_i2f
                0x0000000008000c60                __floatsisf
                0x0000000008000c7c                __aeabi_ul2f
                0x0000000008000c7c                __floatundisf
                0x0000000008000c8c                __aeabi_l2f
                0x0000000008000c8c                __floatdisf
 .text          0x0000000008000d08      0x2a0 c:/st/stm32cubeide_1.6.1/stm32cubeide/plugins/com.st.stm32cube.ide.mcu.externaltools.gnu-tools-for-stm32.9-2020-q2-update.win32_1.5.0.202011040924/tools/bin/../lib/gcc/arm-none-eabi/9.3.1/thumb/v7-m/nofp\libgcc.a(_arm_muldivsf3.o)
                0x0000000008000d08                __mulsf3
                0x0000000008000d08                __aeabi_fmul
                0x0000000008000e70                __aeabi_fdiv
                0x0000000008000e70                __divsf3
 .text          0x0000000008000fa8       0xec c:/st/stm32cubeide_1.6.1/stm32cubeide/plugins/com.st.stm32cube.ide.mcu.externaltools.gnu-tools-for-stm32.9-2020-q2-update.win32_1.5.0.202011040924/tools/bin/../lib/gcc/arm-none-eabi/9.3.1/thumb/v7-m/nofp\libgcc.a(_arm_cmpsf2.o)
                0x0000000008000fa8                __gesf2
                0x0000000008000fa8                __gtsf2
                0x0000000008000fb0                __lesf2
                0x0000000008000fb0                __ltsf2
                0x0000000008000fb8                __nesf2
                0x0000000008000fb8                __eqsf2
                0x0000000008000fb8                __cmpsf2
                0x0000000008001018                __aeabi_cfrcmple
                0x0000000008001020                __aeabi_cfcmpeq
                0x0000000008001020                __aeabi_cfcmple
                0x0000000008001030                __aeabi_fcmpeq
                0x0000000008001044                __aeabi_fcmplt
                0x0000000008001058                __aeabi_fcmple
                0x000000000800106c                __aeabi_fcmpge
                0x0000000008001080                __aeabi_fcmpgt
 .text          0x0000000008001094       0x2c c:/st/stm32cubeide_1.6.1/stm32cubeide/plugins/com.st.stm32cube.ide.mcu.externaltools.gnu-tools-for-stm32.9-2020-q2-update.win32_1.5.0.202011040924/tools/bin/../lib/gcc/arm-none-eabi/9.3.1/thumb/v7-m/nofp\libgcc.a(_arm_unordsf2.o)
                0x0000000008001094                __unordsf2
                0x0000000008001094                __aeabi_fcmpun
 .text          0x00000000080010c0       0x4c c:/st/stm32cubeide_1.6.1/stm32cubeide/plugins/com.st.stm32cube.ide.mcu.externaltools.gnu-tools-for-stm32.9-2020-q2-update.win32_1.5.0.202011040924/tools/bin/../lib/gcc/arm-none-eabi/9.3.1/thumb/v7-m/nofp\libgcc.a(_arm_fixsfsi.o)
                0x00000000080010c0                __aeabi_f2iz
                0x00000000080010c0                __fixsfsi
 *(.text*)
 .text._ZSt4asinf
                0x000000000800110c       0x18 Core/Src/main.o
                0x000000000800110c                std::asin(float)
 .text._ZSt4sqrtf
                0x0000000008001124       0x18 Core/Src/main.o
                0x0000000008001124                std::sqrt(float)
 .text._ZNSt12_Vector_baseIdSaIdEE12_Vector_implD2Ev
                0x000000000800113c       0x18 Core/Src/main.o
                0x000000000800113c                std::_Vector_base<double, std::allocator<double> >::_Vector_impl::~_Vector_impl()
                0x000000000800113c                std::_Vector_base<double, std::allocator<double> >::_Vector_impl::~_Vector_impl()
 .text._ZNSt12_Vector_baseIdSaIdEEC2Ev
                0x0000000008001154       0x1a Core/Src/main.o
                0x0000000008001154                std::_Vector_base<double, std::allocator<double> >::_Vector_base()
                0x0000000008001154                std::_Vector_base<double, std::allocator<double> >::_Vector_base()
 .text._ZNSt6vectorIdSaIdEEC2Ev
                0x000000000800116e       0x1a Core/Src/main.o
                0x000000000800116e                std::vector<double, std::allocator<double> >::vector()
                0x000000000800116e                std::vector<double, std::allocator<double> >::vector()
 .text.main     0x0000000008001188      0x124 Core/Src/main.o
                0x0000000008001188                main
 .text._Z18SystemClock_Configv
                0x00000000080012ac       0x9c Core/Src/main.o
                0x00000000080012ac                SystemClock_Config()
 .text._ZL12MX_I2C1_Initv
                0x0000000008001348       0x68 Core/Src/main.o
 .text._ZL12MX_TIM1_Initv
                0x00000000080013b0      0x194 Core/Src/main.o
 .text._ZL12MX_TIM2_Initv
                0x0000000008001544       0xb8 Core/Src/main.o
 .text._ZL12MX_TIM3_Initv
                0x00000000080015fc      0x114 Core/Src/main.o
 .text._ZL12MX_TIM4_Initv
                0x0000000008001710       0xbc Core/Src/main.o
 .text._ZL19MX_USART2_UART_Initv
                0x00000000080017cc       0x5c Core/Src/main.o
 .text._ZL12MX_GPIO_Initv
                0x0000000008001828      0x108 Core/Src/main.o
 .text._Z14MPU6050_Baslatv
                0x0000000008001930       0x68 Core/Src/main.o
                0x0000000008001930                MPU6050_Baslat()
 .text._Z9Check_Armv
                0x0000000008001998       0xb0 Core/Src/main.o
                0x0000000008001998                Check_Arm()
 .text._Z12Check_Disarmv
                0x0000000008001a48       0x98 Core/Src/main.o
                0x0000000008001a48                Check_Disarm()
 .text._Z9TelemPackv
                0x0000000008001ae0      0x16c Core/Src/main.o
                0x0000000008001ae0                TelemPack()
 .text._Z7GyroOkuh
                0x0000000008001c4c       0x44 Core/Src/main.o
                0x0000000008001c4c                GyroOku(unsigned char)
 .text._Z6PWMYazv
                0x0000000008001c90       0x78 Core/Src/main.o
                0x0000000008001c90                PWMYaz()
 .text._Z7GyroErrh
                0x0000000008001d08       0x50 Core/Src/main.o
                0x0000000008001d08                GyroErr(unsigned char)
 .text._Z11MotorBaslatv
                0x0000000008001d58       0x3c Core/Src/main.o
                0x0000000008001d58                MotorBaslat()
 *fill*         0x0000000008001d94        0x4 
 .text.HAL_TIM_PeriodElapsedCallback
                0x0000000008001d98      0x3ac Core/Src/main.o
                0x0000000008001d98                HAL_TIM_PeriodElapsedCallback
 .text.HAL_TIM_IC_CaptureCallback
                0x0000000008002144      0x140 Core/Src/main.o
                0x0000000008002144                HAL_TIM_IC_CaptureCallback
 .text.Error_Handler
                0x0000000008002284        0xa Core/Src/main.o
                0x0000000008002284                Error_Handler
 .text._ZNSt12_Vector_baseIdSaIdEE12_Vector_implC2Ev
                0x000000000800228e       0x20 Core/Src/main.o
                0x000000000800228e                std::_Vector_base<double, std::allocator<double> >::_Vector_impl::_Vector_impl()
                0x000000000800228e                std::_Vector_base<double, std::allocator<double> >::_Vector_impl::_Vector_impl()
 .text._ZNSaIdED2Ev
                0x00000000080022ae       0x18 Core/Src/main.o
                0x00000000080022ae                std::allocator<double>::~allocator()
                0x00000000080022ae                std::allocator<double>::~allocator()
 .text._ZNSt12_Vector_baseIdSaIdEED2Ev
                0x00000000080022c6       0x32 Core/Src/main.o
                0x00000000080022c6                std::_Vector_base<double, std::allocator<double> >::~_Vector_base()
                0x00000000080022c6                std::_Vector_base<double, std::allocator<double> >::~_Vector_base()
 .text._ZNSt6vectorIdSaIdEED2Ev
                0x00000000080022f8       0x36 Core/Src/main.o
                0x00000000080022f8                std::vector<double, std::allocator<double> >::~vector()
                0x00000000080022f8                std::vector<double, std::allocator<double> >::~vector()
 .text._ZNSt6vectorIdSaIdEEaSEOS1_
                0x000000000800232e       0x2a Core/Src/main.o
                0x000000000800232e                std::vector<double, std::allocator<double> >::operator=(std::vector<double, std::allocator<double> >&&)
 .text._ZNSaIdEC2Ev
                0x0000000008002358       0x18 Core/Src/main.o
                0x0000000008002358                std::allocator<double>::allocator()
                0x0000000008002358                std::allocator<double>::allocator()
 .text._ZNSt12_Vector_baseIdSaIdEE17_Vector_impl_dataC2Ev
                0x0000000008002370       0x26 Core/Src/main.o
                0x0000000008002370                std::_Vector_base<double, std::allocator<double> >::_Vector_impl_data::_Vector_impl_data()
                0x0000000008002370                std::_Vector_base<double, std::allocator<double> >::_Vector_impl_data::_Vector_impl_data()
 .text._ZN9__gnu_cxx13new_allocatorIdED2Ev
                0x0000000008002396       0x14 Core/Src/main.o
                0x0000000008002396                __gnu_cxx::new_allocator<double>::~new_allocator()
                0x0000000008002396                __gnu_cxx::new_allocator<double>::~new_allocator()
 .text._ZNSt12_Vector_baseIdSaIdEE13_M_deallocateEPdj
                0x00000000080023aa       0x26 Core/Src/main.o
                0x00000000080023aa                std::_Vector_base<double, std::allocator<double> >::_M_deallocate(double*, unsigned int)
 .text._ZNSt12_Vector_baseIdSaIdEE19_M_get_Tp_allocatorEv
                0x00000000080023d0       0x14 Core/Src/main.o
                0x00000000080023d0                std::_Vector_base<double, std::allocator<double> >::_M_get_Tp_allocator()
 .text._ZSt8_DestroyIPddEvT_S1_RSaIT0_E
                0x00000000080023e4       0x1c Core/Src/main.o
                0x00000000080023e4                void std::_Destroy<double*, double>(double*, double*, std::allocator<double>&)
 .text._ZSt4moveIRSt6vectorIdSaIdEEEONSt16remove_referenceIT_E4typeEOS5_
                0x0000000008002400       0x14 Core/Src/main.o
                0x0000000008002400                std::remove_reference<std::vector<double, std::allocator<double> >&>::type&& std::move<std::vector<double, std::allocator<double> >&>(std::vector<double, std::allocator<double> >&)
 .text._ZNSt6vectorIdSaIdEE14_M_move_assignEOS1_St17integral_constantIbLb1EE
                0x0000000008002414       0x7c Core/Src/main.o
                0x0000000008002414                std::vector<double, std::allocator<double> >::_M_move_assign(std::vector<double, std::allocator<double> >&&, std::integral_constant<bool, true>)
 .text._ZN9__gnu_cxx13new_allocatorIdEC2Ev
                0x0000000008002490       0x14 Core/Src/main.o
                0x0000000008002490                __gnu_cxx::new_allocator<double>::new_allocator()
                0x0000000008002490                __gnu_cxx::new_allocator<double>::new_allocator()
 .text._ZNSt16allocator_traitsISaIdEE10deallocateERS0_Pdj
                0x00000000080024a4       0x1e Core/Src/main.o
                0x00000000080024a4                std::allocator_traits<std::allocator<double> >::deallocate(std::allocator<double>&, double*, unsigned int)
 .text._ZSt8_DestroyIPdEvT_S1_
                0x00000000080024c2       0x1a Core/Src/main.o
                0x00000000080024c2                void std::_Destroy<double*>(double*, double*)
 .text._ZNKSt12_Vector_baseIdSaIdEE13get_allocatorEv
                0x00000000080024dc       0x22 Core/Src/main.o
                0x00000000080024dc                std::_Vector_base<double, std::allocator<double> >::get_allocator() const
 .text._ZNSt6vectorIdSaIdEEC2ERKS0_
                0x00000000080024fe       0x1e Core/Src/main.o
                0x00000000080024fe                std::vector<double, std::allocator<double> >::vector(std::allocator<double> const&)
                0x00000000080024fe                std::vector<double, std::allocator<double> >::vector(std::allocator<double> const&)
 .text._ZNSt12_Vector_baseIdSaIdEE17_Vector_impl_data12_M_swap_dataERS2_
                0x000000000800251c       0x3c Core/Src/main.o
                0x000000000800251c                std::_Vector_base<double, std::allocator<double> >::_Vector_impl_data::_M_swap_data(std::_Vector_base<double, std::allocator<double> >::_Vector_impl_data&)
 .text._ZSt15__alloc_on_moveISaIdEEvRT_S2_
                0x0000000008002558       0x1c Core/Src/main.o
                0x0000000008002558                void std::__alloc_on_move<std::allocator<double> >(std::allocator<double>&, std::allocator<double>&)
 .text._ZN9__gnu_cxx13new_allocatorIdE10deallocateEPdj
                0x0000000008002574       0x1a Core/Src/main.o
                0x0000000008002574                __gnu_cxx::new_allocator<double>::deallocate(double*, unsigned int)
 .text._ZNSt12_Destroy_auxILb1EE9__destroyIPdEEvT_S3_
                0x000000000800258e       0x14 Core/Src/main.o
                0x000000000800258e                void std::_Destroy_aux<true>::__destroy<double*>(double*, double*)
 .text._ZNKSt12_Vector_baseIdSaIdEE19_M_get_Tp_allocatorEv
                0x00000000080025a2       0x14 Core/Src/main.o
                0x00000000080025a2                std::_Vector_base<double, std::allocator<double> >::_M_get_Tp_allocator() const
 .text._ZNSaIdEC2ERKS_
                0x00000000080025b6       0x1c Core/Src/main.o
                0x00000000080025b6                std::allocator<double>::allocator(std::allocator<double> const&)
                0x00000000080025b6                std::allocator<double>::allocator(std::allocator<double> const&)
 .text._ZNSt12_Vector_baseIdSaIdEEC2ERKS0_
                0x00000000080025d2       0x1e Core/Src/main.o
                0x00000000080025d2                std::_Vector_base<double, std::allocator<double> >::_Vector_base(std::allocator<double> const&)
                0x00000000080025d2                std::_Vector_base<double, std::allocator<double> >::_Vector_base(std::allocator<double> const&)
 .text._ZNSt12_Vector_baseIdSaIdEE17_Vector_impl_data12_M_copy_dataERKS2_
                0x00000000080025f0       0x2c Core/Src/main.o
                0x00000000080025f0                std::_Vector_base<double, std::allocator<double> >::_Vector_impl_data::_M_copy_data(std::_Vector_base<double, std::allocator<double> >::_Vector_impl_data const&)
 .text._ZSt18__do_alloc_on_moveISaIdEEvRT_S2_St17integral_constantIbLb1EE
                0x000000000800261c       0x1a Core/Src/main.o
                0x000000000800261c                void std::__do_alloc_on_move<std::allocator<double> >(std::allocator<double>&, std::allocator<double>&, std::integral_constant<bool, true>)
 .text._ZN9__gnu_cxx13new_allocatorIdEC2ERKS1_
                0x0000000008002636       0x16 Core/Src/main.o
                0x0000000008002636                __gnu_cxx::new_allocator<double>::new_allocator(__gnu_cxx::new_allocator<double> const&)
                0x0000000008002636                __gnu_cxx::new_allocator<double>::new_allocator(__gnu_cxx::new_allocator<double> const&)
 .text._ZNSt12_Vector_baseIdSaIdEE12_Vector_implC2ERKS0_
                0x000000000800264c       0x24 Core/Src/main.o
                0x000000000800264c                std::_Vector_base<double, std::allocator<double> >::_Vector_impl::_Vector_impl(std::allocator<double> const&)
                0x000000000800264c                std::_Vector_base<double, std::allocator<double> >::_Vector_impl::_Vector_impl(std::allocator<double> const&)
 .text._ZSt4moveIRSaIdEEONSt16remove_referenceIT_E4typeEOS3_
                0x0000000008002670       0x14 Core/Src/main.o
                0x0000000008002670                std::remove_reference<std::allocator<double>&>::type&& std::move<std::allocator<double>&>(std::allocator<double>&)
 .text._Z41__static_initialization_and_destruction_0ii
                0x0000000008002684       0x74 Core/Src/main.o
 .text._GLOBAL__sub_I_hi2c1
                0x00000000080026f8       0x10 Core/Src/main.o
 .text._GLOBAL__sub_D_hi2c1
                0x0000000008002708       0x10 Core/Src/main.o
 .text.HAL_MspInit
                0x0000000008002718       0x64 Core/Src/stm32f1xx_hal_msp.o
                0x0000000008002718                HAL_MspInit
 .text.HAL_I2C_MspInit
                0x000000000800277c       0x7c Core/Src/stm32f1xx_hal_msp.o
                0x000000000800277c                HAL_I2C_MspInit
 .text.HAL_TIM_PWM_MspInit
                0x00000000080027f8       0x3c Core/Src/stm32f1xx_hal_msp.o
                0x00000000080027f8                HAL_TIM_PWM_MspInit
 .text.HAL_TIM_Base_MspInit
                0x0000000008002834       0xe8 Core/Src/stm32f1xx_hal_msp.o
                0x0000000008002834                HAL_TIM_Base_MspInit
 .text.HAL_TIM_MspPostInit
                0x000000000800291c       0x68 Core/Src/stm32f1xx_hal_msp.o
                0x000000000800291c                HAL_TIM_MspPostInit
 .text.HAL_UART_MspInit
                0x0000000008002984       0x94 Core/Src/stm32f1xx_hal_msp.o
                0x0000000008002984                HAL_UART_MspInit
 .text.NMI_Handler
                0x0000000008002a18        0x6 Core/Src/stm32f1xx_it.o
                0x0000000008002a18                NMI_Handler
 .text.HardFault_Handler
                0x0000000008002a1e        0x6 Core/Src/stm32f1xx_it.o
                0x0000000008002a1e                HardFault_Handler
 .text.MemManage_Handler
                0x0000000008002a24        0x6 Core/Src/stm32f1xx_it.o
                0x0000000008002a24                MemManage_Handler
 .text.BusFault_Handler
                0x0000000008002a2a        0x6 Core/Src/stm32f1xx_it.o
                0x0000000008002a2a                BusFault_Handler
 .text.UsageFault_Handler
                0x0000000008002a30        0x6 Core/Src/stm32f1xx_it.o
                0x0000000008002a30                UsageFault_Handler
 .text.SVC_Handler
                0x0000000008002a36        0xc Core/Src/stm32f1xx_it.o
                0x0000000008002a36                SVC_Handler
 .text.DebugMon_Handler
                0x0000000008002a42        0xc Core/Src/stm32f1xx_it.o
                0x0000000008002a42                DebugMon_Handler
 .text.PendSV_Handler
                0x0000000008002a4e        0xc Core/Src/stm32f1xx_it.o
                0x0000000008002a4e                PendSV_Handler
 .text.SysTick_Handler
                0x0000000008002a5a        0xc Core/Src/stm32f1xx_it.o
                0x0000000008002a5a                SysTick_Handler
 *fill*         0x0000000008002a66        0x2 
 .text.TIM2_IRQHandler
                0x0000000008002a68       0x14 Core/Src/stm32f1xx_it.o
                0x0000000008002a68                TIM2_IRQHandler
 .text.TIM3_IRQHandler
                0x0000000008002a7c       0x14 Core/Src/stm32f1xx_it.o
                0x0000000008002a7c                TIM3_IRQHandler
 .text._getpid  0x0000000008002a90        0xe Core/Src/syscalls.o
                0x0000000008002a90                _getpid
 .text._kill    0x0000000008002a9e       0x20 Core/Src/syscalls.o
                0x0000000008002a9e                _kill
 .text._exit    0x0000000008002abe       0x14 Core/Src/syscalls.o
                0x0000000008002abe                _exit
 *fill*         0x0000000008002ad2        0x2 
 .text._sbrk    0x0000000008002ad4       0x6c Core/Src/sysmem.o
                0x0000000008002ad4                _sbrk
 .text.SystemInit
                0x0000000008002b40        0xc Core/Src/system_stm32f1xx.o
                0x0000000008002b40                SystemInit
 .text.Reset_Handler
                0x0000000008002b4c       0x48 Core/Startup/startup_stm32f103c8tx.o
                0x0000000008002b4c                Reset_Handler
 .text.Default_Handler
                0x0000000008002b94        0x2 Core/Startup/startup_stm32f103c8tx.o
                0x0000000008002b94                RTC_Alarm_IRQHandler
                0x0000000008002b94                EXTI2_IRQHandler
                0x0000000008002b94                TIM1_CC_IRQHandler
                0x0000000008002b94                PVD_IRQHandler
                0x0000000008002b94                EXTI3_IRQHandler
                0x0000000008002b94                EXTI0_IRQHandler
                0x0000000008002b94                I2C2_EV_IRQHandler
                0x0000000008002b94                ADC1_2_IRQHandler
                0x0000000008002b94                SPI1_IRQHandler
                0x0000000008002b94                TAMPER_IRQHandler
                0x0000000008002b94                DMA1_Channel4_IRQHandler
                0x0000000008002b94                USART3_IRQHandler
                0x0000000008002b94                RTC_IRQHandler
                0x0000000008002b94                DMA1_Channel7_IRQHandler
                0x0000000008002b94                CAN1_RX1_IRQHandler
                0x0000000008002b94                TIM4_IRQHandler
                0x0000000008002b94                I2C1_EV_IRQHandler
                0x0000000008002b94                DMA1_Channel6_IRQHandler
                0x0000000008002b94                RCC_IRQHandler
                0x0000000008002b94                TIM1_TRG_COM_IRQHandler
                0x0000000008002b94                DMA1_Channel1_IRQHandler
                0x0000000008002b94                Default_Handler
                0x0000000008002b94                EXTI15_10_IRQHandler
                0x0000000008002b94                EXTI9_5_IRQHandler
                0x0000000008002b94                SPI2_IRQHandler
                0x0000000008002b94                DMA1_Channel5_IRQHandler
                0x0000000008002b94                EXTI4_IRQHandler
                0x0000000008002b94                USB_LP_CAN1_RX0_IRQHandler
                0x0000000008002b94                USB_HP_CAN1_TX_IRQHandler
                0x0000000008002b94                DMA1_Channel3_IRQHandler
                0x0000000008002b94                TIM1_UP_IRQHandler
                0x0000000008002b94                WWDG_IRQHandler
                0x0000000008002b94                TIM1_BRK_IRQHandler
                0x0000000008002b94                EXTI1_IRQHandler
                0x0000000008002b94                USART2_IRQHandler
                0x0000000008002b94                I2C2_ER_IRQHandler
                0x0000000008002b94                DMA1_Channel2_IRQHandler
                0x0000000008002b94                CAN1_SCE_IRQHandler
                0x0000000008002b94                FLASH_IRQHandler
                0x0000000008002b94                USART1_IRQHandler
                0x0000000008002b94                I2C1_ER_IRQHandler
                0x0000000008002b94                USBWakeUp_IRQHandler
 *fill*         0x0000000008002b96        0x2 
 .text.HAL_Init
                0x0000000008002b98       0x2c Drivers/STM32F1xx_HAL_Driver/Src/stm32f1xx_hal.o
                0x0000000008002b98                HAL_Init
 .text.HAL_InitTick
                0x0000000008002bc4       0x60 Drivers/STM32F1xx_HAL_Driver/Src/stm32f1xx_hal.o
                0x0000000008002bc4                HAL_InitTick
 .text.HAL_IncTick
                0x0000000008002c24       0x24 Drivers/STM32F1xx_HAL_Driver/Src/stm32f1xx_hal.o
                0x0000000008002c24                HAL_IncTick
 .text.HAL_GetTick
                0x0000000008002c48       0x14 Drivers/STM32F1xx_HAL_Driver/Src/stm32f1xx_hal.o
                0x0000000008002c48                HAL_GetTick
 .text.HAL_Delay
                0x0000000008002c5c       0x48 Drivers/STM32F1xx_HAL_Driver/Src/stm32f1xx_hal.o
                0x0000000008002c5c                HAL_Delay
 .text.__NVIC_SetPriorityGrouping
                0x0000000008002ca4       0x48 Drivers/STM32F1xx_HAL_Driver/Src/stm32f1xx_hal_cortex.o
 .text.__NVIC_GetPriorityGrouping
                0x0000000008002cec       0x1c Drivers/STM32F1xx_HAL_Driver/Src/stm32f1xx_hal_cortex.o
 .text.__NVIC_EnableIRQ
                0x0000000008002d08       0x38 Drivers/STM32F1xx_HAL_Driver/Src/stm32f1xx_hal_cortex.o
 .text.__NVIC_SetPriority
                0x0000000008002d40       0x54 Drivers/STM32F1xx_HAL_Driver/Src/stm32f1xx_hal_cortex.o
 .text.NVIC_EncodePriority
                0x0000000008002d94       0x64 Drivers/STM32F1xx_HAL_Driver/Src/stm32f1xx_hal_cortex.o
 .text.SysTick_Config
                0x0000000008002df8       0x44 Drivers/STM32F1xx_HAL_Driver/Src/stm32f1xx_hal_cortex.o
 .text.HAL_NVIC_SetPriorityGrouping
                0x0000000008002e3c       0x16 Drivers/STM32F1xx_HAL_Driver/Src/stm32f1xx_hal_cortex.o
                0x0000000008002e3c                HAL_NVIC_SetPriorityGrouping
 .text.HAL_NVIC_SetPriority
                0x0000000008002e52       0x38 Drivers/STM32F1xx_HAL_Driver/Src/stm32f1xx_hal_cortex.o
                0x0000000008002e52                HAL_NVIC_SetPriority
 .text.HAL_NVIC_EnableIRQ
                0x0000000008002e8a       0x1c Drivers/STM32F1xx_HAL_Driver/Src/stm32f1xx_hal_cortex.o
                0x0000000008002e8a                HAL_NVIC_EnableIRQ
 .text.HAL_SYSTICK_Config
                0x0000000008002ea6       0x18 Drivers/STM32F1xx_HAL_Driver/Src/stm32f1xx_hal_cortex.o
                0x0000000008002ea6                HAL_SYSTICK_Config
 *fill*         0x0000000008002ebe        0x2 
 .text.HAL_GPIO_Init
                0x0000000008002ec0      0x308 Drivers/STM32F1xx_HAL_Driver/Src/stm32f1xx_hal_gpio.o
                0x0000000008002ec0                HAL_GPIO_Init
 .text.HAL_GPIO_WritePin
                0x00000000080031c8       0x30 Drivers/STM32F1xx_HAL_Driver/Src/stm32f1xx_hal_gpio.o
                0x00000000080031c8                HAL_GPIO_WritePin
 .text.HAL_GPIO_TogglePin
                0x00000000080031f8       0x32 Drivers/STM32F1xx_HAL_Driver/Src/stm32f1xx_hal_gpio.o
                0x00000000080031f8                HAL_GPIO_TogglePin
 *fill*         0x000000000800322a        0x2 
 .text.HAL_I2C_Init
                0x000000000800322c      0x288 Drivers/STM32F1xx_HAL_Driver/Src/stm32f1xx_hal_i2c.o
                0x000000000800322c                HAL_I2C_Init
 .text.HAL_I2C_Mem_Write
                0x00000000080034b4      0x1f4 Drivers/STM32F1xx_HAL_Driver/Src/stm32f1xx_hal_i2c.o
                0x00000000080034b4                HAL_I2C_Mem_Write
 .text.HAL_I2C_Mem_Read
                0x00000000080036a8      0x4d0 Drivers/STM32F1xx_HAL_Driver/Src/stm32f1xx_hal_i2c.o
                0x00000000080036a8                HAL_I2C_Mem_Read
 .text.I2C_RequestMemoryWrite
                0x0000000008003b78      0x12c Drivers/STM32F1xx_HAL_Driver/Src/stm32f1xx_hal_i2c.o
 .text.I2C_RequestMemoryRead
                0x0000000008003ca4      0x1d0 Drivers/STM32F1xx_HAL_Driver/Src/stm32f1xx_hal_i2c.o
 .text.I2C_WaitOnFlagUntilTimeout
                0x0000000008003e74       0xae Drivers/STM32F1xx_HAL_Driver/Src/stm32f1xx_hal_i2c.o
 .text.I2C_WaitOnMasterAddressFlagUntilTimeout
                0x0000000008003f22       0xfe Drivers/STM32F1xx_HAL_Driver/Src/stm32f1xx_hal_i2c.o
 .text.I2C_WaitOnTXEFlagUntilTimeout
                0x0000000008004020       0x82 Drivers/STM32F1xx_HAL_Driver/Src/stm32f1xx_hal_i2c.o
 .text.I2C_WaitOnBTFFlagUntilTimeout
                0x00000000080040a2       0x82 Drivers/STM32F1xx_HAL_Driver/Src/stm32f1xx_hal_i2c.o
 .text.I2C_WaitOnRXNEFlagUntilTimeout
                0x0000000008004124       0xac Drivers/STM32F1xx_HAL_Driver/Src/stm32f1xx_hal_i2c.o
 .text.I2C_IsAcknowledgeFailed
                0x00000000080041d0       0x5c Drivers/STM32F1xx_HAL_Driver/Src/stm32f1xx_hal_i2c.o
 .text.HAL_RCC_OscConfig
                0x000000000800422c      0x500 Drivers/STM32F1xx_HAL_Driver/Src/stm32f1xx_hal_rcc.o
                0x000000000800422c                HAL_RCC_OscConfig
 .text.HAL_RCC_ClockConfig
                0x000000000800472c      0x1d4 Drivers/STM32F1xx_HAL_Driver/Src/stm32f1xx_hal_rcc.o
                0x000000000800472c                HAL_RCC_ClockConfig
 .text.HAL_RCC_GetSysClockFreq
                0x0000000008004900       0xc0 Drivers/STM32F1xx_HAL_Driver/Src/stm32f1xx_hal_rcc.o
                0x0000000008004900                HAL_RCC_GetSysClockFreq
 .text.HAL_RCC_GetHCLKFreq
                0x00000000080049c0       0x14 Drivers/STM32F1xx_HAL_Driver/Src/stm32f1xx_hal_rcc.o
                0x00000000080049c0                HAL_RCC_GetHCLKFreq
 .text.HAL_RCC_GetPCLK1Freq
                0x00000000080049d4       0x28 Drivers/STM32F1xx_HAL_Driver/Src/stm32f1xx_hal_rcc.o
                0x00000000080049d4                HAL_RCC_GetPCLK1Freq
 .text.HAL_RCC_GetPCLK2Freq
                0x00000000080049fc       0x28 Drivers/STM32F1xx_HAL_Driver/Src/stm32f1xx_hal_rcc.o
                0x00000000080049fc                HAL_RCC_GetPCLK2Freq
 .text.RCC_Delay
                0x0000000008004a24       0x3c Drivers/STM32F1xx_HAL_Driver/Src/stm32f1xx_hal_rcc.o
 .text.HAL_TIM_Base_Init
                0x0000000008004a60       0x9e Drivers/STM32F1xx_HAL_Driver/Src/stm32f1xx_hal_tim.o
                0x0000000008004a60                HAL_TIM_Base_Init
 *fill*         0x0000000008004afe        0x2 
 .text.HAL_TIM_Base_Start
                0x0000000008004b00       0x94 Drivers/STM32F1xx_HAL_Driver/Src/stm32f1xx_hal_tim.o
                0x0000000008004b00                HAL_TIM_Base_Start
 .text.HAL_TIM_Base_Start_IT
                0x0000000008004b94       0xa4 Drivers/STM32F1xx_HAL_Driver/Src/stm32f1xx_hal_tim.o
                0x0000000008004b94                HAL_TIM_Base_Start_IT
 .text.HAL_TIM_PWM_Init
                0x0000000008004c38       0x9e Drivers/STM32F1xx_HAL_Driver/Src/stm32f1xx_hal_tim.o
                0x0000000008004c38                HAL_TIM_PWM_Init
 *fill*         0x0000000008004cd6        0x2 
 .text.HAL_TIM_PWM_Start
                0x0000000008004cd8      0x144 Drivers/STM32F1xx_HAL_Driver/Src/stm32f1xx_hal_tim.o
                0x0000000008004cd8                HAL_TIM_PWM_Start
 .text.HAL_TIM_IC_Init
                0x0000000008004e1c       0x9e Drivers/STM32F1xx_HAL_Driver/Src/stm32f1xx_hal_tim.o
                0x0000000008004e1c                HAL_TIM_IC_Init
 .text.HAL_TIM_IC_MspInit
                0x0000000008004eba       0x12 Drivers/STM32F1xx_HAL_Driver/Src/stm32f1xx_hal_tim.o
                0x0000000008004eba                HAL_TIM_IC_MspInit
 .text.HAL_TIM_IC_Start_IT
                0x0000000008004ecc      0x20c Drivers/STM32F1xx_HAL_Driver/Src/stm32f1xx_hal_tim.o
                0x0000000008004ecc                HAL_TIM_IC_Start_IT
 .text.HAL_TIM_IRQHandler
                0x00000000080050d8      0x210 Drivers/STM32F1xx_HAL_Driver/Src/stm32f1xx_hal_tim.o
                0x00000000080050d8                HAL_TIM_IRQHandler
 .text.HAL_TIM_IC_ConfigChannel
                0x00000000080052e8      0x128 Drivers/STM32F1xx_HAL_Driver/Src/stm32f1xx_hal_tim.o
                0x00000000080052e8                HAL_TIM_IC_ConfigChannel
 .text.HAL_TIM_PWM_ConfigChannel
                0x0000000008005410      0x17c Drivers/STM32F1xx_HAL_Driver/Src/stm32f1xx_hal_tim.o
                0x0000000008005410                HAL_TIM_PWM_ConfigChannel
 .text.HAL_TIM_ConfigClockSource
                0x000000000800558c      0x188 Drivers/STM32F1xx_HAL_Driver/Src/stm32f1xx_hal_tim.o
                0x000000000800558c                HAL_TIM_ConfigClockSource
 .text.HAL_TIM_ReadCapturedValue
                0x0000000008005714       0x88 Drivers/STM32F1xx_HAL_Driver/Src/stm32f1xx_hal_tim.o
                0x0000000008005714                HAL_TIM_ReadCapturedValue
 .text.HAL_TIM_OC_DelayElapsedCallback
                0x000000000800579c       0x12 Drivers/STM32F1xx_HAL_Driver/Src/stm32f1xx_hal_tim.o
                0x000000000800579c                HAL_TIM_OC_DelayElapsedCallback
 .text.HAL_TIM_PWM_PulseFinishedCallback
                0x00000000080057ae       0x12 Drivers/STM32F1xx_HAL_Driver/Src/stm32f1xx_hal_tim.o
                0x00000000080057ae                HAL_TIM_PWM_PulseFinishedCallback
 .text.HAL_TIM_TriggerCallback
                0x00000000080057c0       0x12 Drivers/STM32F1xx_HAL_Driver/Src/stm32f1xx_hal_tim.o
                0x00000000080057c0                HAL_TIM_TriggerCallback
 *fill*         0x00000000080057d2        0x2 
 .text.TIM_Base_SetConfig
                0x00000000080057d4       0xc4 Drivers/STM32F1xx_HAL_Driver/Src/stm32f1xx_hal_tim.o
                0x00000000080057d4                TIM_Base_SetConfig
 .text.TIM_OC1_SetConfig
                0x0000000008005898       0xcc Drivers/STM32F1xx_HAL_Driver/Src/stm32f1xx_hal_tim.o
 .text.TIM_OC2_SetConfig
                0x0000000008005964       0xd4 Drivers/STM32F1xx_HAL_Driver/Src/stm32f1xx_hal_tim.o
                0x0000000008005964                TIM_OC2_SetConfig
 .text.TIM_OC3_SetConfig
                0x0000000008005a38       0xd4 Drivers/STM32F1xx_HAL_Driver/Src/stm32f1xx_hal_tim.o
 .text.TIM_OC4_SetConfig
                0x0000000008005b0c       0x9c Drivers/STM32F1xx_HAL_Driver/Src/stm32f1xx_hal_tim.o
 .text.TIM_TI1_SetConfig
                0x0000000008005ba8       0xb4 Drivers/STM32F1xx_HAL_Driver/Src/stm32f1xx_hal_tim.o
                0x0000000008005ba8                TIM_TI1_SetConfig
 .text.TIM_TI1_ConfigInputStage
                0x0000000008005c5c       0x5c Drivers/STM32F1xx_HAL_Driver/Src/stm32f1xx_hal_tim.o
 .text.TIM_TI2_SetConfig
                0x0000000008005cb8       0x78 Drivers/STM32F1xx_HAL_Driver/Src/stm32f1xx_hal_tim.o
 .text.TIM_TI2_ConfigInputStage
                0x0000000008005d30       0x5e Drivers/STM32F1xx_HAL_Driver/Src/stm32f1xx_hal_tim.o
 .text.TIM_TI3_SetConfig
                0x0000000008005d8e       0x76 Drivers/STM32F1xx_HAL_Driver/Src/stm32f1xx_hal_tim.o
 .text.TIM_TI4_SetConfig
                0x0000000008005e04       0x78 Drivers/STM32F1xx_HAL_Driver/Src/stm32f1xx_hal_tim.o
 .text.TIM_ITRx_SetConfig
                0x0000000008005e7c       0x34 Drivers/STM32F1xx_HAL_Driver/Src/stm32f1xx_hal_tim.o
 .text.TIM_ETR_SetConfig
                0x0000000008005eb0       0x3e Drivers/STM32F1xx_HAL_Driver/Src/stm32f1xx_hal_tim.o
                0x0000000008005eb0                TIM_ETR_SetConfig
 .text.TIM_CCxChannelCmd
                0x0000000008005eee       0x48 Drivers/STM32F1xx_HAL_Driver/Src/stm32f1xx_hal_tim.o
                0x0000000008005eee                TIM_CCxChannelCmd
 *fill*         0x0000000008005f36        0x2 
 .text.HAL_TIMEx_MasterConfigSynchronization
                0x0000000008005f38       0xbc Drivers/STM32F1xx_HAL_Driver/Src/stm32f1xx_hal_tim_ex.o
                0x0000000008005f38                HAL_TIMEx_MasterConfigSynchronization
 .text.HAL_TIMEx_ConfigBreakDeadTime
                0x0000000008005ff4       0xa2 Drivers/STM32F1xx_HAL_Driver/Src/stm32f1xx_hal_tim_ex.o
                0x0000000008005ff4                HAL_TIMEx_ConfigBreakDeadTime
 .text.HAL_TIMEx_CommutCallback
                0x0000000008006096       0x12 Drivers/STM32F1xx_HAL_Driver/Src/stm32f1xx_hal_tim_ex.o
                0x0000000008006096                HAL_TIMEx_CommutCallback
 .text.HAL_TIMEx_BreakCallback
                0x00000000080060a8       0x12 Drivers/STM32F1xx_HAL_Driver/Src/stm32f1xx_hal_tim_ex.o
                0x00000000080060a8                HAL_TIMEx_BreakCallback
 .text.HAL_UART_Init
                0x00000000080060ba       0x9a Drivers/STM32F1xx_HAL_Driver/Src/stm32f1xx_hal_uart.o
                0x00000000080060ba                HAL_UART_Init
 .text.HAL_UART_Transmit
                0x0000000008006154      0x124 Drivers/STM32F1xx_HAL_Driver/Src/stm32f1xx_hal_uart.o
                0x0000000008006154                HAL_UART_Transmit
 .text.UART_WaitOnFlagUntilTimeout
                0x0000000008006278       0x94 Drivers/STM32F1xx_HAL_Driver/Src/stm32f1xx_hal_uart.o
 .text.UART_SetConfig
                0x000000000800630c      0x11c Drivers/STM32F1xx_HAL_Driver/Src/stm32f1xx_hal_uart.o
 .text._ZN10ControllerC2Ev
                0x0000000008006428      0x10c modular_robots/modular_ws/src/controller/include/src/Controller.o
                0x0000000008006428                Controller::Controller()
                0x0000000008006428                Controller::Controller()
 .text._ZN10Controller3RunE5stateS0_i
                0x0000000008006534      0x566 modular_robots/modular_ws/src/controller/include/src/Controller.o
                0x0000000008006534                Controller::Run(state, state, int)
 .text._ZN10ControllerD2Ev
                0x0000000008006a9a       0x34 modular_robots/modular_ws/src/controller/include/src/Controller.o
                0x0000000008006a9a                Controller::~Controller()
                0x0000000008006a9a                Controller::~Controller()
 .text._ZNSt6vectorIdSaIdEEC2ESt16initializer_listIdERKS0_
                0x0000000008006ace       0x42 modular_robots/modular_ws/src/controller/include/src/Controller.o
                0x0000000008006ace                std::vector<double, std::allocator<double> >::vector(std::initializer_list<double>, std::allocator<double> const&)
                0x0000000008006ace                std::vector<double, std::allocator<double> >::vector(std::initializer_list<double>, std::allocator<double> const&)
 .text._ZNKSt16initializer_listIdE5beginEv
                0x0000000008006b10       0x16 modular_robots/modular_ws/src/controller/include/src/Controller.o
                0x0000000008006b10                std::initializer_list<double>::begin() const
 .text._ZNKSt16initializer_listIdE3endEv
                0x0000000008006b26       0x24 modular_robots/modular_ws/src/controller/include/src/Controller.o
                0x0000000008006b26                std::initializer_list<double>::end() const
 .text._ZNSt6vectorIdSaIdEE19_M_range_initializeIPKdEEvT_S5_St20forward_iterator_tag
                0x0000000008006b4a       0x72 modular_robots/modular_ws/src/controller/include/src/Controller.o
                0x0000000008006b4a                void std::vector<double, std::allocator<double> >::_M_range_initialize<double const*>(double const*, double const*, std::forward_iterator_tag)
 .text._ZNKSt16initializer_listIdE4sizeEv
                0x0000000008006bbc       0x16 modular_robots/modular_ws/src/controller/include/src/Controller.o
                0x0000000008006bbc                std::initializer_list<double>::size() const
 .text._ZSt8distanceIPKdENSt15iterator_traitsIT_E15difference_typeES3_S3_
                0x0000000008006bd2       0x28 modular_robots/modular_ws/src/controller/include/src/Controller.o
                0x0000000008006bd2                std::iterator_traits<double const*>::difference_type std::distance<double const*>(double const*, double const*)
 *fill*         0x0000000008006bfa        0x2 
 .text._ZNSt6vectorIdSaIdEE17_S_check_init_lenEjRKS0_
                0x0000000008006bfc       0x50 modular_robots/modular_ws/src/controller/include/src/Controller.o
                0x0000000008006bfc                std::vector<double, std::allocator<double> >::_S_check_init_len(unsigned int, std::allocator<double> const&)
 .text._ZNSt12_Vector_baseIdSaIdEE11_M_allocateEj
                0x0000000008006c4c       0x28 modular_robots/modular_ws/src/controller/include/src/Controller.o
                0x0000000008006c4c                std::_Vector_base<double, std::allocator<double> >::_M_allocate(unsigned int)
 .text._ZSt22__uninitialized_copy_aIPKdPddET0_T_S4_S3_RSaIT1_E
                0x0000000008006c74       0x22 modular_robots/modular_ws/src/controller/include/src/Controller.o
                0x0000000008006c74                double* std::__uninitialized_copy_a<double const*, double*, double>(double const*, double const*, double*, std::allocator<double>&)
 .text._ZSt19__iterator_categoryIPKdENSt15iterator_traitsIT_E17iterator_categoryERKS3_
                0x0000000008006c96       0x12 modular_robots/modular_ws/src/controller/include/src/Controller.o
                0x0000000008006c96                std::iterator_traits<double const*>::iterator_category std::__iterator_category<double const*>(double const* const&)
 .text._ZSt10__distanceIPKdENSt15iterator_traitsIT_E15difference_typeES3_S3_St26random_access_iterator_tag
                0x0000000008006ca8       0x1e modular_robots/modular_ws/src/controller/include/src/Controller.o
                0x0000000008006ca8                std::iterator_traits<double const*>::difference_type std::__distance<double const*>(double const*, double const*, std::random_access_iterator_tag)
 .text._ZNSt6vectorIdSaIdEE11_S_max_sizeERKS0_
                0x0000000008006cc6       0x34 modular_robots/modular_ws/src/controller/include/src/Controller.o
                0x0000000008006cc6                std::vector<double, std::allocator<double> >::_S_max_size(std::allocator<double> const&)
 .text._ZNSt16allocator_traitsISaIdEE8allocateERS0_j
                0x0000000008006cfa       0x1e modular_robots/modular_ws/src/controller/include/src/Controller.o
                0x0000000008006cfa                std::allocator_traits<std::allocator<double> >::allocate(std::allocator<double>&, unsigned int)
 .text._ZSt18uninitialized_copyIPKdPdET0_T_S4_S3_
                0x0000000008006d18       0x24 modular_robots/modular_ws/src/controller/include/src/Controller.o
                0x0000000008006d18                double* std::uninitialized_copy<double const*, double*>(double const*, double const*, double*)
 .text._ZNSt16allocator_traitsISaIdEE8max_sizeERKS0_
                0x0000000008006d3c       0x18 modular_robots/modular_ws/src/controller/include/src/Controller.o
                0x0000000008006d3c                std::allocator_traits<std::allocator<double> >::max_size(std::allocator<double> const&)
 .text._ZSt3minIjERKT_S2_S2_
                0x0000000008006d54       0x26 modular_robots/modular_ws/src/controller/include/src/Controller.o
                0x0000000008006d54                unsigned int const& std::min<unsigned int>(unsigned int const&, unsigned int const&)
 .text._ZN9__gnu_cxx13new_allocatorIdE8allocateEjPKv
                0x0000000008006d7a       0x3c modular_robots/modular_ws/src/controller/include/src/Controller.o
                0x0000000008006d7a                __gnu_cxx::new_allocator<double>::allocate(unsigned int, void const*)
 .text._ZNSt20__uninitialized_copyILb1EE13__uninit_copyIPKdPdEET0_T_S6_S5_
                0x0000000008006db6       0x20 modular_robots/modular_ws/src/controller/include/src/Controller.o
                0x0000000008006db6                double* std::__uninitialized_copy<true>::__uninit_copy<double const*, double*>(double const*, double const*, double*)
 .text._ZNK9__gnu_cxx13new_allocatorIdE8max_sizeEv
                0x0000000008006dd6       0x16 modular_robots/modular_ws/src/controller/include/src/Controller.o
                0x0000000008006dd6                __gnu_cxx::new_allocator<double>::max_size() const
 .text._ZSt4copyIPKdPdET0_T_S4_S3_
                0x0000000008006dec       0x30 modular_robots/modular_ws/src/controller/include/src/Controller.o
                0x0000000008006dec                double* std::copy<double const*, double*>(double const*, double const*, double*)
 .text._ZSt12__miter_baseIPKdET_S2_
                0x0000000008006e1c       0x14 modular_robots/modular_ws/src/controller/include/src/Controller.o
                0x0000000008006e1c                double const* std::__miter_base<double const*>(double const*)
 .text._ZSt14__copy_move_a2ILb0EPKdPdET1_T0_S4_S3_
                0x0000000008006e30       0x46 modular_robots/modular_ws/src/controller/include/src/Controller.o
                0x0000000008006e30                double* std::__copy_move_a2<false, double const*, double*>(double const*, double const*, double*)
 .text._ZSt12__niter_baseIPKdET_S2_
                0x0000000008006e76       0x14 modular_robots/modular_ws/src/controller/include/src/Controller.o
                0x0000000008006e76                double const* std::__niter_base<double const*>(double const*)
 .text._ZSt12__niter_baseIPdET_S1_
                0x0000000008006e8a       0x14 modular_robots/modular_ws/src/controller/include/src/Controller.o
                0x0000000008006e8a                double* std::__niter_base<double*>(double*)
 .text._ZSt13__copy_move_aILb0EPKdPdET1_T0_S4_S3_
                0x0000000008006e9e       0x24 modular_robots/modular_ws/src/controller/include/src/Controller.o
                0x0000000008006e9e                double* std::__copy_move_a<false, double const*, double*>(double const*, double const*, double*)
 .text._ZSt12__niter_wrapIPdET_RKS1_S1_
                0x0000000008006ec2       0x16 modular_robots/modular_ws/src/controller/include/src/Controller.o
                0x0000000008006ec2                double* std::__niter_wrap<double*>(double* const&, double*)
 .text._ZNSt11__copy_moveILb0ELb1ESt26random_access_iterator_tagE8__copy_mIdEEPT_PKS3_S6_S4_
                0x0000000008006ed8       0x3a modular_robots/modular_ws/src/controller/include/src/Controller.o
                0x0000000008006ed8                double* std::__copy_move<false, true, std::random_access_iterator_tag>::__copy_m<double>(double const*, double const*, double*)
 *fill*         0x0000000008006f12        0x6 
 .text._ZN15Kalman_FiltresiC2Ev
                0x0000000008006f18       0x98 modular_robots/modular_ws/src/controller/include/src/Kalman.o
                0x0000000008006f18                Kalman_Filtresi::Kalman_Filtresi()
                0x0000000008006f18                Kalman_Filtresi::Kalman_Filtresi()
 .text._ZN15Kalman_Filtresi3RunEPfS0_
                0x0000000008006fb0      0x30c modular_robots/modular_ws/src/controller/include/src/Kalman.o
                0x0000000008006fb0                Kalman_Filtresi::Run(float*, float*)
 .text._ZN15Kalman_FiltresiD2Ev
                0x00000000080072bc       0x14 modular_robots/modular_ws/src/controller/include/src/Kalman.o
                0x00000000080072bc                Kalman_Filtresi::~Kalman_Filtresi()
                0x00000000080072bc                Kalman_Filtresi::~Kalman_Filtresi()
 .text._ZN13LowPassFilterC2Eff
                0x00000000080072d0       0x94 modular_robots/modular_ws/src/controller/include/src/LowPassFilter.o
                0x00000000080072d0                LowPassFilter::LowPassFilter(float, float)
                0x00000000080072d0                LowPassFilter::LowPassFilter(float, float)
 .text._ZN3PIDC2Ev
                0x0000000008007364       0x60 modular_robots/modular_ws/src/controller/include/src/PID.o
                0x0000000008007364                PID::PID()
                0x0000000008007364                PID::PID()
 .text._ZN3PID7P_AngleEddd
                0x00000000080073c4       0x42 modular_robots/modular_ws/src/controller/include/src/PID.o
                0x00000000080073c4                PID::P_Angle(double, double, double)
 *fill*         0x0000000008007406        0x2 
 .text._ZN3PID7PD_RateEddddd
                0x0000000008007408      0x268 modular_robots/modular_ws/src/controller/include/src/PID.o
                0x0000000008007408                PID::PD_Rate(double, double, double, double, double)
 .text._ZN3PID5resetEv
                0x0000000008007670       0x2a modular_robots/modular_ws/src/controller/include/src/PID.o
                0x0000000008007670                PID::reset()
 .text._ZN3PID10P_Rate_YawEddd
                0x000000000800769a       0x5a modular_robots/modular_ws/src/controller/include/src/PID.o
                0x000000000800769a                PID::P_Rate_Yaw(double, double, double)
 .text._ZN3PID3sgnEd
                0x00000000080076f4       0x64 modular_robots/modular_ws/src/controller/include/src/PID.o
                0x00000000080076f4                PID::sgn(double)
 .text._ZN3PID3SatEdiii
                0x0000000008007758       0x8c modular_robots/modular_ws/src/controller/include/src/PID.o
                0x0000000008007758                PID::Sat(double, int, int, int)
 .text._ZN3PID3SatEdii
                0x00000000080077e4       0x72 modular_robots/modular_ws/src/controller/include/src/PID.o
                0x00000000080077e4                PID::Sat(double, int, int)
 .text._ZN3PID7pwm2angEt
                0x0000000008007856       0x50 modular_robots/modular_ws/src/controller/include/src/PID.o
                0x0000000008007856                PID::pwm2ang(unsigned short)
 .text._ZN3PID8pwm2rateEt
                0x00000000080078a6       0x52 modular_robots/modular_ws/src/controller/include/src/PID.o
                0x00000000080078a6                PID::pwm2rate(unsigned short)
 .text._ZN3PID7pwm2motEti
                0x00000000080078f8       0x90 modular_robots/modular_ws/src/controller/include/src/PID.o
                0x00000000080078f8                PID::pwm2mot(unsigned short, int)
 .text._ZN3PIDD2Ev
                0x0000000008007988       0x14 modular_robots/modular_ws/src/controller/include/src/PID.o
                0x0000000008007988                PID::~PID()
                0x0000000008007988                PID::~PID()
 .text._ZdlPv   0x000000000800799c        0x4 c:/st/stm32cubeide_1.6.1/stm32cubeide/plugins/com.st.stm32cube.ide.mcu.externaltools.gnu-tools-for-stm32.9-2020-q2-update.win32_1.5.0.202011040924/tools/bin/../lib/gcc/arm-none-eabi/9.3.1/../../../../arm-none-eabi/lib/thumb/v7-m/nofp\libstdc++_nano.a(del_op.o)
                0x000000000800799c                operator delete(void*)
 .text._Znwj    0x00000000080079a0       0x22 c:/st/stm32cubeide_1.6.1/stm32cubeide/plugins/com.st.stm32cube.ide.mcu.externaltools.gnu-tools-for-stm32.9-2020-q2-update.win32_1.5.0.202011040924/tools/bin/../lib/gcc/arm-none-eabi/9.3.1/../../../../arm-none-eabi/lib/thumb/v7-m/nofp\libstdc++_nano.a(new_op.o)
                0x00000000080079a0                operator new(unsigned int)
 .text.unlikely._ZSt17__throw_bad_allocv
                0x00000000080079c2        0x6 c:/st/stm32cubeide_1.6.1/stm32cubeide/plugins/com.st.stm32cube.ide.mcu.externaltools.gnu-tools-for-stm32.9-2020-q2-update.win32_1.5.0.202011040924/tools/bin/../lib/gcc/arm-none-eabi/9.3.1/../../../../arm-none-eabi/lib/thumb/v7-m/nofp\libstdc++_nano.a(functexcept.o)
                0x00000000080079c2                std::__throw_bad_alloc()
 .text.unlikely._ZSt20__throw_length_errorPKc
                0x00000000080079c8        0x6 c:/st/stm32cubeide_1.6.1/stm32cubeide/plugins/com.st.stm32cube.ide.mcu.externaltools.gnu-tools-for-stm32.9-2020-q2-update.win32_1.5.0.202011040924/tools/bin/../lib/gcc/arm-none-eabi/9.3.1/../../../../arm-none-eabi/lib/thumb/v7-m/nofp\libstdc++_nano.a(functexcept.o)
                0x00000000080079c8                std::__throw_length_error(char const*)
 *fill*         0x00000000080079ce        0x2 
 .text._ZSt15get_new_handlerv
                0x00000000080079d0       0x10 c:/st/stm32cubeide_1.6.1/stm32cubeide/plugins/com.st.stm32cube.ide.mcu.externaltools.gnu-tools-for-stm32.9-2020-q2-update.win32_1.5.0.202011040924/tools/bin/../lib/gcc/arm-none-eabi/9.3.1/../../../../arm-none-eabi/lib/thumb/v7-m/nofp\libstdc++_nano.a(new_handler.o)
                0x00000000080079d0                std::get_new_handler()
 .text.exp      0x00000000080079e0       0x80 c:/st/stm32cubeide_1.6.1/stm32cubeide/plugins/com.st.stm32cube.ide.mcu.externaltools.gnu-tools-for-stm32.9-2020-q2-update.win32_1.5.0.202011040924/tools/bin/../lib/gcc/arm-none-eabi/9.3.1/../../../../arm-none-eabi/lib/thumb/v7-m/nofp\libm.a(lib_a-w_exp.o)
                0x00000000080079e0                exp
 .text.asinf    0x0000000008007a60       0x4c c:/st/stm32cubeide_1.6.1/stm32cubeide/plugins/com.st.stm32cube.ide.mcu.externaltools.gnu-tools-for-stm32.9-2020-q2-update.win32_1.5.0.202011040924/tools/bin/../lib/gcc/arm-none-eabi/9.3.1/../../../../arm-none-eabi/lib/thumb/v7-m/nofp\libm.a(lib_a-wf_asin.o)
                0x0000000008007a60                asinf
 .text.sqrtf    0x0000000008007aac       0x44 c:/st/stm32cubeide_1.6.1/stm32cubeide/plugins/com.st.stm32cube.ide.mcu.externaltools.gnu-tools-for-stm32.9-2020-q2-update.win32_1.5.0.202011040924/tools/bin/../lib/gcc/arm-none-eabi/9.3.1/../../../../arm-none-eabi/lib/thumb/v7-m/nofp\libm.a(lib_a-wf_sqrt.o)
                0x0000000008007aac                sqrtf
 .text.__ieee754_exp
                0x0000000008007af0      0x2d4 c:/st/stm32cubeide_1.6.1/stm32cubeide/plugins/com.st.stm32cube.ide.mcu.externaltools.gnu-tools-for-stm32.9-2020-q2-update.win32_1.5.0.202011040924/tools/bin/../lib/gcc/arm-none-eabi/9.3.1/../../../../arm-none-eabi/lib/thumb/v7-m/nofp\libm.a(lib_a-e_exp.o)
                0x0000000008007af0                __ieee754_exp
 .text.__ieee754_asinf
                0x0000000008007dc4      0x288 c:/st/stm32cubeide_1.6.1/stm32cubeide/plugins/com.st.stm32cube.ide.mcu.externaltools.gnu-tools-for-stm32.9-2020-q2-update.win32_1.5.0.202011040924/tools/bin/../lib/gcc/arm-none-eabi/9.3.1/../../../../arm-none-eabi/lib/thumb/v7-m/nofp\libm.a(lib_a-ef_asin.o)
                0x0000000008007dc4                __ieee754_asinf
 .text.__ieee754_sqrtf
                0x000000000800804c       0xa2 c:/st/stm32cubeide_1.6.1/stm32cubeide/plugins/com.st.stm32cube.ide.mcu.externaltools.gnu-tools-for-stm32.9-2020-q2-update.win32_1.5.0.202011040924/tools/bin/../lib/gcc/arm-none-eabi/9.3.1/../../../../arm-none-eabi/lib/thumb/v7-m/nofp\libm.a(lib_a-ef_sqrt.o)
                0x000000000800804c                __ieee754_sqrtf
 .text.finite   0x00000000080080ee        0xc c:/st/stm32cubeide_1.6.1/stm32cubeide/plugins/com.st.stm32cube.ide.mcu.externaltools.gnu-tools-for-stm32.9-2020-q2-update.win32_1.5.0.202011040924/tools/bin/../lib/gcc/arm-none-eabi/9.3.1/../../../../arm-none-eabi/lib/thumb/v7-m/nofp\libm.a(lib_a-s_finite.o)
                0x00000000080080ee                finite
 .text.fabsf    0x00000000080080fa        0x6 c:/st/stm32cubeide_1.6.1/stm32cubeide/plugins/com.st.stm32cube.ide.mcu.externaltools.gnu-tools-for-stm32.9-2020-q2-update.win32_1.5.0.202011040924/tools/bin/../lib/gcc/arm-none-eabi/9.3.1/../../../../arm-none-eabi/lib/thumb/v7-m/nofp\libm.a(lib_a-sf_fabs.o)
                0x00000000080080fa                fabsf
 .text.nanf     0x0000000008008100        0x8 c:/st/stm32cubeide_1.6.1/stm32cubeide/plugins/com.st.stm32cube.ide.mcu.externaltools.gnu-tools-for-stm32.9-2020-q2-update.win32_1.5.0.202011040924/tools/bin/../lib/gcc/arm-none-eabi/9.3.1/../../../../arm-none-eabi/lib/thumb/v7-m/nofp\libm.a(lib_a-sf_nan.o)
                0x0000000008008100                nanf
 .text.abort    0x0000000008008108        0xe c:/st/stm32cubeide_1.6.1/stm32cubeide/plugins/com.st.stm32cube.ide.mcu.externaltools.gnu-tools-for-stm32.9-2020-q2-update.win32_1.5.0.202011040924/tools/bin/../lib/gcc/arm-none-eabi/9.3.1/../../../../arm-none-eabi/lib/thumb/v7-m/nofp\libc_nano.a(lib_a-abort.o)
                0x0000000008008108                abort
 *fill*         0x0000000008008116        0x2 
 .text.__errno  0x0000000008008118        0xc c:/st/stm32cubeide_1.6.1/stm32cubeide/plugins/com.st.stm32cube.ide.mcu.externaltools.gnu-tools-for-stm32.9-2020-q2-update.win32_1.5.0.202011040924/tools/bin/../lib/gcc/arm-none-eabi/9.3.1/../../../../arm-none-eabi/lib/thumb/v7-m/nofp\libc_nano.a(lib_a-errno.o)
                0x0000000008008118                __errno
 .text.__libc_init_array
                0x0000000008008124       0x48 c:/st/stm32cubeide_1.6.1/stm32cubeide/plugins/com.st.stm32cube.ide.mcu.externaltools.gnu-tools-for-stm32.9-2020-q2-update.win32_1.5.0.202011040924/tools/bin/../lib/gcc/arm-none-eabi/9.3.1/../../../../arm-none-eabi/lib/thumb/v7-m/nofp\libc_nano.a(lib_a-init.o)
                0x0000000008008124                __libc_init_array
 .text.malloc   0x000000000800816c       0x10 c:/st/stm32cubeide_1.6.1/stm32cubeide/plugins/com.st.stm32cube.ide.mcu.externaltools.gnu-tools-for-stm32.9-2020-q2-update.win32_1.5.0.202011040924/tools/bin/../lib/gcc/arm-none-eabi/9.3.1/../../../../arm-none-eabi/lib/thumb/v7-m/nofp\libc_nano.a(lib_a-malloc.o)
                0x000000000800816c                malloc
 .text.free     0x000000000800817c       0x10 c:/st/stm32cubeide_1.6.1/stm32cubeide/plugins/com.st.stm32cube.ide.mcu.externaltools.gnu-tools-for-stm32.9-2020-q2-update.win32_1.5.0.202011040924/tools/bin/../lib/gcc/arm-none-eabi/9.3.1/../../../../arm-none-eabi/lib/thumb/v7-m/nofp\libc_nano.a(lib_a-malloc.o)
                0x000000000800817c                free
 .text.memcpy   0x000000000800818c       0x1c c:/st/stm32cubeide_1.6.1/stm32cubeide/plugins/com.st.stm32cube.ide.mcu.externaltools.gnu-tools-for-stm32.9-2020-q2-update.win32_1.5.0.202011040924/tools/bin/../lib/gcc/arm-none-eabi/9.3.1/../../../../arm-none-eabi/lib/thumb/v7-m/nofp\libc_nano.a(lib_a-memcpy-stub.o)
                0x000000000800818c                memcpy
 .text.memmove  0x00000000080081a8       0x34 c:/st/stm32cubeide_1.6.1/stm32cubeide/plugins/com.st.stm32cube.ide.mcu.externaltools.gnu-tools-for-stm32.9-2020-q2-update.win32_1.5.0.202011040924/tools/bin/../lib/gcc/arm-none-eabi/9.3.1/../../../../arm-none-eabi/lib/thumb/v7-m/nofp\libc_nano.a(lib_a-memmove.o)
                0x00000000080081a8                memmove
 .text.memset   0x00000000080081dc       0x10 c:/st/stm32cubeide_1.6.1/stm32cubeide/plugins/com.st.stm32cube.ide.mcu.externaltools.gnu-tools-for-stm32.9-2020-q2-update.win32_1.5.0.202011040924/tools/bin/../lib/gcc/arm-none-eabi/9.3.1/../../../../arm-none-eabi/lib/thumb/v7-m/nofp\libc_nano.a(lib_a-memset.o)
                0x00000000080081dc                memset
 .text._free_r  0x00000000080081ec       0x98 c:/st/stm32cubeide_1.6.1/stm32cubeide/plugins/com.st.stm32cube.ide.mcu.externaltools.gnu-tools-for-stm32.9-2020-q2-update.win32_1.5.0.202011040924/tools/bin/../lib/gcc/arm-none-eabi/9.3.1/../../../../arm-none-eabi/lib/thumb/v7-m/nofp\libc_nano.a(lib_a-nano-freer.o)
                0x00000000080081ec                _free_r
 .text._malloc_r
                0x0000000008008284       0xb4 c:/st/stm32cubeide_1.6.1/stm32cubeide/plugins/com.st.stm32cube.ide.mcu.externaltools.gnu-tools-for-stm32.9-2020-q2-update.win32_1.5.0.202011040924/tools/bin/../lib/gcc/arm-none-eabi/9.3.1/../../../../arm-none-eabi/lib/thumb/v7-m/nofp\libc_nano.a(lib_a-nano-mallocr.o)
                0x0000000008008284                _malloc_r
 .text._sbrk_r  0x0000000008008338       0x20 c:/st/stm32cubeide_1.6.1/stm32cubeide/plugins/com.st.stm32cube.ide.mcu.externaltools.gnu-tools-for-stm32.9-2020-q2-update.win32_1.5.0.202011040924/tools/bin/../lib/gcc/arm-none-eabi/9.3.1/../../../../arm-none-eabi/lib/thumb/v7-m/nofp\libc_nano.a(lib_a-sbrkr.o)
                0x0000000008008338                _sbrk_r
 .text._raise_r
                0x0000000008008358       0x50 c:/st/stm32cubeide_1.6.1/stm32cubeide/plugins/com.st.stm32cube.ide.mcu.externaltools.gnu-tools-for-stm32.9-2020-q2-update.win32_1.5.0.202011040924/tools/bin/../lib/gcc/arm-none-eabi/9.3.1/../../../../arm-none-eabi/lib/thumb/v7-m/nofp\libc_nano.a(lib_a-signal.o)
                0x0000000008008358                _raise_r
 .text.raise    0x00000000080083a8       0x10 c:/st/stm32cubeide_1.6.1/stm32cubeide/plugins/com.st.stm32cube.ide.mcu.externaltools.gnu-tools-for-stm32.9-2020-q2-update.win32_1.5.0.202011040924/tools/bin/../lib/gcc/arm-none-eabi/9.3.1/../../../../arm-none-eabi/lib/thumb/v7-m/nofp\libc_nano.a(lib_a-signal.o)
                0x00000000080083a8                raise
 .text._kill_r  0x00000000080083b8       0x24 c:/st/stm32cubeide_1.6.1/stm32cubeide/plugins/com.st.stm32cube.ide.mcu.externaltools.gnu-tools-for-stm32.9-2020-q2-update.win32_1.5.0.202011040924/tools/bin/../lib/gcc/arm-none-eabi/9.3.1/../../../../arm-none-eabi/lib/thumb/v7-m/nofp\libc_nano.a(lib_a-signalr.o)
                0x00000000080083b8                _kill_r
 .text._getpid_r
                0x00000000080083dc        0x4 c:/st/stm32cubeide_1.6.1/stm32cubeide/plugins/com.st.stm32cube.ide.mcu.externaltools.gnu-tools-for-stm32.9-2020-q2-update.win32_1.5.0.202011040924/tools/bin/../lib/gcc/arm-none-eabi/9.3.1/../../../../arm-none-eabi/lib/thumb/v7-m/nofp\libc_nano.a(lib_a-signalr.o)
                0x00000000080083dc                _getpid_r
 .text.__retarget_lock_acquire_recursive
                0x00000000080083e0        0x2 c:/st/stm32cubeide_1.6.1/stm32cubeide/plugins/com.st.stm32cube.ide.mcu.externaltools.gnu-tools-for-stm32.9-2020-q2-update.win32_1.5.0.202011040924/tools/bin/../lib/gcc/arm-none-eabi/9.3.1/../../../../arm-none-eabi/lib/thumb/v7-m/nofp\libc_nano.a(lib_a-lock.o)
                0x00000000080083e0                __retarget_lock_acquire_recursive
 .text.__retarget_lock_release_recursive
                0x00000000080083e2        0x2 c:/st/stm32cubeide_1.6.1/stm32cubeide/plugins/com.st.stm32cube.ide.mcu.externaltools.gnu-tools-for-stm32.9-2020-q2-update.win32_1.5.0.202011040924/tools/bin/../lib/gcc/arm-none-eabi/9.3.1/../../../../arm-none-eabi/lib/thumb/v7-m/nofp\libc_nano.a(lib_a-lock.o)
                0x00000000080083e2                __retarget_lock_release_recursive
 .text.__malloc_lock
                0x00000000080083e4        0xc c:/st/stm32cubeide_1.6.1/stm32cubeide/plugins/com.st.stm32cube.ide.mcu.externaltools.gnu-tools-for-stm32.9-2020-q2-update.win32_1.5.0.202011040924/tools/bin/../lib/gcc/arm-none-eabi/9.3.1/../../../../arm-none-eabi/lib/thumb/v7-m/nofp\libc_nano.a(lib_a-mlock.o)
                0x00000000080083e4                __malloc_lock
 .text.__malloc_unlock
                0x00000000080083f0        0xc c:/st/stm32cubeide_1.6.1/stm32cubeide/plugins/com.st.stm32cube.ide.mcu.externaltools.gnu-tools-for-stm32.9-2020-q2-update.win32_1.5.0.202011040924/tools/bin/../lib/gcc/arm-none-eabi/9.3.1/../../../../arm-none-eabi/lib/thumb/v7-m/nofp\libc_nano.a(lib_a-mlock.o)
                0x00000000080083f0                __malloc_unlock
 *(.glue_7)
 .glue_7        0x00000000080083fc        0x0 linker stubs
 *(.glue_7t)
 .glue_7t       0x00000000080083fc        0x0 linker stubs
 *(.eh_frame)
 .eh_frame      0x00000000080083fc        0x0 c:/st/stm32cubeide_1.6.1/stm32cubeide/plugins/com.st.stm32cube.ide.mcu.externaltools.gnu-tools-for-stm32.9-2020-q2-update.win32_1.5.0.202011040924/tools/bin/../lib/gcc/arm-none-eabi/9.3.1/thumb/v7-m/nofp/crtbegin.o
 *(.init)
 .init          0x00000000080083fc        0x4 c:/st/stm32cubeide_1.6.1/stm32cubeide/plugins/com.st.stm32cube.ide.mcu.externaltools.gnu-tools-for-stm32.9-2020-q2-update.win32_1.5.0.202011040924/tools/bin/../lib/gcc/arm-none-eabi/9.3.1/thumb/v7-m/nofp/crti.o
                0x00000000080083fc                _init
 .init          0x0000000008008400        0x8 c:/st/stm32cubeide_1.6.1/stm32cubeide/plugins/com.st.stm32cube.ide.mcu.externaltools.gnu-tools-for-stm32.9-2020-q2-update.win32_1.5.0.202011040924/tools/bin/../lib/gcc/arm-none-eabi/9.3.1/thumb/v7-m/nofp/crtn.o
 *(.fini)
 .fini          0x0000000008008408        0x4 c:/st/stm32cubeide_1.6.1/stm32cubeide/plugins/com.st.stm32cube.ide.mcu.externaltools.gnu-tools-for-stm32.9-2020-q2-update.win32_1.5.0.202011040924/tools/bin/../lib/gcc/arm-none-eabi/9.3.1/thumb/v7-m/nofp/crti.o
                0x0000000008008408                _fini
 .fini          0x000000000800840c        0x8 c:/st/stm32cubeide_1.6.1/stm32cubeide/plugins/com.st.stm32cube.ide.mcu.externaltools.gnu-tools-for-stm32.9-2020-q2-update.win32_1.5.0.202011040924/tools/bin/../lib/gcc/arm-none-eabi/9.3.1/thumb/v7-m/nofp/crtn.o
                0x0000000008008414                . = ALIGN (0x4)
                0x0000000008008414                _etext = .

.vfp11_veneer   0x0000000008008414        0x0
 .vfp11_veneer  0x0000000008008414        0x0 linker stubs

.v4_bx          0x0000000008008414        0x0
 .v4_bx         0x0000000008008414        0x0 linker stubs

.iplt           0x0000000008008414        0x0
 .iplt          0x0000000008008414        0x0 c:/st/stm32cubeide_1.6.1/stm32cubeide/plugins/com.st.stm32cube.ide.mcu.externaltools.gnu-tools-for-stm32.9-2020-q2-update.win32_1.5.0.202011040924/tools/bin/../lib/gcc/arm-none-eabi/9.3.1/thumb/v7-m/nofp/crtbegin.o

.rodata         0x0000000008008418       0xf0
                0x0000000008008418                . = ALIGN (0x4)
 *(.rodata)
 .rodata        0x0000000008008418       0x10 Drivers/STM32F1xx_HAL_Driver/Src/stm32f1xx_hal_rcc.o
 .rodata        0x0000000008008428       0x31 modular_robots/modular_ws/src/controller/include/src/Controller.o
 *(.rodata*)
 *fill*         0x0000000008008459        0x3 
 .rodata.AHBPrescTable
                0x000000000800845c       0x10 Core/Src/system_stm32f1xx.o
                0x000000000800845c                AHBPrescTable
 .rodata.APBPrescTable
                0x000000000800846c        0x8 Core/Src/system_stm32f1xx.o
                0x000000000800846c                APBPrescTable
 .rodata.asinf.str1.1
                0x0000000008008474        0x1 c:/st/stm32cubeide_1.6.1/stm32cubeide/plugins/com.st.stm32cube.ide.mcu.externaltools.gnu-tools-for-stm32.9-2020-q2-update.win32_1.5.0.202011040924/tools/bin/../lib/gcc/arm-none-eabi/9.3.1/../../../../arm-none-eabi/lib/thumb/v7-m/nofp\libm.a(lib_a-wf_asin.o)
 *fill*         0x0000000008008475        0x3 
 .rodata.halF   0x0000000008008478       0x10 c:/st/stm32cubeide_1.6.1/stm32cubeide/plugins/com.st.stm32cube.ide.mcu.externaltools.gnu-tools-for-stm32.9-2020-q2-update.win32_1.5.0.202011040924/tools/bin/../lib/gcc/arm-none-eabi/9.3.1/../../../../arm-none-eabi/lib/thumb/v7-m/nofp\libm.a(lib_a-e_exp.o)
 .rodata.ln2HI  0x0000000008008488       0x10 c:/st/stm32cubeide_1.6.1/stm32cubeide/plugins/com.st.stm32cube.ide.mcu.externaltools.gnu-tools-for-stm32.9-2020-q2-update.win32_1.5.0.202011040924/tools/bin/../lib/gcc/arm-none-eabi/9.3.1/../../../../arm-none-eabi/lib/thumb/v7-m/nofp\libm.a(lib_a-e_exp.o)
 .rodata.ln2LO  0x0000000008008498       0x10 c:/st/stm32cubeide_1.6.1/stm32cubeide/plugins/com.st.stm32cube.ide.mcu.externaltools.gnu-tools-for-stm32.9-2020-q2-update.win32_1.5.0.202011040924/tools/bin/../lib/gcc/arm-none-eabi/9.3.1/../../../../arm-none-eabi/lib/thumb/v7-m/nofp\libm.a(lib_a-e_exp.o)
 .rodata.__sf_fake_stderr
                0x00000000080084a8       0x20 c:/st/stm32cubeide_1.6.1/stm32cubeide/plugins/com.st.stm32cube.ide.mcu.externaltools.gnu-tools-for-stm32.9-2020-q2-update.win32_1.5.0.202011040924/tools/bin/../lib/gcc/arm-none-eabi/9.3.1/../../../../arm-none-eabi/lib/thumb/v7-m/nofp\libc_nano.a(lib_a-findfp.o)
                0x00000000080084a8                __sf_fake_stderr
 .rodata.__sf_fake_stdin
                0x00000000080084c8       0x20 c:/st/stm32cubeide_1.6.1/stm32cubeide/plugins/com.st.stm32cube.ide.mcu.externaltools.gnu-tools-for-stm32.9-2020-q2-update.win32_1.5.0.202011040924/tools/bin/../lib/gcc/arm-none-eabi/9.3.1/../../../../arm-none-eabi/lib/thumb/v7-m/nofp\libc_nano.a(lib_a-findfp.o)
                0x00000000080084c8                __sf_fake_stdin
 .rodata.__sf_fake_stdout
                0x00000000080084e8       0x20 c:/st/stm32cubeide_1.6.1/stm32cubeide/plugins/com.st.stm32cube.ide.mcu.externaltools.gnu-tools-for-stm32.9-2020-q2-update.win32_1.5.0.202011040924/tools/bin/../lib/gcc/arm-none-eabi/9.3.1/../../../../arm-none-eabi/lib/thumb/v7-m/nofp\libc_nano.a(lib_a-findfp.o)
                0x00000000080084e8                __sf_fake_stdout
                0x0000000008008508                . = ALIGN (0x4)

.rel.dyn        0x0000000008008508        0x0
 .rel.iplt      0x0000000008008508        0x0 c:/st/stm32cubeide_1.6.1/stm32cubeide/plugins/com.st.stm32cube.ide.mcu.externaltools.gnu-tools-for-stm32.9-2020-q2-update.win32_1.5.0.202011040924/tools/bin/../lib/gcc/arm-none-eabi/9.3.1/thumb/v7-m/nofp/crtbegin.o

.ARM.extab      0x0000000008008508        0x0
                0x0000000008008508                . = ALIGN (0x4)
 *(.ARM.extab* .gnu.linkonce.armextab.*)
                0x0000000008008508                . = ALIGN (0x4)

.ARM            0x0000000008008508        0x0
                0x0000000008008508                . = ALIGN (0x4)
                0x0000000008008508                __exidx_start = .
 *(.ARM.exidx*)
                0x0000000008008508                __exidx_end = .
                0x0000000008008508                . = ALIGN (0x4)

.preinit_array  0x0000000008008508        0x0
                0x0000000008008508                . = ALIGN (0x4)
                0x0000000008008508                PROVIDE (__preinit_array_start = .)
 *(.preinit_array*)
                0x0000000008008508                PROVIDE (__preinit_array_end = .)
                0x0000000008008508                . = ALIGN (0x4)

.init_array     0x0000000008008508        0x8
                0x0000000008008508                . = ALIGN (0x4)
                0x0000000008008508                PROVIDE (__init_array_start = .)
 *(SORT_BY_NAME(.init_array.*))
 *(.init_array*)
 .init_array    0x0000000008008508        0x4 c:/st/stm32cubeide_1.6.1/stm32cubeide/plugins/com.st.stm32cube.ide.mcu.externaltools.gnu-tools-for-stm32.9-2020-q2-update.win32_1.5.0.202011040924/tools/bin/../lib/gcc/arm-none-eabi/9.3.1/thumb/v7-m/nofp/crtbegin.o
 .init_array    0x000000000800850c        0x4 Core/Src/main.o
                0x0000000008008510                PROVIDE (__init_array_end = .)
                0x0000000008008510                . = ALIGN (0x4)

.fini_array     0x0000000008008510        0x8
                0x0000000008008510                . = ALIGN (0x4)
                [!provide]                        PROVIDE (__fini_array_start = .)
 *(SORT_BY_NAME(.fini_array.*))
 *(.fini_array*)
 .fini_array    0x0000000008008510        0x4 c:/st/stm32cubeide_1.6.1/stm32cubeide/plugins/com.st.stm32cube.ide.mcu.externaltools.gnu-tools-for-stm32.9-2020-q2-update.win32_1.5.0.202011040924/tools/bin/../lib/gcc/arm-none-eabi/9.3.1/thumb/v7-m/nofp/crtbegin.o
 .fini_array    0x0000000008008514        0x4 Core/Src/main.o
                [!provide]                        PROVIDE (__fini_array_end = .)
                0x0000000008008518                . = ALIGN (0x4)
                0x0000000008008518                _sidata = LOADADDR (.data)

.data           0x0000000020000000       0x70 load address 0x0000000008008518
                0x0000000020000000                . = ALIGN (0x4)
                0x0000000020000000                _sdata = .
 *(.data)
 *(.data*)
 .data.SystemCoreClock
                0x0000000020000000        0x4 Core/Src/system_stm32f1xx.o
                0x0000000020000000                SystemCoreClock
 .data.uwTickPrio
                0x0000000020000004        0x4 Drivers/STM32F1xx_HAL_Driver/Src/stm32f1xx_hal.o
                0x0000000020000004                uwTickPrio
 .data.uwTickFreq
                0x0000000020000008        0x1 Drivers/STM32F1xx_HAL_Driver/Src/stm32f1xx_hal.o
                0x0000000020000008                uwTickFreq
 .data.__fdlib_version
                0x0000000020000009        0x1 c:/st/stm32cubeide_1.6.1/stm32cubeide/plugins/com.st.stm32cube.ide.mcu.externaltools.gnu-tools-for-stm32.9-2020-q2-update.win32_1.5.0.202011040924/tools/bin/../lib/gcc/arm-none-eabi/9.3.1/../../../../arm-none-eabi/lib/thumb/v7-m/nofp\libm.a(lib_a-s_lib_ver.o)
                0x0000000020000009                __fdlib_version
 *fill*         0x000000002000000a        0x2 
 .data._impure_ptr
                0x000000002000000c        0x4 c:/st/stm32cubeide_1.6.1/stm32cubeide/plugins/com.st.stm32cube.ide.mcu.externaltools.gnu-tools-for-stm32.9-2020-q2-update.win32_1.5.0.202011040924/tools/bin/../lib/gcc/arm-none-eabi/9.3.1/../../../../arm-none-eabi/lib/thumb/v7-m/nofp\libc_nano.a(lib_a-impure.o)
                0x000000002000000c                _impure_ptr
 .data.impure_data
                0x0000000020000010       0x60 c:/st/stm32cubeide_1.6.1/stm32cubeide/plugins/com.st.stm32cube.ide.mcu.externaltools.gnu-tools-for-stm32.9-2020-q2-update.win32_1.5.0.202011040924/tools/bin/../lib/gcc/arm-none-eabi/9.3.1/../../../../arm-none-eabi/lib/thumb/v7-m/nofp\libc_nano.a(lib_a-impure.o)
 *(.RamFunc)
 *(.RamFunc*)
                0x0000000020000070                . = ALIGN (0x4)
                0x0000000020000070                _edata = .

.igot.plt       0x0000000020000070        0x0 load address 0x0000000008008588
 .igot.plt      0x0000000020000070        0x0 c:/st/stm32cubeide_1.6.1/stm32cubeide/plugins/com.st.stm32cube.ide.mcu.externaltools.gnu-tools-for-stm32.9-2020-q2-update.win32_1.5.0.202011040924/tools/bin/../lib/gcc/arm-none-eabi/9.3.1/thumb/v7-m/nofp/crtbegin.o
                0x0000000020000070                . = ALIGN (0x4)

.bss            0x0000000020000070      0x794 load address 0x0000000008008588
                0x0000000020000070                _sbss = .
                0x0000000020000070                __bss_start__ = _sbss
 *(.bss)
 .bss           0x0000000020000070       0x1c c:/st/stm32cubeide_1.6.1/stm32cubeide/plugins/com.st.stm32cube.ide.mcu.externaltools.gnu-tools-for-stm32.9-2020-q2-update.win32_1.5.0.202011040924/tools/bin/../lib/gcc/arm-none-eabi/9.3.1/thumb/v7-m/nofp/crtbegin.o
 *(.bss*)
 .bss.hi2c1     0x000000002000008c       0x54 Core/Src/main.o
                0x000000002000008c                hi2c1
 .bss.htim1     0x00000000200000e0       0x48 Core/Src/main.o
                0x00000000200000e0                htim1
 .bss.htim2     0x0000000020000128       0x48 Core/Src/main.o
                0x0000000020000128                htim2
 .bss.htim3     0x0000000020000170       0x48 Core/Src/main.o
                0x0000000020000170                htim3
 .bss.htim4     0x00000000200001b8       0x48 Core/Src/main.o
                0x00000000200001b8                htim4
 .bss.huart2    0x0000000020000200       0x40 Core/Src/main.o
                0x0000000020000200                huart2
 .bss.gyroX     0x0000000020000240        0x4 Core/Src/main.o
                0x0000000020000240                gyroX
 .bss.gyroY     0x0000000020000244        0x4 Core/Src/main.o
                0x0000000020000244                gyroY
 .bss.gyroZ     0x0000000020000248        0x4 Core/Src/main.o
                0x0000000020000248                gyroZ
 .bss.accX      0x000000002000024c        0x4 Core/Src/main.o
                0x000000002000024c                accX
 .bss.accY      0x0000000020000250        0x4 Core/Src/main.o
                0x0000000020000250                accY
 .bss.accZ      0x0000000020000254        0x4 Core/Src/main.o
                0x0000000020000254                accZ
 .bss.GyroXh    0x0000000020000258        0x4 Core/Src/main.o
                0x0000000020000258                GyroXh
 .bss.GyroYh    0x000000002000025c        0x4 Core/Src/main.o
                0x000000002000025c                GyroYh
 .bss.GyroZh    0x0000000020000260        0x4 Core/Src/main.o
                0x0000000020000260                GyroZh
 .bss.pitch_acc
                0x0000000020000264        0x4 Core/Src/main.o
                0x0000000020000264                pitch_acc
 .bss.ie_roll_sat
                0x0000000020000268        0x4 Core/Src/main.o
                0x0000000020000268                ie_roll_sat
 .bss.state_des
                0x000000002000026c       0x24 Core/Src/main.o
                0x000000002000026c                state_des
 .bss.state     0x0000000020000290       0x24 Core/Src/main.o
                0x0000000020000290                state
 .bss.telem_pack
                0x00000000200002b4       0x6c Core/Src/main.o
                0x00000000200002b4                telem_pack
 .bss.buf       0x0000000020000320       0x6c Core/Src/main.o
                0x0000000020000320                buf
 *fill*         0x000000002000038c        0x4 
 .bss.EKF       0x0000000020000390      0x148 Core/Src/main.o
                0x0000000020000390                EKF
 .bss.pid       0x00000000200004d8       0x70 Core/Src/main.o
                0x00000000200004d8                pid
 .bss.controller
                0x0000000020000548      0x220 Core/Src/main.o
                0x0000000020000548                controller
 .bss.controller_output
                0x0000000020000768       0x10 Core/Src/main.o
                0x0000000020000768                controller_output
 .bss.controller_output_ang
                0x0000000020000778        0xc Core/Src/main.o
                0x0000000020000778                controller_output_ang
 .bss.w1        0x0000000020000784        0x2 Core/Src/main.o
                0x0000000020000784                w1
 .bss.w2        0x0000000020000786        0x2 Core/Src/main.o
                0x0000000020000786                w2
 .bss.w3        0x0000000020000788        0x2 Core/Src/main.o
                0x0000000020000788                w3
 .bss.w4        0x000000002000078a        0x2 Core/Src/main.o
                0x000000002000078a                w4
 .bss.IC_Val2   0x000000002000078c        0x4 Core/Src/main.o
                0x000000002000078c                IC_Val2
 .bss.IC_Val1   0x0000000020000790        0x4 Core/Src/main.o
                0x0000000020000790                IC_Val1
 .bss.Diff      0x0000000020000794        0x4 Core/Src/main.o
                0x0000000020000794                Diff
 .bss.i         0x0000000020000798        0x2 Core/Src/main.o
                0x0000000020000798                i
 *fill*         0x000000002000079a        0x2 
 .bss.ch        0x000000002000079c       0x24 Core/Src/main.o
                0x000000002000079c                ch
 .bss.sync      0x00000000200007c0        0x2 Core/Src/main.o
                0x00000000200007c0                sync
 *fill*         0x00000000200007c2        0x2 
 .bss.arm_timer
                0x00000000200007c4        0x4 Core/Src/main.o
                0x00000000200007c4                arm_timer
 .bss.disarm_timer
                0x00000000200007c8        0x4 Core/Src/main.o
                0x00000000200007c8                disarm_timer
 .bss.sent_time
                0x00000000200007cc        0x4 Core/Src/main.o
                0x00000000200007cc                sent_time
 .bss.arm_start
                0x00000000200007d0        0x1 Core/Src/main.o
                0x00000000200007d0                arm_start
 .bss.armed     0x00000000200007d1        0x1 Core/Src/main.o
                0x00000000200007d1                armed
 .bss.motor_start
                0x00000000200007d2        0x1 Core/Src/main.o
                0x00000000200007d2                motor_start
 .bss.disarm_start
                0x00000000200007d3        0x1 Core/Src/main.o
                0x00000000200007d3                disarm_start
 *fill*         0x00000000200007d4        0x4 
 .bss.w_ang     0x00000000200007d8        0x8 Core/Src/main.o
                0x00000000200007d8                w_ang
 .bss.__sbrk_heap_end
                0x00000000200007e0        0x4 Core/Src/sysmem.o
 .bss._ZN12_GLOBAL__N_113__new_handlerE
                0x00000000200007e4        0x4 c:/st/stm32cubeide_1.6.1/stm32cubeide/plugins/com.st.stm32cube.ide.mcu.externaltools.gnu-tools-for-stm32.9-2020-q2-update.win32_1.5.0.202011040924/tools/bin/../lib/gcc/arm-none-eabi/9.3.1/../../../../arm-none-eabi/lib/thumb/v7-m/nofp\libstdc++_nano.a(new_handler.o)
 .bss.__malloc_free_list
                0x00000000200007e8        0x4 c:/st/stm32cubeide_1.6.1/stm32cubeide/plugins/com.st.stm32cube.ide.mcu.externaltools.gnu-tools-for-stm32.9-2020-q2-update.win32_1.5.0.202011040924/tools/bin/../lib/gcc/arm-none-eabi/9.3.1/../../../../arm-none-eabi/lib/thumb/v7-m/nofp\libc_nano.a(lib_a-nano-mallocr.o)
                0x00000000200007e8                __malloc_free_list
 .bss.__malloc_sbrk_start
                0x00000000200007ec        0x4 c:/st/stm32cubeide_1.6.1/stm32cubeide/plugins/com.st.stm32cube.ide.mcu.externaltools.gnu-tools-for-stm32.9-2020-q2-update.win32_1.5.0.202011040924/tools/bin/../lib/gcc/arm-none-eabi/9.3.1/../../../../arm-none-eabi/lib/thumb/v7-m/nofp\libc_nano.a(lib_a-nano-mallocr.o)
                0x00000000200007ec                __malloc_sbrk_start
 *(COMMON)
 COMMON         0x00000000200007f0        0x4 Drivers/STM32F1xx_HAL_Driver/Src/stm32f1xx_hal.o
                0x00000000200007f0                uwTick
 COMMON         0x00000000200007f4        0x9 c:/st/stm32cubeide_1.6.1/stm32cubeide/plugins/com.st.stm32cube.ide.mcu.externaltools.gnu-tools-for-stm32.9-2020-q2-update.win32_1.5.0.202011040924/tools/bin/../lib/gcc/arm-none-eabi/9.3.1/../../../../arm-none-eabi/lib/thumb/v7-m/nofp\libc_nano.a(lib_a-lock.o)
                0x00000000200007f4                __lock___atexit_recursive_mutex
                0x00000000200007f5                __lock___arc4random_mutex
                0x00000000200007f6                __lock___env_recursive_mutex
                0x00000000200007f7                __lock___sinit_recursive_mutex
                0x00000000200007f8                __lock___malloc_recursive_mutex
                0x00000000200007f9                __lock___at_quick_exit_mutex
                0x00000000200007fa                __lock___dd_hash_mutex
                0x00000000200007fb                __lock___tz_mutex
                0x00000000200007fc                __lock___sfp_recursive_mutex
 *fill*         0x00000000200007fd        0x3 
 COMMON         0x0000000020000800        0x4 c:/st/stm32cubeide_1.6.1/stm32cubeide/plugins/com.st.stm32cube.ide.mcu.externaltools.gnu-tools-for-stm32.9-2020-q2-update.win32_1.5.0.202011040924/tools/bin/../lib/gcc/arm-none-eabi/9.3.1/../../../../arm-none-eabi/lib/thumb/v7-m/nofp\libc_nano.a(lib_a-reent.o)
                0x0000000020000800                errno
                0x0000000020000804                . = ALIGN (0x4)
                0x0000000020000804                _ebss = .
                0x0000000020000804                __bss_end__ = _ebss

._user_heap_stack
                0x0000000020000804      0x604 load address 0x0000000008008588
                0x0000000020000808                . = ALIGN (0x8)
 *fill*         0x0000000020000804        0x4 
                [!provide]                        PROVIDE (end = .)
                0x0000000020000808                PROVIDE (_end = .)
                0x0000000020000a08                . = (. + _Min_Heap_Size)
 *fill*         0x0000000020000808      0x200 
                0x0000000020000e08                . = (. + _Min_Stack_Size)
 *fill*         0x0000000020000a08      0x400 
                0x0000000020000e08                . = ALIGN (0x8)

/DISCARD/
 libc.a(*)
 libm.a(*)
 libgcc.a(*)

.ARM.attributes
                0x0000000000000000       0x29
 *(.ARM.attributes)
 .ARM.attributes
                0x0000000000000000       0x1d c:/st/stm32cubeide_1.6.1/stm32cubeide/plugins/com.st.stm32cube.ide.mcu.externaltools.gnu-tools-for-stm32.9-2020-q2-update.win32_1.5.0.202011040924/tools/bin/../lib/gcc/arm-none-eabi/9.3.1/thumb/v7-m/nofp/crti.o
 .ARM.attributes
                0x000000000000001d       0x2d c:/st/stm32cubeide_1.6.1/stm32cubeide/plugins/com.st.stm32cube.ide.mcu.externaltools.gnu-tools-for-stm32.9-2020-q2-update.win32_1.5.0.202011040924/tools/bin/../lib/gcc/arm-none-eabi/9.3.1/thumb/v7-m/nofp/crtbegin.o
 .ARM.attributes
                0x000000000000004a       0x2d Core/Src/main.o
 .ARM.attributes
                0x0000000000000077       0x2d Core/Src/stm32f1xx_hal_msp.o
 .ARM.attributes
                0x00000000000000a4       0x2d Core/Src/stm32f1xx_it.o
 .ARM.attributes
                0x00000000000000d1       0x2d Core/Src/syscalls.o
 .ARM.attributes
                0x00000000000000fe       0x2d Core/Src/sysmem.o
 .ARM.attributes
                0x000000000000012b       0x2d Core/Src/system_stm32f1xx.o
 .ARM.attributes
                0x0000000000000158       0x21 Core/Startup/startup_stm32f103c8tx.o
 .ARM.attributes
                0x0000000000000179       0x2d Drivers/STM32F1xx_HAL_Driver/Src/stm32f1xx_hal.o
 .ARM.attributes
                0x00000000000001a6       0x2d Drivers/STM32F1xx_HAL_Driver/Src/stm32f1xx_hal_cortex.o
 .ARM.attributes
                0x00000000000001d3       0x2d Drivers/STM32F1xx_HAL_Driver/Src/stm32f1xx_hal_gpio.o
 .ARM.attributes
                0x0000000000000200       0x2d Drivers/STM32F1xx_HAL_Driver/Src/stm32f1xx_hal_i2c.o
 .ARM.attributes
                0x000000000000022d       0x2d Drivers/STM32F1xx_HAL_Driver/Src/stm32f1xx_hal_rcc.o
 .ARM.attributes
                0x000000000000025a       0x2d Drivers/STM32F1xx_HAL_Driver/Src/stm32f1xx_hal_tim.o
 .ARM.attributes