core_cm3.h:1876:26:uint32_t ITM_SendChar(uint32_t)	16	static,ignoring_inline_asm
cmath:106:3:constexpr float std::asin(float)	16	static
cmath:463:3:constexpr float std::sqrt(float)	16	static
stl_vector.h:125:14:std::_Vector_base<int, std::allocator<int> >::_Vector_impl::~_Vector_impl()	16	static
stl_vector.h:285:7:std::_Vector_base<_Tp, _Alloc>::_Vector_base() [with _Tp = int; _Alloc = std::allocator<int>]	16	static
stl_vector.h:484:7:std::vector<_Tp, _Alloc>::vector() [with _Tp = int; _Alloc = std::allocator<int>]	16	static
main.cpp:144:5:int __io_putchar(int)	16	static
main.cpp:151:6:void Delay(long int)	16	static
main.cpp:166:5:int main()	8	static
main.cpp:256:6:void SystemClock_Config()	72	static
main.cpp:295:13:void MX_I2C1_Init()	8	static
main.cpp:329:13:void MX_TIM1_Init()	80	static
main.cpp:406:13:void MX_TIM2_Init()	32	static
main.cpp:451:13:void MX_TIM3_Init()	48	static
main.cpp:509:13:void MX_TIM4_Init()	32	static
main.cpp:554:13:void MX_USART2_UART_Init()	8	static
main.cpp:587:13:void MX_GPIO_Init()	40	static
main.cpp:630:6:void MPU6050_Baslat()	32	static
main.cpp:640:6:void Check_Arm()	8	static
main.cpp:663:6:void Check_Disarm()	8	static
main.cpp:685:6:void TelemPack()	12	static
main.cpp:697:9:int16_t GyroOku(uint8_t)	40	static
main.cpp:704:7:float GyroErr(uint8_t)	24	static
main.cpp:717:6:void PWMYaz()	8	static
main.cpp:736:6:void MotorBaslat()	8	static
main.cpp:745:5:int _write(int32_t, uint8_t*, int32_t)	32	static
main.cpp:754:6:void HAL_TIM_PeriodElapsedCallback(TIM_HandleTypeDef*)	144	static
main.cpp:807:6:void HAL_TIM_IC_CaptureCallback(TIM_HandleTypeDef*)	16	static
main.cpp:854:6:void Error_Handler()	4	static,ignoring_inline_asm
stl_vector.h:128:2:std::_Vector_base<_Tp, _Alloc>::_Vector_impl::_Vector_impl() [with _Tp = int; _Alloc = std::allocator<int>]	16	static
allocator.h:153:7:std::allocator< <template-parameter-1-1> >::~allocator() [with _Tp = int]	16	static
stl_vector.h:330:7:std::_Vector_base<_Tp, _Alloc>::~_Vector_base() [with _Tp = int; _Alloc = std::allocator<int>]	16	static
stl_vector.h:1040:7:std::vector<_Tp, _Alloc>::reference std::vector<_Tp, _Alloc>::operator[](std::vector<_Tp, _Alloc>::size_type) [with _Tp = int; _Alloc = std::allocator<int>]	16	static
stl_vector.h:675:7:std::vector<_Tp, _Alloc>::~vector() [with _Tp = double; _Alloc = std::allocator<double>]	24	static
alloc_traits.h:103:27:static constexpr bool __gnu_cxx::__alloc_traits<_Alloc, <template-parameter-1-2> >::_S_propagate_on_copy_assign() [with _Alloc = std::allocator<int>; <template-parameter-1-2> = int]	4	static
alloc_traits.h:112:27:static constexpr bool __gnu_cxx::__alloc_traits<_Alloc, <template-parameter-1-2> >::_S_always_equal() [with _Alloc = std::allocator<int>; <template-parameter-1-2> = int]	4	static
vector.tcc:198:5:std::vector<_Tp, _Alloc>& std::vector<_Tp, _Alloc>::operator=(const std::vector<_Tp, _Alloc>&) [with _Tp = int; _Alloc = std::allocator<int>]	40	static
allocator.h:138:7:std::allocator< <template-parameter-1-1> >::allocator() [with _Tp = int]	16	static
stl_vector.h:94:2:std::_Vector_base<_Tp, _Alloc>::_Vector_impl_data::_Vector_impl_data() [with _Tp = int; _Alloc = std::allocator<int>]	16	static
new_allocator.h:89:7:__gnu_cxx::new_allocator<_Tp>::~new_allocator() [with _Tp = int]	16	static
stl_vector.h:347:7:void std::_Vector_base<_Tp, _Alloc>::_M_deallocate(std::_Vector_base<_Tp, _Alloc>::pointer, std::size_t) [with _Tp = int; _Alloc = std::allocator<int>]	24	static
stl_vector.h:125:14:std::_Vector_base<double, std::allocator<double> >::_Vector_impl::~_Vector_impl()	16	static
stl_vector.h:330:7:std::_Vector_base<_Tp, _Alloc>::~_Vector_base() [with _Tp = double; _Alloc = std::allocator<double>]	16	static
stl_vector.h:273:7:std::_Vector_base<_Tp, _Alloc>::_Tp_alloc_type& std::_Vector_base<_Tp, _Alloc>::_M_get_Tp_allocator() [with _Tp = double; _Alloc = std::allocator<double>]	16	static
stl_construct.h:203:5:void std::_Destroy(_ForwardIterator, _ForwardIterator, std::allocator<_T2>&) [with _ForwardIterator = double*; _Tp = double]	24	static
stl_vector.h:273:7:std::_Vector_base<_Tp, _Alloc>::_Tp_alloc_type& std::_Vector_base<_Tp, _Alloc>::_M_get_Tp_allocator() [with _Tp = int; _Alloc = std::allocator<int>]	16	static
stl_vector.h:277:7:const _Tp_alloc_type& std::_Vector_base<_Tp, _Alloc>::_M_get_Tp_allocator() const [with _Tp = int; _Alloc = std::allocator<int>]	16	static
allocator.h:160:7:bool std::operator!=(const std::allocator<int>&, const std::allocator<int>&)	16	static
stl_vector.h:1495:7:void std::vector<_Tp, _Alloc>::clear() [with _Tp = int; _Alloc = std::allocator<int>]	16	static
alloc_traits.h:530:17:void std::__alloc_on_copy(_Alloc&, const _Alloc&) [with _Alloc = std::allocator<int>]	24	static
stl_vector.h:915:7:std::vector<_Tp, _Alloc>::size_type std::vector<_Tp, _Alloc>::size() const [with _Tp = int; _Alloc = std::allocator<int>]	16	static
stl_vector.h:995:7:std::vector<_Tp, _Alloc>::size_type std::vector<_Tp, _Alloc>::capacity() const [with _Tp = int; _Alloc = std::allocator<int>]	16	static
stl_vector.h:817:7:std::vector<_Tp, _Alloc>::const_iterator std::vector<_Tp, _Alloc>::begin() const [with _Tp = int; _Alloc = std::allocator<int>]	24	static
stl_vector.h:835:7:std::vector<_Tp, _Alloc>::const_iterator std::vector<_Tp, _Alloc>::end() const [with _Tp = int; _Alloc = std::allocator<int>]	24	static
stl_vector.h:1505:2:std::vector<_Tp, _Alloc>::pointer std::vector<_Tp, _Alloc>::_M_allocate_and_copy(std::vector<_Tp, _Alloc>::size_type, _ForwardIterator, _ForwardIterator) [with _ForwardIterator = __gnu_cxx::__normal_iterator<const int*, std::vector<int> >; _Tp = int; _Alloc = std::allocator<int>]	32	static
stl_construct.h:203:5:void std::_Destroy(_ForwardIterator, _ForwardIterator, std::allocator<_T2>&) [with _ForwardIterator = int*; _Tp = int]	24	static
stl_vector.h:808:7:std::vector<_Tp, _Alloc>::iterator std::vector<_Tp, _Alloc>::begin() [with _Tp = int; _Alloc = std::allocator<int>]	24	static
stl_algobase.h:465:5:_OI std::copy(_II, _II, _OI) [with _II = __gnu_cxx::__normal_iterator<const int*, std::vector<int> >; _OI = __gnu_cxx::__normal_iterator<int*, std::vector<int> >]	32	static
stl_vector.h:826:7:std::vector<_Tp, _Alloc>::iterator std::vector<_Tp, _Alloc>::end() [with _Tp = int; _Alloc = std::allocator<int>]	24	static
stl_construct.h:203:5:void std::_Destroy(_ForwardIterator, _ForwardIterator, std::allocator<_T2>&) [with _ForwardIterator = __gnu_cxx::__normal_iterator<int*, std::vector<int> >; _Tp = int]	24	static
stl_algobase.h:465:5:_OI std::copy(_II, _II, _OI) [with _II = int*; _OI = int*]	32	static
stl_uninitialized.h:305:5:_ForwardIterator std::__uninitialized_copy_a(_InputIterator, _InputIterator, _ForwardIterator, std::allocator<_Tp>&) [with _InputIterator = int*; _ForwardIterator = int*; _Tp = int]	24	static
new_allocator.h:80:7:__gnu_cxx::new_allocator<_Tp>::new_allocator() [with _Tp = int]	16	static
alloc_traits.h:469:7:static void std::allocator_traits<std::allocator<_Tp1> >::deallocate(std::allocator_traits<std::allocator<_Tp1> >::allocator_type&, std::allocator_traits<std::allocator<_Tp1> >::pointer, std::allocator_traits<std::allocator<_Tp1> >::size_type) [with _Tp = int]	24	static
allocator.h:153:7:std::allocator< <template-parameter-1-1> >::~allocator() [with _Tp = double]	16	static
stl_vector.h:347:7:void std::_Vector_base<_Tp, _Alloc>::_M_deallocate(std::_Vector_base<_Tp, _Alloc>::pointer, std::size_t) [with _Tp = double; _Alloc = std::allocator<double>]	24	static
stl_construct.h:127:5:void std::_Destroy(_ForwardIterator, _ForwardIterator) [with _ForwardIterator = double*]	16	static
stl_vector.h:1789:7:void std::vector<_Tp, _Alloc>::_M_erase_at_end(std::vector<_Tp, _Alloc>::pointer) [with _Tp = int; _Alloc = std::allocator<int>]	32	static
alloc_traits.h:526:5:void std::__do_alloc_on_copy(_Alloc&, const _Alloc&, std::false_type) [with _Alloc = std::allocator<int>]	24	static
stl_iterator.h:806:7:__gnu_cxx::__normal_iterator<_Iterator, _Container>::__normal_iterator(const _Iterator&) [with _Iterator = const int*; _Container = std::vector<int>]	16	static
stl_vector.h:340:7:std::_Vector_base<_Tp, _Alloc>::pointer std::_Vector_base<_Tp, _Alloc>::_M_allocate(std::size_t) [with _Tp = int; _Alloc = std::allocator<int>]	16	static
stl_uninitialized.h:305:5:_ForwardIterator std::__uninitialized_copy_a(_InputIterator, _InputIterator, _ForwardIterator, std::allocator<_Tp>&) [with _InputIterator = __gnu_cxx::__normal_iterator<const int*, std::vector<int> >; _ForwardIterator = int*; _Tp = int]	24	static
stl_construct.h:127:5:void std::_Destroy(_ForwardIterator, _ForwardIterator) [with _ForwardIterator = int*]	16	static
stl_iterator.h:806:7:__gnu_cxx::__normal_iterator<_Iterator, _Container>::__normal_iterator(const _Iterator&) [with _Iterator = int*; _Container = std::vector<int>]	16	static
cpp_type_traits.h:428:5:_Iterator std::__miter_base(_Iterator) [with _Iterator = __gnu_cxx::__normal_iterator<const int*, std::vector<int> >]	16	static
stl_algobase.h:438:5:_OI std::__copy_move_a2(_II, _II, _OI) [with bool _IsMove = false; _II = __gnu_cxx::__normal_iterator<const int*, std::vector<int> >; _OI = __gnu_cxx::__normal_iterator<int*, std::vector<int> >]	32	static
stl_construct.h:127:5:void std::_Destroy(_ForwardIterator, _ForwardIterator) [with _ForwardIterator = __gnu_cxx::__normal_iterator<int*, std::vector<int> >]	16	static
cpp_type_traits.h:428:5:_Iterator std::__miter_base(_Iterator) [with _Iterator = int*]	16	static
stl_algobase.h:438:5:_OI std::__copy_move_a2(_II, _II, _OI) [with bool _IsMove = false; _II = int*; _OI = int*]	32	static
stl_uninitialized.h:115:5:_ForwardIterator std::uninitialized_copy(_InputIterator, _InputIterator, _ForwardIterator) [with _InputIterator = int*; _ForwardIterator = int*]	32	static
new_allocator.h:119:7:void __gnu_cxx::new_allocator<_Tp>::deallocate(__gnu_cxx::new_allocator<_Tp>::pointer, __gnu_cxx::new_allocator<_Tp>::size_type) [with _Tp = int]	24	static
new_allocator.h:89:7:__gnu_cxx::new_allocator<_Tp>::~new_allocator() [with _Tp = double]	16	static
alloc_traits.h:469:7:static void std::allocator_traits<std::allocator<_Tp1> >::deallocate(std::allocator_traits<std::allocator<_Tp1> >::allocator_type&, std::allocator_traits<std::allocator<_Tp1> >::pointer, std::allocator_traits<std::allocator<_Tp1> >::size_type) [with _Tp = double]	24	static
stl_construct.h:117:9:static void std::_Destroy_aux<true>::__destroy(_ForwardIterator, _ForwardIterator) [with _ForwardIterator = double*]	16	static
alloc_traits.h:443:7:static _Tp* std::allocator_traits<std::allocator<_Tp1> >::allocate(std::allocator_traits<std::allocator<_Tp1> >::allocator_type&, std::allocator_traits<std::allocator<_Tp1> >::size_type) [with _Tp = int]	16	static
stl_uninitialized.h:115:5:_ForwardIterator std::uninitialized_copy(_InputIterator, _InputIterator, _ForwardIterator) [with _InputIterator = __gnu_cxx::__normal_iterator<const int*, std::vector<int> >; _ForwardIterator = int*]	32	static
stl_construct.h:117:9:static void std::_Destroy_aux<true>::__destroy(_ForwardIterator, _ForwardIterator) [with _ForwardIterator = int*]	16	static
stl_iterator.h:1010:5:_Iterator std::__niter_base(__gnu_cxx::__normal_iterator<_Iterator, _Container>) [with _Iterator = const int*; _Container = std::vector<int>]	16	static
stl_iterator.h:1010:5:_Iterator std::__niter_base(__gnu_cxx::__normal_iterator<_Iterator, _Container>) [with _Iterator = int*; _Container = std::vector<int>]	16	static
stl_algobase.h:393:5:_OI std::__copy_move_a(_II, _II, _OI) [with bool _IsMove = false; _II = const int*; _OI = int*]	32	static
stl_algobase.h:289:5:_From std::__niter_wrap(_From, _To) [with _From = __gnu_cxx::__normal_iterator<int*, std::vector<int> >; _To = int*]	16	static
stl_construct.h:117:9:static void std::_Destroy_aux<true>::__destroy(_ForwardIterator, _ForwardIterator) [with _ForwardIterator = __gnu_cxx::__normal_iterator<int*, std::vector<int> >]	16	static
stl_algobase.h:280:5:_Iterator std::__niter_base(_Iterator) [with _Iterator = int*]	16	static
stl_algobase.h:393:5:_OI std::__copy_move_a(_II, _II, _OI) [with bool _IsMove = false; _II = int*; _OI = int*]	32	static
stl_algobase.h:295:5:_Iterator std::__niter_wrap(const _Iterator&, _Iterator) [with _Iterator = int*]	16	static
stl_uninitialized.h:99:9:static _ForwardIterator std::__uninitialized_copy<true>::__uninit_copy(_InputIterator, _InputIterator, _ForwardIterator) [with _InputIterator = int*; _ForwardIterator = int*]	24	static
new_allocator.h:119:7:void __gnu_cxx::new_allocator<_Tp>::deallocate(__gnu_cxx::new_allocator<_Tp>::pointer, __gnu_cxx::new_allocator<_Tp>::size_type) [with _Tp = double]	24	static
new_allocator.h:102:7:_Tp* __gnu_cxx::new_allocator<_Tp>::allocate(__gnu_cxx::new_allocator<_Tp>::size_type, const void*) [with _Tp = int]	24	static
stl_uninitialized.h:99:9:static _ForwardIterator std::__uninitialized_copy<true>::__uninit_copy(_InputIterator, _InputIterator, _ForwardIterator) [with _InputIterator = __gnu_cxx::__normal_iterator<const int*, std::vector<int> >; _ForwardIterator = int*]	24	static
stl_iterator.h:871:7:const _Iterator& __gnu_cxx::__normal_iterator<_Iterator, _Container>::base() const [with _Iterator = const int*; _Container = std::vector<int>]	16	static
stl_iterator.h:871:7:const _Iterator& __gnu_cxx::__normal_iterator<_Iterator, _Container>::base() const [with _Iterator = int*; _Container = std::vector<int>]	16	static
stl_algobase.h:375:2:static _Tp* std::__copy_move<_IsMove, true, std::random_access_iterator_tag>::__copy_m(const _Tp*, const _Tp*, _Tp*) [with _Tp = int; bool _IsMove = false]	32	static
stl_iterator.h:859:7:__gnu_cxx::__normal_iterator<_Iterator, _Container> __gnu_cxx::__normal_iterator<_Iterator, _Container>::operator+(__gnu_cxx::__normal_iterator<_Iterator, _Container>::difference_type) const [with _Iterator = int*; _Container = std::vector<int>]	24	static
new_allocator.h:132:7:__gnu_cxx::new_allocator<_Tp>::size_type __gnu_cxx::new_allocator<_Tp>::max_size() const [with _Tp = int]	16	static
stl_algobase.h:465:5:_OI std::copy(_II, _II, _OI) [with _II = __gnu_cxx::__normal_iterator<const int*, std::vector<int> >; _OI = int*]	32	static
stl_algobase.h:438:5:_OI std::__copy_move_a2(_II, _II, _OI) [with bool _IsMove = false; _II = __gnu_cxx::__normal_iterator<const int*, std::vector<int> >; _OI = int*]	32	static
main.cpp:863:1:void __static_initialization_and_destruction_0(int, int)	16	static
stl_vector.h:675:7:std::vector<_Tp, _Alloc>::~vector() [with _Tp = int; _Alloc = std::allocator<int>]	24	static
main.cpp:863:1:cpp)	8	static
main.cpp:863:1:cpp)	8	static
