std_abs.h:75:3:constexpr float std::abs(float)	16	static
cmath:106:3:constexpr float std::asin(float)	16	static
cmath:125:3:constexpr float std::atan(float)	16	static
cmath:144:3:constexpr float std::atan2(float, float)	16	static
cmath:184:3:constexpr float std::cos(float)	16	static
cmath:425:3:constexpr float std::sin(float)	16	static
cmath:463:3:constexpr float std::sqrt(float)	16	static
core_cm3.h:1876:26:uint32_t ITM_SendChar(uint32_t)	16	static,ignoring_inline_asm
bno055_stm32.h:20:6:void bno055_assignI2C(I2C_HandleTypeDef*)	16	static
bno055_stm32.h:24:6:void bno055_delay(int)	16	static
bno055_stm32.h:32:6:void bno055_writeData(uint8_t, uint8_t)	40	static
bno055_stm32.h:96:6:void bno055_readData(uint8_t, uint8_t*, uint8_t)	24	static
main.cpp:279:5:int __io_putchar(int)	16	static
main.cpp:286:6:void Delay(long int)	16	static
main.cpp:293:6:void HAL_UART_TxCpltCallback(UART_HandleTypeDef*)	24	static
main.cpp:329:5:int main()	136	static
main.cpp:526:6:void SystemClock_Config()	72	static
main.cpp:561:6:void MPU6050_Baslat()	32	static
main.cpp:585:6:void MagCalib(int16_t, int16_t, int16_t)	24	static
main.cpp:596:6:void checkMode(int)	16	static
main.cpp:623:6:void SwitchMag()	16	static
main.cpp:656:6:void CheckSwarm()	8	static
main.cpp:681:6:void CheckFailsafe()	16	static
main.cpp:709:6:void Check_Arm()	8	static
main.cpp:742:6:void Check_Disarm()	8	static
main.cpp:765:6:void TelemPack()	8	static
main.cpp:914:6:void SendTelem()	16	static
main.cpp:927:9:int16_t GyroOku(uint8_t)	40	static
main.cpp:934:6:void GPSInit()	72	static
main.cpp:956:7:float pwm2ang(short unsigned int)	40	static
main.cpp:981:7:float pwm2rate(short unsigned int)	32	static
main.cpp:997:9:int16_t AccOku(uint8_t)	40	static
cmath:475:5:constexpr typename __gnu_cxx::__enable_if<std::__is_integer<_Tp>::__value, double>::__type std::sqrt(_Tp) [with _Tp = int]	16	static
main.cpp:1004:17:attitude DCM2Euler(int16_t*, int16_t*)	72	static
main.cpp:1076:7:float square(float)	24	static
main.cpp:1081:6:void PWMYaz()	4	static
main.cpp:1162:7:float GyroErr(uint8_t)	24	static
main.cpp:1173:7:float AccErr(uint8_t)	24	static
main.cpp:1184:6:void MotorBaslat()	8	static
main.cpp:1193:5:int _write(int32_t, uint8_t*, int32_t)	32	static
main.cpp:1236:6:void HAL_TIM_PeriodElapsedCallback(TIM_HandleTypeDef*)	232	static
main.cpp:1522:6:void HAL_TIM_IC_CaptureCallback(TIM_HandleTypeDef*)	16	static
main.cpp:1586:6:void Error_Handler()	4	static,ignoring_inline_asm
main.cpp:1595:1:void __static_initialization_and_destruction_0(int, int)	16	static
main.cpp:1595:1:cpp)	8	static
main.cpp:1595:1:cpp)	8	static
