core_cm3.h:1876:26:uint32_t ITM_SendChar(uint32_t)	16	static,ignoring_inline_asm
std_abs.h:75:3:constexpr float std::abs(float)	16	static
cmath:87:3:constexpr float std::acos(float)	16	static
cmath:106:3:constexpr float std::asin(float)	16	static
cmath:184:3:constexpr float std::cos(float)	16	static
cmath:425:3:constexpr float std::sin(float)	16	static
cmath:463:3:constexpr float std::sqrt(float)	16	static
stl_vector.h:125:14:std::_Vector_base<float, std::allocator<float> >::_Vector_impl::~_Vector_impl()	16	static
stl_vector.h:285:7:std::_Vector_base<_Tp, _Alloc>::_Vector_base() [with _Tp = float; _Alloc = std::allocator<float>]	16	static
stl_vector.h:484:7:std::vector<_Tp, _Alloc>::vector() [with _Tp = float; _Alloc = std::allocator<float>]	16	static
main.cpp:207:5:int __io_putchar(int)	16	static
main.cpp:214:6:void Delay(long int)	16	static
main.cpp:229:5:int main()	8	static
main.cpp:334:6:void SystemClock_Config()	72	static
main.cpp:373:13:void MX_I2C1_Init()	8	static
main.cpp:407:13:void MX_TIM1_Init()	80	static
main.cpp:484:13:void MX_TIM2_Init()	32	static
main.cpp:529:13:void MX_TIM3_Init()	48	static
main.cpp:587:13:void MX_TIM4_Init()	32	static
main.cpp:632:13:void MX_USART1_UART_Init()	8	static
main.cpp:665:13:void MX_USART2_UART_Init()	8	static
main.cpp:696:13:void MX_DMA_Init()	16	static
main.cpp:714:13:void MX_GPIO_Init()	40	static
main.cpp:757:6:void MPU6050_Baslat()	32	static
main.cpp:777:6:void MagCalib(int16_t, int16_t, int16_t)	24	static
main.cpp:783:6:void checkMode(int)	16	static
main.cpp:804:6:void Check_Arm()	8	static
main.cpp:837:6:void Check_Disarm()	8	static
main.cpp:859:6:void TelemPack()	8	static
main.cpp:930:6:void SendTelem()	16	static
main.cpp:941:9:int16_t GyroOku(uint8_t)	40	static
main.cpp:949:9:int16_t AccOku(uint8_t)	40	static
main.cpp:956:17:attitude DCM2Euler(int16_t*, int16_t*)	72	static
cmath:415:5:constexpr typename __gnu_cxx::__promote_2<_Tp, _Up>::__type std::pow(_Tp, _Up) [with _Tp = float; _Up = int]	24	static
main.cpp:977:7:float square(float)	24	static
main.cpp:982:6:void PWMYaz()	8	static
main.cpp:1013:7:float GyroErr(uint8_t)	24	static
main.cpp:1024:7:float AccErr(uint8_t)	24	static
main.cpp:1035:6:void MotorBaslat()	8	static
main.cpp:1044:5:int _write(int32_t, uint8_t*, int32_t)	32	static
main.cpp:1053:6:void HAL_TIM_PeriodElapsedCallback(TIM_HandleTypeDef*)	152	static
main.cpp:1286:6:void HAL_TIM_IC_CaptureCallback(TIM_HandleTypeDef*)	16	static
main.cpp:1334:6:void Error_Handler()	4	static,ignoring_inline_asm
stl_vector.h:128:2:std::_Vector_base<_Tp, _Alloc>::_Vector_impl::_Vector_impl() [with _Tp = float; _Alloc = std::allocator<float>]	16	static
allocator.h:153:7:std::allocator< <template-parameter-1-1> >::~allocator() [with _Tp = float]	16	static
stl_vector.h:330:7:std::_Vector_base<_Tp, _Alloc>::~_Vector_base() [with _Tp = float; _Alloc = std::allocator<float>]	16	static
stl_vector.h:675:7:std::vector<_Tp, _Alloc>::~vector() [with _Tp = float; _Alloc = std::allocator<float>]	24	static
stl_vector.h:706:7:std::vector<_Tp, _Alloc>& std::vector<_Tp, _Alloc>::operator=(std::vector<_Tp, _Alloc>&&) [with _Tp = float; _Alloc = std::allocator<float>]	32	static
allocator.h:138:7:std::allocator< <template-parameter-1-1> >::allocator() [with _Tp = float]	16	static
stl_vector.h:94:2:std::_Vector_base<_Tp, _Alloc>::_Vector_impl_data::_Vector_impl_data() [with _Tp = float; _Alloc = std::allocator<float>]	16	static
new_allocator.h:89:7:__gnu_cxx::new_allocator<_Tp>::~new_allocator() [with _Tp = float]	16	static
stl_vector.h:347:7:void std::_Vector_base<_Tp, _Alloc>::_M_deallocate(std::_Vector_base<_Tp, _Alloc>::pointer, std::size_t) [with _Tp = float; _Alloc = std::allocator<float>]	24	static
stl_vector.h:273:7:std::_Vector_base<_Tp, _Alloc>::_Tp_alloc_type& std::_Vector_base<_Tp, _Alloc>::_M_get_Tp_allocator() [with _Tp = float; _Alloc = std::allocator<float>]	16	static
stl_construct.h:203:5:void std::_Destroy(_ForwardIterator, _ForwardIterator, std::allocator<_T2>&) [with _ForwardIterator = float*; _Tp = float]	24	static
move.h:99:5:constexpr typename std::remove_reference<_Tp>::type&& std::move(_Tp&&) [with _Tp = std::vector<float>&]	16	static
stl_vector.h:1812:7:void std::vector<_Tp, _Alloc>::_M_move_assign(std::vector<_Tp, _Alloc>&&, std::true_type) [with _Tp = float; _Alloc = std::allocator<float>]	48	static
new_allocator.h:80:7:__gnu_cxx::new_allocator<_Tp>::new_allocator() [with _Tp = float]	16	static
alloc_traits.h:469:7:static void std::allocator_traits<std::allocator<_Tp1> >::deallocate(std::allocator_traits<std::allocator<_Tp1> >::allocator_type&, std::allocator_traits<std::allocator<_Tp1> >::pointer, std::allocator_traits<std::allocator<_Tp1> >::size_type) [with _Tp = float]	24	static
stl_construct.h:127:5:void std::_Destroy(_ForwardIterator, _ForwardIterator) [with _ForwardIterator = float*]	16	static
stl_vector.h:281:7:std::_Vector_base<_Tp, _Alloc>::allocator_type std::_Vector_base<_Tp, _Alloc>::get_allocator() const [with _Tp = float; _Alloc = std::allocator<float>]	16	static
stl_vector.h:494:7:std::vector<_Tp, _Alloc>::vector(const allocator_type&) [with _Tp = float; _Alloc = std::allocator<float>]	16	static
stl_vector.h:114:2:void std::_Vector_base<_Tp, _Alloc>::_Vector_impl_data::_M_swap_data(std::_Vector_base<_Tp, _Alloc>::_Vector_impl_data&) [with _Tp = float; _Alloc = std::allocator<float>]	32	static
alloc_traits.h:553:17:void std::__alloc_on_move(_Alloc&, _Alloc&) [with _Alloc = std::allocator<float>]	24	static
new_allocator.h:119:7:void __gnu_cxx::new_allocator<_Tp>::deallocate(__gnu_cxx::new_allocator<_Tp>::pointer, __gnu_cxx::new_allocator<_Tp>::size_type) [with _Tp = float]	24	static
stl_construct.h:117:9:static void std::_Destroy_aux<true>::__destroy(_ForwardIterator, _ForwardIterator) [with _ForwardIterator = float*]	16	static
stl_vector.h:277:7:const _Tp_alloc_type& std::_Vector_base<_Tp, _Alloc>::_M_get_Tp_allocator() const [with _Tp = float; _Alloc = std::allocator<float>]	16	static
allocator.h:141:7:std::allocator< <template-parameter-1-1> >::allocator(const std::allocator< <template-parameter-1-1> >&) [with _Tp = float]	16	static
stl_vector.h:290:7:std::_Vector_base<_Tp, _Alloc>::_Vector_base(const allocator_type&) [with _Tp = float; _Alloc = std::allocator<float>]	16	static
stl_vector.h:106:2:void std::_Vector_base<_Tp, _Alloc>::_Vector_impl_data::_M_copy_data(const std::_Vector_base<_Tp, _Alloc>::_Vector_impl_data&) [with _Tp = float; _Alloc = std::allocator<float>]	16	static
alloc_traits.h:545:17:void std::__do_alloc_on_move(_Alloc&, _Alloc&, std::true_type) [with _Alloc = std::allocator<float>]	24	static
new_allocator.h:83:7:__gnu_cxx::new_allocator<_Tp>::new_allocator(const __gnu_cxx::new_allocator<_Tp>&) [with _Tp = float]	16	static
stl_vector.h:133:2:std::_Vector_base<_Tp, _Alloc>::_Vector_impl::_Vector_impl(const _Tp_alloc_type&) [with _Tp = float; _Alloc = std::allocator<float>]	16	static
move.h:99:5:constexpr typename std::remove_reference<_Tp>::type&& std::move(_Tp&&) [with _Tp = std::allocator<float>&]	16	static
main.cpp:1343:1:void __static_initialization_and_destruction_0(int, int)	16	static
main.cpp:1343:1:cpp)	8	static
main.cpp:1343:1:cpp)	8	static
