core_cm3.h:1876:26:uint32_t ITM_SendChar(uint32_t)	16	static,ignoring_inline_asm
std_abs.h:75:3:constexpr float std::abs(float)	16	static
cmath:106:3:constexpr float std::asin(float)	16	static
cmath:184:3:constexpr float std::cos(float)	16	static
cmath:463:3:constexpr float std::sqrt(float)	16	static
stl_vector.h:125:14:std::_Vector_base<double, std::allocator<double> >::_Vector_impl::~_Vector_impl()	16	static
stl_vector.h:285:7:std::_Vector_base<_Tp, _Alloc>::_Vector_base() [with _Tp = double; _Alloc = std::allocator<double>]	16	static
stl_vector.h:484:7:std::vector<_Tp, _Alloc>::vector() [with _Tp = double; _Alloc = std::allocator<double>]	16	static
main.cpp:165:5:int __io_putchar(int)	16	static
main.cpp:172:6:void Delay(long int)	16	static
main.cpp:187:5:int main()	8	static
main.cpp:265:6:void SystemClock_Config()	72	static
main.cpp:304:13:void MX_I2C1_Init()	8	static
main.cpp:338:13:void MX_TIM1_Init()	80	static
main.cpp:415:13:void MX_TIM2_Init()	32	static
main.cpp:460:13:void MX_TIM3_Init()	48	static
main.cpp:518:13:void MX_TIM4_Init()	32	static
main.cpp:563:13:void MX_USART2_UART_Init()	8	static
main.cpp:596:13:void MX_GPIO_Init()	40	static
main.cpp:639:6:void MPU6050_Baslat()	32	static
main.cpp:653:6:void Check_Arm()	8	static
main.cpp:678:6:void Check_Disarm()	8	static
main.cpp:700:6:void TelemPack()	8	static
main.cpp:748:6:void SendTelem()	16	static
main.cpp:759:9:int16_t GyroOku(uint8_t)	40	static
main.cpp:769:6:void PWMYaz()	4	static
main.cpp:786:7:float GyroErr(uint8_t)	24	static
main.cpp:797:6:void MotorBaslat()	8	static
main.cpp:806:5:int _write(int32_t, uint8_t*, int32_t)	32	static
main.cpp:815:6:void HAL_TIM_PeriodElapsedCallback(TIM_HandleTypeDef*)	144	static
main.cpp:929:6:void HAL_TIM_IC_CaptureCallback(TIM_HandleTypeDef*)	16	static
main.cpp:977:6:void Error_Handler()	4	static,ignoring_inline_asm
stl_vector.h:128:2:std::_Vector_base<_Tp, _Alloc>::_Vector_impl::_Vector_impl() [with _Tp = double; _Alloc = std::allocator<double>]	16	static
allocator.h:153:7:std::allocator< <template-parameter-1-1> >::~allocator() [with _Tp = double]	16	static
stl_vector.h:330:7:std::_Vector_base<_Tp, _Alloc>::~_Vector_base() [with _Tp = double; _Alloc = std::allocator<double>]	16	static
MedianFilter.h:10:3:MedianFilter<T, S>::MedianFilter() [with T = int; int S = 100]	16	static
stl_vector.h:675:7:std::vector<_Tp, _Alloc>::~vector() [with _Tp = double; _Alloc = std::allocator<double>]	24	static
stl_vector.h:706:7:std::vector<_Tp, _Alloc>& std::vector<_Tp, _Alloc>::operator=(std::vector<_Tp, _Alloc>&&) [with _Tp = double; _Alloc = std::allocator<double>]	32	static
allocator.h:138:7:std::allocator< <template-parameter-1-1> >::allocator() [with _Tp = double]	16	static
stl_vector.h:94:2:std::_Vector_base<_Tp, _Alloc>::_Vector_impl_data::_Vector_impl_data() [with _Tp = double; _Alloc = std::allocator<double>]	16	static
new_allocator.h:89:7:__gnu_cxx::new_allocator<_Tp>::~new_allocator() [with _Tp = double]	16	static
stl_vector.h:347:7:void std::_Vector_base<_Tp, _Alloc>::_M_deallocate(std::_Vector_base<_Tp, _Alloc>::pointer, std::size_t) [with _Tp = double; _Alloc = std::allocator<double>]	24	static
stl_vector.h:273:7:std::_Vector_base<_Tp, _Alloc>::_Tp_alloc_type& std::_Vector_base<_Tp, _Alloc>::_M_get_Tp_allocator() [with _Tp = double; _Alloc = std::allocator<double>]	16	static
stl_construct.h:203:5:void std::_Destroy(_ForwardIterator, _ForwardIterator, std::allocator<_T2>&) [with _ForwardIterator = double*; _Tp = double]	24	static
move.h:99:5:constexpr typename std::remove_reference<_Tp>::type&& std::move(_Tp&&) [with _Tp = std::vector<double>&]	16	static
stl_vector.h:1812:7:void std::vector<_Tp, _Alloc>::_M_move_assign(std::vector<_Tp, _Alloc>&&, std::true_type) [with _Tp = double; _Alloc = std::allocator<double>]	48	static
new_allocator.h:80:7:__gnu_cxx::new_allocator<_Tp>::new_allocator() [with _Tp = double]	16	static
alloc_traits.h:469:7:static void std::allocator_traits<std::allocator<_Tp1> >::deallocate(std::allocator_traits<std::allocator<_Tp1> >::allocator_type&, std::allocator_traits<std::allocator<_Tp1> >::pointer, std::allocator_traits<std::allocator<_Tp1> >::size_type) [with _Tp = double]	24	static
stl_construct.h:127:5:void std::_Destroy(_ForwardIterator, _ForwardIterator) [with _ForwardIterator = double*]	16	static
stl_vector.h:281:7:std::_Vector_base<_Tp, _Alloc>::allocator_type std::_Vector_base<_Tp, _Alloc>::get_allocator() const [with _Tp = double; _Alloc = std::allocator<double>]	16	static
stl_vector.h:494:7:std::vector<_Tp, _Alloc>::vector(const allocator_type&) [with _Tp = double; _Alloc = std::allocator<double>]	16	static
stl_vector.h:114:2:void std::_Vector_base<_Tp, _Alloc>::_Vector_impl_data::_M_swap_data(std::_Vector_base<_Tp, _Alloc>::_Vector_impl_data&) [with _Tp = double; _Alloc = std::allocator<double>]	32	static
alloc_traits.h:553:17:void std::__alloc_on_move(_Alloc&, _Alloc&) [with _Alloc = std::allocator<double>]	24	static
new_allocator.h:119:7:void __gnu_cxx::new_allocator<_Tp>::deallocate(__gnu_cxx::new_allocator<_Tp>::pointer, __gnu_cxx::new_allocator<_Tp>::size_type) [with _Tp = double]	24	static
stl_construct.h:117:9:static void std::_Destroy_aux<true>::__destroy(_ForwardIterator, _ForwardIterator) [with _ForwardIterator = double*]	16	static
stl_vector.h:277:7:const _Tp_alloc_type& std::_Vector_base<_Tp, _Alloc>::_M_get_Tp_allocator() const [with _Tp = double; _Alloc = std::allocator<double>]	16	static
allocator.h:141:7:std::allocator< <template-parameter-1-1> >::allocator(const std::allocator< <template-parameter-1-1> >&) [with _Tp = double]	16	static
stl_vector.h:290:7:std::_Vector_base<_Tp, _Alloc>::_Vector_base(const allocator_type&) [with _Tp = double; _Alloc = std::allocator<double>]	16	static
stl_vector.h:106:2:void std::_Vector_base<_Tp, _Alloc>::_Vector_impl_data::_M_copy_data(const std::_Vector_base<_Tp, _Alloc>::_Vector_impl_data&) [with _Tp = double; _Alloc = std::allocator<double>]	16	static
alloc_traits.h:545:17:void std::__do_alloc_on_move(_Alloc&, _Alloc&, std::true_type) [with _Alloc = std::allocator<double>]	24	static
new_allocator.h:83:7:__gnu_cxx::new_allocator<_Tp>::new_allocator(const __gnu_cxx::new_allocator<_Tp>&) [with _Tp = double]	16	static
stl_vector.h:133:2:std::_Vector_base<_Tp, _Alloc>::_Vector_impl::_Vector_impl(const _Tp_alloc_type&) [with _Tp = double; _Alloc = std::allocator<double>]	16	static
move.h:99:5:constexpr typename std::remove_reference<_Tp>::type&& std::move(_Tp&&) [with _Tp = std::allocator<double>&]	16	static
main.cpp:986:1:void __static_initialization_and_destruction_0(int, int)	16	static
main.cpp:986:1:cpp)	8	static
main.cpp:986:1:cpp)	8	static
