core_cm3.h:1876:26:uint32_t ITM_SendChar(uint32_t)	16	static,ignoring_inline_asm
std_abs.h:75:3:constexpr float std::abs(float)	16	static
cmath:106:3:constexpr float std::asin(float)	16	static
cmath:125:3:constexpr float std::atan(float)	16	static
cmath:144:3:constexpr float std::atan2(float, float)	16	static
cmath:184:3:constexpr float std::cos(float)	16	static
cmath:463:3:constexpr float std::sqrt(float)	16	static
main.cpp:276:5:int __io_putchar(int)	16	static
main.cpp:283:6:void Delay(long int)	16	static
main.cpp:290:6:void HAL_UART_TxCpltCallback(UART_HandleTypeDef*)	24	static
main.cpp:326:5:int main()	136	static
main.cpp:479:6:void SystemClock_Config()	72	static
main.cpp:514:6:void MPU6050_Baslat()	32	static
main.cpp:565:6:void MagCalib(int16_t, int16_t, int16_t)	24	static
main.cpp:576:6:void checkMode(int)	16	static
main.cpp:603:6:void SwitchMag()	16	static
main.cpp:636:6:void CheckSwarm()	8	static
main.cpp:661:6:void CheckFailsafe()	16	static
main.cpp:689:6:void Check_Arm()	8	static
main.cpp:722:6:void Check_Disarm()	8	static
main.cpp:745:6:void TelemPack()	8	static
main.cpp:849:6:void SendTelem()	16	static
main.cpp:862:9:int16_t GyroOku(uint8_t)	40	static
main.cpp:869:6:void GPSInit()	72	static
main.cpp:891:7:float pwm2ang(short unsigned int)	40	static
main.cpp:916:7:float pwm2rate(short unsigned int)	32	static
main.cpp:932:9:int16_t AccOku(uint8_t)	40	static
cmath:475:5:constexpr typename __gnu_cxx::__enable_if<std::__is_integer<_Tp>::__value, double>::__type std::sqrt(_Tp) [with _Tp = int]	16	static
main.cpp:939:17:attitude DCM2Euler(int16_t*, int16_t*)	72	static
main.cpp:1011:7:float square(float)	24	static
main.cpp:1016:6:void PWMYaz()	4	static
main.cpp:1097:7:float GyroErr(uint8_t)	24	static
main.cpp:1108:7:float AccErr(uint8_t)	24	static
main.cpp:1119:6:void MotorBaslat()	8	static
main.cpp:1128:5:int _write(int32_t, uint8_t*, int32_t)	32	static
main.cpp:1171:6:void HAL_TIM_PeriodElapsedCallback(TIM_HandleTypeDef*)	16	static
main.cpp:1445:6:void HAL_TIM_IC_CaptureCallback(TIM_HandleTypeDef*)	16	static
main.cpp:1509:6:void Error_Handler()	4	static,ignoring_inline_asm
main.cpp:1518:1:void __static_initialization_and_destruction_0(int, int)	16	static
main.cpp:1518:1:cpp)	8	static
main.cpp:1518:1:cpp)	8	static
