core_cm3.h:1876:26:uint32_t ITM_SendChar(uint32_t)	16	static,ignoring_inline_asm
std_abs.h:75:3:constexpr float std::abs(float)	16	static
cmath:106:3:constexpr float std::asin(float)	16	static
cmath:125:3:constexpr float std::atan(float)	16	static
cmath:144:3:constexpr float std::atan2(float, float)	16	static
cmath:184:3:constexpr float std::cos(float)	16	static
cmath:425:3:constexpr float std::sin(float)	16	static
cmath:463:3:constexpr float std::sqrt(float)	16	static
main.cpp:291:5:int __io_putchar(int)	16	static
main.cpp:298:6:void Delay(long int)	16	static
main.cpp:305:6:void HAL_UART_TxCpltCallback(UART_HandleTypeDef*)	24	static
main.cpp:338:5:int main()	16	static
main.cpp:468:6:void SystemClock_Config()	72	static
main.cpp:507:13:void MX_I2C1_Init()	8	static
main.cpp:541:13:void MX_TIM1_Init()	80	static
main.cpp:618:13:void MX_TIM2_Init()	32	static
main.cpp:663:13:void MX_TIM3_Init()	48	static
main.cpp:721:13:void MX_TIM4_Init()	32	static
main.cpp:766:13:void MX_USART1_UART_Init()	8	static
main.cpp:799:13:void MX_USART2_UART_Init()	8	static
main.cpp:832:13:void MX_USART3_UART_Init()	8	static
main.cpp:863:13:void MX_DMA_Init()	16	static
main.cpp:887:13:void MX_GPIO_Init()	40	static
main.cpp:930:6:void MPU6050_Baslat()	32	static
main.cpp:1021:6:void MagCalib(int16_t, int16_t, int16_t)	24	static
main.cpp:1032:6:void checkMode(int)	16	static
main.cpp:1059:6:void SwitchMag()	16	static
main.cpp:1092:6:void CheckSwarm()	8	static
main.cpp:1117:6:void CheckFailsafe()	16	static
main.cpp:1145:6:void Check_Arm()	8	static
main.cpp:1178:6:void Check_Disarm()	8	static
main.cpp:1201:6:void TelemPack()	8	static
main.cpp:1303:6:void SendTelem()	16	static
main.cpp:1316:9:int16_t GyroOku(uint8_t)	40	static
main.cpp:1323:6:void GPSInit()	72	static
main.cpp:1345:7:float pwm2ang(short unsigned int)	40	static
main.cpp:1370:7:float pwm2rate(short unsigned int)	32	static
main.cpp:1386:9:int16_t AccOku(uint8_t)	40	static
cmath:475:5:constexpr typename __gnu_cxx::__enable_if<std::__is_integer<_Tp>::__value, double>::__type std::sqrt(_Tp) [with _Tp = int]	16	static
main.cpp:1393:17:attitude DCM2Euler(int16_t*, int16_t*)	72	static
main.cpp:1465:7:float square(float)	24	static
main.cpp:1470:6:void PWMYaz()	4	static
main.cpp:1551:7:float GyroErr(uint8_t)	24	static
main.cpp:1562:7:float AccErr(uint8_t)	24	static
main.cpp:1573:6:void MotorBaslat()	8	static
main.cpp:1582:5:int _write(int32_t, uint8_t*, int32_t)	32	static
main.cpp:1591:6:void SetHome()	8	static
main.cpp:1615:6:void SetHome2()	4	static
main.cpp:1623:6:void HAL_TIM_PeriodElapsedCallback(TIM_HandleTypeDef*)	200	static
main.cpp:1955:6:void HAL_TIM_IC_CaptureCallback(TIM_HandleTypeDef*)	16	static
main.cpp:2019:6:void Error_Handler()	4	static,ignoring_inline_asm
main.cpp:2028:1:void __static_initialization_and_destruction_0(int, int)	16	static
main.cpp:2028:1:cpp)	8	static
main.cpp:2028:1:cpp)	8	static
