stm32f1xx_it.c:79:6:NMI_Handler	4	static
stm32f1xx_it.c:94:6:HardFault_Handler	4	static
stm32f1xx_it.c:113:6:MemManage_Handler	4	static
stm32f1xx_it.c:128:6:BusFault_Handler	4	static
stm32f1xx_it.c:143:6:UsageFault_Handler	4	static
stm32f1xx_it.c:158:6:SVC_Handler	4	static
stm32f1xx_it.c:171:6:DebugMon_Handler	4	static
stm32f1xx_it.c:184:6:PendSV_Handler	4	static
stm32f1xx_it.c:197:6:SysTick_Handler	8	static
stm32f1xx_it.c:219:6:DMA1_Channel5_IRQHandler	8	static
stm32f1xx_it.c:233:6:DMA1_Channel6_IRQHandler	8	static
stm32f1xx_it.c:247:6:DMA1_Channel7_IRQHandler	8	static
stm32f1xx_it.c:261:6:TIM2_IRQHandler	8	static
stm32f1xx_it.c:275:6:TIM3_IRQHandler	8	static
stm32f1xx_it.c:289:6:USART2_IRQHandler	8	static
stm32f1xx_it.c:303:6:USART3_IRQHandler	8	static
