stm32f1xx_it.c:75:6:NMI_Handler	4	static
stm32f1xx_it.c:90:6:HardFault_Handler	4	static
stm32f1xx_it.c:105:6:MemManage_Handler	4	static
stm32f1xx_it.c:120:6:BusFault_Handler	4	static
stm32f1xx_it.c:135:6:UsageFault_Handler	4	static
stm32f1xx_it.c:150:6:SVC_Handler	4	static
stm32f1xx_it.c:163:6:DebugMon_Handler	4	static
stm32f1xx_it.c:176:6:PendSV_Handler	4	static
stm32f1xx_it.c:189:6:SysTick_Handler	8	static
stm32f1xx_it.c:211:6:DMA1_Channel5_IRQHandler	8	static
stm32f1xx_it.c:225:6:TIM2_IRQHandler	8	static
stm32f1xx_it.c:239:6:TIM3_IRQHandler	8	static
stm32f1xx_it.c:253:6:USART3_IRQHandler	8	static
