UartRingbuffer.c:41:6:Ringbuf_init	4	static
UartRingbuffer.c:53:6:store_char	24	static
UartRingbuffer.c:69:5:check_for	32	static
UartRingbuffer.c:102:5:Uart_read	16	static
UartRingbuffer.c:119:6:Uart_write	24	static
UartRingbuffer.c:135:5:IsDataAvailable	4	static
UartRingbuffer.c:142:6:Uart_sendstring	16	static
UartRingbuffer.c:147:6:GetDataFromBuffer	56	static
UartRingbuffer.c:204:6:Uart_flush	8	static
UartRingbuffer.c:211:5:Uart_peek	4	static
UartRingbuffer.c:229:5:Copy_upto	32	static
UartRingbuffer.c:266:5:Get_after	32	static
UartRingbuffer.c:283:14:GetTail	4	static
UartRingbuffer.c:288:6:SetTail	16	static
UartRingbuffer.c:292:5:Wait_for	24	static
UartRingbuffer.c:348:6:Uart_isr	32	static
