std_abs.h:75:3:constexpr float std::abs(float)	16	static
cmath:463:3:constexpr float std::sqrt(float)	16	static
PID.cpp:3:1:PID::PID()	32	static
PID.cpp:5:7:float PID::P_Angle(float, float, float)	32	static
PID.cpp:13:7:float PID::P_Sqrt(float, float, float)	40	static
PID.cpp:23:7:float PID::PI_Vel(float, float, float, float, float, unsigned int)	48	static
PID.cpp:55:7:float PID::PID_Rate2(float, float, float, float, float, float, float)	40	static
PID.cpp:87:7:float PID::PD_Rate(float, float, float, float, float)	40	static
PID.cpp:120:6:void PID::reset()	16	static
PID.cpp:127:7:float PID::P_Rate_Yaw(float, float, float)	32	static
PID.cpp:137:9:uint8_t PID::sgn(float)	16	static
PID.cpp:143:8:float PID::Sat(float, int, int, int)	32	static
PID.cpp:168:8:float PID::Sat(float, int, int)	32	static
PID.cpp:189:7:float PID::pwm2ang(short unsigned int)	40	static
PID.cpp:208:7:float PID::pwm2rate(short unsigned int)	32	static
PID.cpp:218:7:float PID::pwm2mot(short unsigned int, int)	48	static
PID.cpp:227:14:unsigned int PID::F2thr(float)	40	static
PID.cpp:237:1:PID::~PID()	16	static
